test (3.10)	Set up job	﻿2026-03-22T06:40:41.3947275Z Current runner version: '2.332.0'
test (3.10)	Set up job	2026-03-22T06:40:41.3971646Z ##[group]Runner Image Provisioner
test (3.10)	Set up job	2026-03-22T06:40:41.3972497Z Hosted Compute Agent
test (3.10)	Set up job	2026-03-22T06:40:41.3973365Z Version: 20260213.493
test (3.10)	Set up job	2026-03-22T06:40:41.3974097Z Commit: 5c115507f6dd24b8de37d8bbe0bb4509d0cc0fa3
test (3.10)	Set up job	2026-03-22T06:40:41.3974766Z Build Date: 2026-02-13T00:28:41Z
test (3.10)	Set up job	2026-03-22T06:40:41.3975429Z Worker ID: {d5b94d81-9e16-497b-a370-11321149dff3}
test (3.10)	Set up job	2026-03-22T06:40:41.3976159Z Azure Region: centralus
test (3.10)	Set up job	2026-03-22T06:40:41.3976794Z ##[endgroup]
test (3.10)	Set up job	2026-03-22T06:40:41.3978227Z ##[group]Operating System
test (3.10)	Set up job	2026-03-22T06:40:41.3978902Z Ubuntu
test (3.10)	Set up job	2026-03-22T06:40:41.3979387Z 24.04.3
test (3.10)	Set up job	2026-03-22T06:40:41.3979830Z LTS
test (3.10)	Set up job	2026-03-22T06:40:41.3980362Z ##[endgroup]
test (3.10)	Set up job	2026-03-22T06:40:41.3980870Z ##[group]Runner Image
test (3.10)	Set up job	2026-03-22T06:40:41.3981435Z Image: ubuntu-24.04
test (3.10)	Set up job	2026-03-22T06:40:41.3981970Z Version: 20260309.50.1
test (3.10)	Set up job	2026-03-22T06:40:41.3983363Z Included Software: https://github.com/actions/runner-images/blob/ubuntu24/20260309.50/images/ubuntu/Ubuntu2404-Readme.md
test (3.10)	Set up job	2026-03-22T06:40:41.3985090Z Image Release: https://github.com/actions/runner-images/releases/tag/ubuntu24%2F20260309.50
test (3.10)	Set up job	2026-03-22T06:40:41.3986035Z ##[endgroup]
test (3.10)	Set up job	2026-03-22T06:40:41.3987145Z ##[group]GITHUB_TOKEN Permissions
test (3.10)	Set up job	2026-03-22T06:40:41.3989226Z Contents: read
test (3.10)	Set up job	2026-03-22T06:40:41.3989861Z Metadata: read
test (3.10)	Set up job	2026-03-22T06:40:41.3990452Z Packages: read
test (3.10)	Set up job	2026-03-22T06:40:41.3990990Z ##[endgroup]
test (3.10)	Set up job	2026-03-22T06:40:41.3993652Z Secret source: Actions
test (3.10)	Set up job	2026-03-22T06:40:41.3994577Z Prepare workflow directory
test (3.10)	Set up job	2026-03-22T06:40:41.4323841Z Prepare all required actions
test (3.10)	Set up job	2026-03-22T06:40:41.4363544Z Getting action download info
test (3.10)	Set up job	2026-03-22T06:40:41.8215875Z Download action repository 'actions/checkout@v4' (SHA:34e114876b0b11c390a56381ad16ebd13914f8d5)
test (3.10)	Set up job	2026-03-22T06:40:41.9564402Z Download action repository 'astral-sh/setup-uv@v5' (SHA:d4b2f3b6ecc6e67c4457f6d3e41ec42d3d0fcb86)
test (3.10)	Set up job	2026-03-22T06:40:42.5160622Z Download action repository 'actions/setup-python@v5' (SHA:a26af69be951a213d495a4c3e4e4022e16d87065)
test (3.10)	Set up job	2026-03-22T06:40:42.6057345Z Download action repository 'codecov/codecov-action@v4' (SHA:b9fd7d16f6d7d1b5d2bec1a2887e65ceed900238)
test (3.10)	Set up job	2026-03-22T06:40:43.1992175Z Complete job name: test (3.10)
test (3.10)	Run actions/checkout@v4	﻿2026-03-22T06:40:43.2770751Z ##[group]Run actions/checkout@v4
test (3.10)	Run actions/checkout@v4	2026-03-22T06:40:43.2772083Z with:
test (3.10)	Run actions/checkout@v4	2026-03-22T06:40:43.2773105Z   repository: KbWen/security-tools
test (3.10)	Run actions/checkout@v4	2026-03-22T06:40:43.2774373Z   token: ***
test (3.10)	Run actions/checkout@v4	2026-03-22T06:40:43.2775136Z   ssh-strict: true
test (3.10)	Run actions/checkout@v4	2026-03-22T06:40:43.2775933Z   ssh-user: git
test (3.10)	Run actions/checkout@v4	2026-03-22T06:40:43.2776753Z   persist-credentials: true
test (3.10)	Run actions/checkout@v4	2026-03-22T06:40:43.2777673Z   clean: true
test (3.10)	Run actions/checkout@v4	2026-03-22T06:40:43.2778496Z   sparse-checkout-cone-mode: true
test (3.10)	Run actions/checkout@v4	2026-03-22T06:40:43.2779472Z   fetch-depth: 1
test (3.10)	Run actions/checkout@v4	2026-03-22T06:40:43.2780268Z   fetch-tags: false
test (3.10)	Run actions/checkout@v4	2026-03-22T06:40:43.2781077Z   show-progress: true
test (3.10)	Run actions/checkout@v4	2026-03-22T06:40:43.2781902Z   lfs: false
test (3.10)	Run actions/checkout@v4	2026-03-22T06:40:43.2782816Z   submodules: false
test (3.10)	Run actions/checkout@v4	2026-03-22T06:40:43.2783659Z   set-safe-directory: true
test (3.10)	Run actions/checkout@v4	2026-03-22T06:40:43.2784814Z ##[endgroup]
test (3.10)	Run actions/checkout@v4	2026-03-22T06:40:43.3892376Z Syncing repository: KbWen/security-tools
test (3.10)	Run actions/checkout@v4	2026-03-22T06:40:43.3895730Z ##[group]Getting Git version info
test (3.10)	Run actions/checkout@v4	2026-03-22T06:40:43.3897281Z Working directory is '/home/runner/work/security-tools/security-tools'
test (3.10)	Run actions/checkout@v4	2026-03-22T06:40:43.3899653Z [command]/usr/bin/git version
test (3.10)	Run actions/checkout@v4	2026-03-22T06:40:43.3978641Z git version 2.53.0
test (3.10)	Run actions/checkout@v4	2026-03-22T06:40:43.4006069Z ##[endgroup]
test (3.10)	Run actions/checkout@v4	2026-03-22T06:40:43.4020910Z Temporarily overriding HOME='/home/runner/work/_temp/02f4a0ca-c269-4d77-8967-d4eae6d28fb8' before making global git config changes
test (3.10)	Run actions/checkout@v4	2026-03-22T06:40:43.4025066Z Adding repository directory to the temporary git global config as a safe directory
test (3.10)	Run actions/checkout@v4	2026-03-22T06:40:43.4028568Z [command]/usr/bin/git config --global --add safe.directory /home/runner/work/security-tools/security-tools
test (3.10)	Run actions/checkout@v4	2026-03-22T06:40:43.4071363Z Deleting the contents of '/home/runner/work/security-tools/security-tools'
test (3.10)	Run actions/checkout@v4	2026-03-22T06:40:43.4075144Z ##[group]Initializing the repository
test (3.10)	Run actions/checkout@v4	2026-03-22T06:40:43.4080940Z [command]/usr/bin/git init /home/runner/work/security-tools/security-tools
test (3.10)	Run actions/checkout@v4	2026-03-22T06:40:43.4206154Z hint: Using 'master' as the name for the initial branch. This default branch name
test (3.10)	Run actions/checkout@v4	2026-03-22T06:40:43.4209440Z hint: will change to "main" in Git 3.0. To configure the initial branch name
test (3.10)	Run actions/checkout@v4	2026-03-22T06:40:43.4212984Z hint: to use in all of your new repositories, which will suppress this warning,
test (3.10)	Run actions/checkout@v4	2026-03-22T06:40:43.4214660Z hint: call:
test (3.10)	Run actions/checkout@v4	2026-03-22T06:40:43.4215624Z hint:
test (3.10)	Run actions/checkout@v4	2026-03-22T06:40:43.4216780Z hint: 	git config --global init.defaultBranch <name>
test (3.10)	Run actions/checkout@v4	2026-03-22T06:40:43.4218071Z hint:
test (3.10)	Run actions/checkout@v4	2026-03-22T06:40:43.4219478Z hint: Names commonly chosen instead of 'master' are 'main', 'trunk' and
test (3.10)	Run actions/checkout@v4	2026-03-22T06:40:43.4221450Z hint: 'development'. The just-created branch can be renamed via this command:
test (3.10)	Run actions/checkout@v4	2026-03-22T06:40:43.4223291Z hint:
test (3.10)	Run actions/checkout@v4	2026-03-22T06:40:43.4224281Z hint: 	git branch -m <name>
test (3.10)	Run actions/checkout@v4	2026-03-22T06:40:43.4225750Z hint:
test (3.10)	Run actions/checkout@v4	2026-03-22T06:40:43.4227979Z hint: Disable this message with "git config set advice.defaultBranchName false"
test (3.10)	Run actions/checkout@v4	2026-03-22T06:40:43.4230635Z Initialized empty Git repository in /home/runner/work/security-tools/security-tools/.git/
test (3.10)	Run actions/checkout@v4	2026-03-22T06:40:43.4235203Z [command]/usr/bin/git remote add origin https://github.com/KbWen/security-tools
test (3.10)	Run actions/checkout@v4	2026-03-22T06:40:43.4272111Z ##[endgroup]
test (3.10)	Run actions/checkout@v4	2026-03-22T06:40:43.4274548Z ##[group]Disabling automatic garbage collection
test (3.10)	Run actions/checkout@v4	2026-03-22T06:40:43.4277004Z [command]/usr/bin/git config --local gc.auto 0
test (3.10)	Run actions/checkout@v4	2026-03-22T06:40:43.4313283Z ##[endgroup]
test (3.10)	Run actions/checkout@v4	2026-03-22T06:40:43.4315250Z ##[group]Setting up auth
test (3.10)	Run actions/checkout@v4	2026-03-22T06:40:43.4323366Z [command]/usr/bin/git config --local --name-only --get-regexp core\.sshCommand
test (3.10)	Run actions/checkout@v4	2026-03-22T06:40:43.4361902Z [command]/usr/bin/git submodule foreach --recursive sh -c "git config --local --name-only --get-regexp 'core\.sshCommand' && git config --local --unset-all 'core.sshCommand' || :"
test (3.10)	Run actions/checkout@v4	2026-03-22T06:40:43.4751400Z [command]/usr/bin/git config --local --name-only --get-regexp http\.https\:\/\/github\.com\/\.extraheader
test (3.10)	Run actions/checkout@v4	2026-03-22T06:40:43.4787199Z [command]/usr/bin/git submodule foreach --recursive sh -c "git config --local --name-only --get-regexp 'http\.https\:\/\/github\.com\/\.extraheader' && git config --local --unset-all 'http.https://github.com/.extraheader' || :"
test (3.10)	Run actions/checkout@v4	2026-03-22T06:40:43.5034221Z [command]/usr/bin/git config --local --name-only --get-regexp ^includeIf\.gitdir:
test (3.10)	Run actions/checkout@v4	2026-03-22T06:40:43.5066960Z [command]/usr/bin/git submodule foreach --recursive git config --local --show-origin --name-only --get-regexp remote.origin.url
test (3.10)	Run actions/checkout@v4	2026-03-22T06:40:43.5307372Z [command]/usr/bin/git config --local http.https://github.com/.extraheader AUTHORIZATION: basic ***
test (3.10)	Run actions/checkout@v4	2026-03-22T06:40:43.5344543Z ##[endgroup]
test (3.10)	Run actions/checkout@v4	2026-03-22T06:40:43.5347403Z ##[group]Fetching the repository
test (3.10)	Run actions/checkout@v4	2026-03-22T06:40:43.5356499Z [command]/usr/bin/git -c protocol.version=2 fetch --no-tags --prune --no-recurse-submodules --depth=1 origin +184849c2a4fffcf0a74c46177ccd278540c1182c:refs/remotes/pull/1/merge
test (3.10)	Run actions/checkout@v4	2026-03-22T06:40:43.8978125Z From https://github.com/KbWen/security-tools
test (3.10)	Run actions/checkout@v4	2026-03-22T06:40:43.8981080Z  * [new ref]         184849c2a4fffcf0a74c46177ccd278540c1182c -> pull/1/merge
test (3.10)	Run actions/checkout@v4	2026-03-22T06:40:43.9013698Z ##[endgroup]
test (3.10)	Run actions/checkout@v4	2026-03-22T06:40:43.9016409Z ##[group]Determining the checkout info
test (3.10)	Run actions/checkout@v4	2026-03-22T06:40:43.9019261Z ##[endgroup]
test (3.10)	Run actions/checkout@v4	2026-03-22T06:40:43.9021149Z [command]/usr/bin/git sparse-checkout disable
test (3.10)	Run actions/checkout@v4	2026-03-22T06:40:43.9066518Z [command]/usr/bin/git config --local --unset-all extensions.worktreeConfig
test (3.10)	Run actions/checkout@v4	2026-03-22T06:40:43.9096078Z ##[group]Checking out the ref
test (3.10)	Run actions/checkout@v4	2026-03-22T06:40:43.9099364Z [command]/usr/bin/git checkout --progress --force refs/remotes/pull/1/merge
test (3.10)	Run actions/checkout@v4	2026-03-22T06:40:43.9271065Z Note: switching to 'refs/remotes/pull/1/merge'.
test (3.10)	Run actions/checkout@v4	2026-03-22T06:40:43.9273309Z 
test (3.10)	Run actions/checkout@v4	2026-03-22T06:40:43.9274974Z You are in 'detached HEAD' state. You can look around, make experimental
test (3.10)	Run actions/checkout@v4	2026-03-22T06:40:43.9279821Z changes and commit them, and you can discard any commits you make in this
test (3.10)	Run actions/checkout@v4	2026-03-22T06:40:43.9283228Z state without impacting any branches by switching back to a branch.
test (3.10)	Run actions/checkout@v4	2026-03-22T06:40:43.9285195Z 
test (3.10)	Run actions/checkout@v4	2026-03-22T06:40:43.9286523Z If you want to create a new branch to retain commits you create, you may
test (3.10)	Run actions/checkout@v4	2026-03-22T06:40:43.9290182Z do so (now or later) by using -c with the switch command. Example:
test (3.10)	Run actions/checkout@v4	2026-03-22T06:40:43.9291873Z 
test (3.10)	Run actions/checkout@v4	2026-03-22T06:40:43.9292818Z   git switch -c <new-branch-name>
test (3.10)	Run actions/checkout@v4	2026-03-22T06:40:43.9294167Z 
test (3.10)	Run actions/checkout@v4	2026-03-22T06:40:43.9294869Z Or undo this operation with:
test (3.10)	Run actions/checkout@v4	2026-03-22T06:40:43.9295964Z 
test (3.10)	Run actions/checkout@v4	2026-03-22T06:40:43.9296548Z   git switch -
test (3.10)	Run actions/checkout@v4	2026-03-22T06:40:43.9297315Z 
test (3.10)	Run actions/checkout@v4	2026-03-22T06:40:43.9298596Z Turn off this advice by setting config variable advice.detachedHead to false
test (3.10)	Run actions/checkout@v4	2026-03-22T06:40:43.9300678Z 
test (3.10)	Run actions/checkout@v4	2026-03-22T06:40:43.9303072Z HEAD is now at 184849c Merge e3ee2fe600650292d262f72b92c6fea00644ee14 into 20b36b2d7ef5a91693bdd8bd44881a07b4cce71a
test (3.10)	Run actions/checkout@v4	2026-03-22T06:40:43.9309298Z ##[endgroup]
test (3.10)	Run actions/checkout@v4	2026-03-22T06:40:43.9320783Z [command]/usr/bin/git log -1 --format=%H
test (3.10)	Run actions/checkout@v4	2026-03-22T06:40:43.9346522Z 184849c2a4fffcf0a74c46177ccd278540c1182c
test (3.10)	Install uv	﻿2026-03-22T06:40:43.9715223Z ##[group]Run astral-sh/setup-uv@v5
test (3.10)	Install uv	2026-03-22T06:40:43.9716207Z with:
test (3.10)	Install uv	2026-03-22T06:40:43.9717180Z   github-token: ***
test (3.10)	Install uv	2026-03-22T06:40:43.9717955Z   enable-cache: auto
test (3.10)	Install uv	2026-03-22T06:40:43.9718940Z   cache-dependency-glob: **/uv.lock
test (3.10)	Install uv	**/requirements*.txt
test (3.10)	Install uv	
test (3.10)	Install uv	2026-03-22T06:40:43.9720082Z   prune-cache: true
test (3.10)	Install uv	2026-03-22T06:40:43.9720865Z   ignore-nothing-to-cache: false
test (3.10)	Install uv	2026-03-22T06:40:43.9721780Z   ignore-empty-workdir: false
test (3.10)	Install uv	2026-03-22T06:40:43.9722885Z ##[endgroup]
test (3.10)	Install uv	2026-03-22T06:40:44.6475131Z Downloading uv from "https://github.com/astral-sh/uv/releases/download/0.10.12/uv-x86_64-unknown-linux-gnu.tar.gz" ...
test (3.10)	Install uv	2026-03-22T06:40:45.1425550Z [command]/usr/bin/tar xz --warning=no-unknown-keyword --overwrite -C /home/runner/work/_temp/e936579b-16e6-408e-bac2-ef21d9db9c73 -f /home/runner/work/_temp/6926695f-dc4f-42d3-bde3-58a4b82f3db9
test (3.10)	Install uv	2026-03-22T06:40:45.6169759Z Added /home/runner/.local/bin to the path
test (3.10)	Install uv	2026-03-22T06:40:45.6173297Z Added /opt/hostedtoolcache/uv/0.10.12/x86_64 to the path
test (3.10)	Install uv	2026-03-22T06:40:45.6194564Z Set UV_CACHE_DIR to /home/runner/work/_temp/setup-uv-cache
test (3.10)	Install uv	2026-03-22T06:40:45.6194985Z Successfully installed uv version 0.10.12
test (3.10)	Install uv	2026-03-22T06:40:45.6195447Z Searching files using cache dependency glob: **/uv.lock,**/requirements*.txt
test (3.10)	Install uv	2026-03-22T06:40:45.6680406Z /home/runner/work/security-tools/security-tools/src/ghostcheck/data/demo_fixtures/requirements_demo.txt
test (3.10)	Install uv	2026-03-22T06:40:45.6737383Z Found 1 files to hash.
test (3.10)	Install uv	2026-03-22T06:40:45.7771356Z Trying to restore uv cache from GitHub Actions cache with key: setup-uv-1-x86_64-unknown-linux-gnu-3.12.3-73f3c168b8ed388f7d360c1748af41072e57b3b759ca08e3106af5a7be042240
test (3.10)	Install uv	2026-03-22T06:40:45.9043143Z No GitHub Actions cache found for key: setup-uv-1-x86_64-unknown-linux-gnu-3.12.3-73f3c168b8ed388f7d360c1748af41072e57b3b759ca08e3106af5a7be042240
test (3.10)	Set up Python 3.10	﻿2026-03-22T06:40:45.9255570Z ##[group]Run actions/setup-python@v5
test (3.10)	Set up Python 3.10	2026-03-22T06:40:45.9255881Z with:
test (3.10)	Set up Python 3.10	2026-03-22T06:40:45.9256073Z   python-version: 3.10
test (3.10)	Set up Python 3.10	2026-03-22T06:40:45.9256285Z   check-latest: false
test (3.10)	Set up Python 3.10	2026-03-22T06:40:45.9256632Z   token: ***
test (3.10)	Set up Python 3.10	2026-03-22T06:40:45.9256832Z   update-environment: true
test (3.10)	Set up Python 3.10	2026-03-22T06:40:45.9257085Z   allow-prereleases: false
test (3.10)	Set up Python 3.10	2026-03-22T06:40:45.9257329Z   freethreaded: false
test (3.10)	Set up Python 3.10	2026-03-22T06:40:45.9257518Z env:
test (3.10)	Set up Python 3.10	2026-03-22T06:40:45.9257737Z   UV_CACHE_DIR: /home/runner/work/_temp/setup-uv-cache
test (3.10)	Set up Python 3.10	2026-03-22T06:40:45.9258026Z ##[endgroup]
test (3.10)	Set up Python 3.10	2026-03-22T06:40:46.0991493Z ##[group]Installed versions
test (3.10)	Set up Python 3.10	2026-03-22T06:40:46.1095932Z Successfully set up CPython (3.10.20)
test (3.10)	Set up Python 3.10	2026-03-22T06:40:46.1096842Z ##[endgroup]
test (3.10)	Install dependencies	﻿2026-03-22T06:40:46.1210714Z ##[group]Run uv pip install --system -e .[dev]
test (3.10)	Install dependencies	2026-03-22T06:40:46.1211155Z [36;1muv pip install --system -e .[dev][0m
test (3.10)	Install dependencies	2026-03-22T06:40:46.1314912Z shell: /usr/bin/bash -e {0}
test (3.10)	Install dependencies	2026-03-22T06:40:46.1315210Z env:
test (3.10)	Install dependencies	2026-03-22T06:40:46.1315456Z   UV_CACHE_DIR: /home/runner/work/_temp/setup-uv-cache
test (3.10)	Install dependencies	2026-03-22T06:40:46.1315841Z   pythonLocation: /opt/hostedtoolcache/Python/3.10.20/x64
test (3.10)	Install dependencies	2026-03-22T06:40:46.1316327Z   PKG_CONFIG_PATH: /opt/hostedtoolcache/Python/3.10.20/x64/lib/pkgconfig
test (3.10)	Install dependencies	2026-03-22T06:40:46.1316789Z   Python_ROOT_DIR: /opt/hostedtoolcache/Python/3.10.20/x64
test (3.10)	Install dependencies	2026-03-22T06:40:46.1317161Z   Python2_ROOT_DIR: /opt/hostedtoolcache/Python/3.10.20/x64
test (3.10)	Install dependencies	2026-03-22T06:40:46.1317942Z   Python3_ROOT_DIR: /opt/hostedtoolcache/Python/3.10.20/x64
test (3.10)	Install dependencies	2026-03-22T06:40:46.1318322Z   LD_LIBRARY_PATH: /opt/hostedtoolcache/Python/3.10.20/x64/lib
test (3.10)	Install dependencies	2026-03-22T06:40:46.1318632Z ##[endgroup]
test (3.10)	Install dependencies	2026-03-22T06:40:46.8190049Z Using Python 3.10.20 environment at: /opt/hostedtoolcache/Python/3.10.20/x64
test (3.10)	Install dependencies	2026-03-22T06:40:48.9581917Z Resolved 12 packages in 2.12s
test (3.10)	Install dependencies	2026-03-22T06:40:48.9593440Z    Building esprima==4.0.1
test (3.10)	Install dependencies	2026-03-22T06:40:48.9594506Z    Building ghostcheck @ file:///home/runner/work/security-tools/security-tools
test (3.10)	Install dependencies	2026-03-22T06:40:48.9738326Z Downloading pygments (1.2MiB)
test (3.10)	Install dependencies	2026-03-22T06:40:49.0629885Z  Downloaded pygments
test (3.10)	Install dependencies	2026-03-22T06:40:49.6837904Z       Built ghostcheck @ file:///home/runner/work/security-tools/security-tools
test (3.10)	Install dependencies	2026-03-22T06:40:49.6886654Z       Built esprima==4.0.1
test (3.10)	Install dependencies	2026-03-22T06:40:49.6900954Z Prepared 12 packages in 731ms
test (3.10)	Install dependencies	2026-03-22T06:40:49.7048904Z Installed 12 packages in 14ms
test (3.10)	Install dependencies	2026-03-22T06:40:49.7049343Z  + coverage==7.13.5
test (3.10)	Install dependencies	2026-03-22T06:40:49.7049661Z  + esprima==4.0.1
test (3.10)	Install dependencies	2026-03-22T06:40:49.7049957Z  + exceptiongroup==1.3.1
test (3.10)	Install dependencies	2026-03-22T06:40:49.7050512Z  + ghostcheck==0.6.0 (from file:///home/runner/work/security-tools/security-tools)
test (3.10)	Install dependencies	2026-03-22T06:40:49.7051102Z  + iniconfig==2.3.0
test (3.10)	Install dependencies	2026-03-22T06:40:49.7051391Z  + packaging==26.0
test (3.10)	Install dependencies	2026-03-22T06:40:49.7051674Z  + pluggy==1.6.0
test (3.10)	Install dependencies	2026-03-22T06:40:49.7051975Z  + pygments==2.19.2
test (3.10)	Install dependencies	2026-03-22T06:40:49.7052278Z  + pytest==9.0.2
test (3.10)	Install dependencies	2026-03-22T06:40:49.7052799Z  + pytest-cov==7.1.0
test (3.10)	Install dependencies	2026-03-22T06:40:49.7053182Z  + tomli==2.4.0
test (3.10)	Install dependencies	2026-03-22T06:40:49.7053584Z  + typing-extensions==4.15.0
test (3.10)	Run tests with coverage	﻿2026-03-22T06:40:49.7329213Z ##[group]Run pytest tests/ -v --cov=ghostcheck --cov-report=xml
test (3.10)	Run tests with coverage	2026-03-22T06:40:49.7329749Z [36;1mpytest tests/ -v --cov=ghostcheck --cov-report=xml[0m
test (3.10)	Run tests with coverage	2026-03-22T06:40:49.7386139Z shell: /usr/bin/bash -e {0}
test (3.10)	Run tests with coverage	2026-03-22T06:40:49.7386383Z env:
test (3.10)	Run tests with coverage	2026-03-22T06:40:49.7386612Z   UV_CACHE_DIR: /home/runner/work/_temp/setup-uv-cache
test (3.10)	Run tests with coverage	2026-03-22T06:40:49.7386981Z   pythonLocation: /opt/hostedtoolcache/Python/3.10.20/x64
test (3.10)	Run tests with coverage	2026-03-22T06:40:49.7387401Z   PKG_CONFIG_PATH: /opt/hostedtoolcache/Python/3.10.20/x64/lib/pkgconfig
test (3.10)	Run tests with coverage	2026-03-22T06:40:49.7387833Z   Python_ROOT_DIR: /opt/hostedtoolcache/Python/3.10.20/x64
test (3.10)	Run tests with coverage	2026-03-22T06:40:49.7388197Z   Python2_ROOT_DIR: /opt/hostedtoolcache/Python/3.10.20/x64
test (3.10)	Run tests with coverage	2026-03-22T06:40:49.7388552Z   Python3_ROOT_DIR: /opt/hostedtoolcache/Python/3.10.20/x64
test (3.10)	Run tests with coverage	2026-03-22T06:40:49.7388917Z   LD_LIBRARY_PATH: /opt/hostedtoolcache/Python/3.10.20/x64/lib
test (3.10)	Run tests with coverage	2026-03-22T06:40:49.7389215Z ##[endgroup]
test (3.10)	Run tests with coverage	2026-03-22T06:40:52.0419074Z ============================= test session starts ==============================
test (3.10)	Run tests with coverage	2026-03-22T06:40:52.0420095Z platform linux -- Python 3.10.20, pytest-9.0.2, pluggy-1.6.0 -- /opt/hostedtoolcache/Python/3.10.20/x64/bin/python
test (3.10)	Run tests with coverage	2026-03-22T06:40:52.0421037Z cachedir: .pytest_cache
test (3.10)	Run tests with coverage	2026-03-22T06:40:52.0421579Z rootdir: /home/runner/work/security-tools/security-tools
test (3.10)	Run tests with coverage	2026-03-22T06:40:52.0422337Z configfile: pyproject.toml
test (3.10)	Run tests with coverage	2026-03-22T06:40:52.0424760Z plugins: cov-7.1.0
test (3.10)	Run tests with coverage	2026-03-22T06:40:53.2756458Z collecting ... collected 28 items / 1 error
test (3.10)	Run tests with coverage	2026-03-22T06:40:53.2756891Z 
test (3.10)	Run tests with coverage	2026-03-22T06:40:53.2757070Z ==================================== ERRORS ====================================
test (3.10)	Run tests with coverage	2026-03-22T06:40:53.2757646Z ______________________ ERROR collecting tests/test_cli.py ______________________
test (3.10)	Run tests with coverage	2026-03-22T06:40:53.2758467Z ImportError while importing test module '/home/runner/work/security-tools/security-tools/tests/test_cli.py'.
test (3.10)	Run tests with coverage	2026-03-22T06:40:53.2759274Z Hint: make sure your test modules/packages have valid Python names.
test (3.10)	Run tests with coverage	2026-03-22T06:40:53.2759725Z Traceback:
test (3.10)	Run tests with coverage	2026-03-22T06:40:53.2760211Z /opt/hostedtoolcache/Python/3.10.20/x64/lib/python3.10/importlib/__init__.py:126: in import_module
test (3.10)	Run tests with coverage	2026-03-22T06:40:53.2760821Z     return _bootstrap._gcd_import(name[level:], package, level)
test (3.10)	Run tests with coverage	2026-03-22T06:40:53.2761185Z tests/test_cli.py:3: in <module>
test (3.10)	Run tests with coverage	2026-03-22T06:40:53.2761446Z     from ghostcheck.cli import main
test (3.10)	Run tests with coverage	2026-03-22T06:40:53.2761734Z src/ghostcheck/cli.py:10: in <module>
test (3.10)	Run tests with coverage	2026-03-22T06:40:53.2762430Z     from .config import GhostCheckConfig
test (3.10)	Run tests with coverage	2026-03-22T06:40:53.2763043Z src/ghostcheck/config.py:2: in <module>
test (3.10)	Run tests with coverage	2026-03-22T06:40:53.2763322Z     import tomllib
test (3.10)	Run tests with coverage	2026-03-22T06:40:53.2763574Z E   ModuleNotFoundError: No module named 'tomllib'
test (3.10)	Run tests with coverage	2026-03-22T06:40:53.2763959Z =========================== short test summary info ============================
test (3.10)	Run tests with coverage	2026-03-22T06:40:53.2764307Z ERROR tests/test_cli.py
test (3.10)	Run tests with coverage	2026-03-22T06:40:53.2764623Z !!!!!!!!!!!!!!!!!!!! Interrupted: 1 error during collection !!!!!!!!!!!!!!!!!!!!
test (3.10)	Run tests with coverage	2026-03-22T06:40:53.2765036Z =============================== 1 error in 1.07s ===============================
test (3.10)	Run tests with coverage	2026-03-22T06:40:53.3833900Z ##[error]Process completed with exit code 2.
test (3.10)	Post Run actions/checkout@v4	﻿2026-03-22T06:40:53.3931442Z Post job cleanup.
test (3.10)	Post Run actions/checkout@v4	2026-03-22T06:40:53.4897077Z [command]/usr/bin/git version
test (3.10)	Post Run actions/checkout@v4	2026-03-22T06:40:53.4935387Z git version 2.53.0
test (3.10)	Post Run actions/checkout@v4	2026-03-22T06:40:53.4987007Z Temporarily overriding HOME='/home/runner/work/_temp/e93cd933-c6e3-40ac-bcaa-bd0df758fed3' before making global git config changes
test (3.10)	Post Run actions/checkout@v4	2026-03-22T06:40:53.4988487Z Adding repository directory to the temporary git global config as a safe directory
test (3.10)	Post Run actions/checkout@v4	2026-03-22T06:40:53.4993558Z [command]/usr/bin/git config --global --add safe.directory /home/runner/work/security-tools/security-tools
test (3.10)	Post Run actions/checkout@v4	2026-03-22T06:40:53.5030838Z [command]/usr/bin/git config --local --name-only --get-regexp core\.sshCommand
test (3.10)	Post Run actions/checkout@v4	2026-03-22T06:40:53.5065050Z [command]/usr/bin/git submodule foreach --recursive sh -c "git config --local --name-only --get-regexp 'core\.sshCommand' && git config --local --unset-all 'core.sshCommand' || :"
test (3.10)	Post Run actions/checkout@v4	2026-03-22T06:40:53.5320772Z [command]/usr/bin/git config --local --name-only --get-regexp http\.https\:\/\/github\.com\/\.extraheader
test (3.10)	Post Run actions/checkout@v4	2026-03-22T06:40:53.5345449Z http.https://github.com/.extraheader
test (3.10)	Post Run actions/checkout@v4	2026-03-22T06:40:53.5362945Z [command]/usr/bin/git config --local --unset-all http.https://github.com/.extraheader
test (3.10)	Post Run actions/checkout@v4	2026-03-22T06:40:53.5401708Z [command]/usr/bin/git submodule foreach --recursive sh -c "git config --local --name-only --get-regexp 'http\.https\:\/\/github\.com\/\.extraheader' && git config --local --unset-all 'http.https://github.com/.extraheader' || :"
test (3.10)	Post Run actions/checkout@v4	2026-03-22T06:40:53.5666108Z [command]/usr/bin/git config --local --name-only --get-regexp ^includeIf\.gitdir:
test (3.10)	Post Run actions/checkout@v4	2026-03-22T06:40:53.5702439Z [command]/usr/bin/git submodule foreach --recursive git config --local --show-origin --name-only --get-regexp remote.origin.url
test (3.10)	Complete job	﻿2026-03-22T06:40:53.6117853Z Cleaning up orphan processes
test (3.10)	Complete job	2026-03-22T06:40:53.6418250Z ##[warning]Node.js 20 actions are deprecated. The following actions are running on Node.js 20 and may not work as expected: actions/checkout@v4, actions/setup-python@v5, astral-sh/setup-uv@v5. Actions will be forced to run with Node.js 24 by default starting June 2nd, 2026. Please check if updated versions of these actions are available that support Node.js 24. To opt into Node.js 24 now, set the FORCE_JAVASCRIPT_ACTIONS_TO_NODE24=true environment variable on the runner or in your workflow file. Once Node.js 24 becomes the default, you can temporarily opt out by setting ACTIONS_ALLOW_USE_UNSECURE_NODE_VERSION=true. For more information see: https://github.blog/changelog/2025-09-19-deprecation-of-node-20-on-github-actions-runners/
test (3.13)	Set up job	﻿2026-03-22T06:40:41.2569948Z Current runner version: '2.332.0'
test (3.13)	Set up job	2026-03-22T06:40:41.2594055Z ##[group]Runner Image Provisioner
test (3.13)	Set up job	2026-03-22T06:40:41.2594792Z Hosted Compute Agent
test (3.13)	Set up job	2026-03-22T06:40:41.2595451Z Version: 20260213.493
test (3.13)	Set up job	2026-03-22T06:40:41.2596011Z Commit: 5c115507f6dd24b8de37d8bbe0bb4509d0cc0fa3
test (3.13)	Set up job	2026-03-22T06:40:41.2596724Z Build Date: 2026-02-13T00:28:41Z
test (3.13)	Set up job	2026-03-22T06:40:41.2597439Z Worker ID: {abecd550-75f0-417b-bad7-571ef25f4283}
test (3.13)	Set up job	2026-03-22T06:40:41.2598085Z Azure Region: northcentralus
test (3.13)	Set up job	2026-03-22T06:40:41.2598641Z ##[endgroup]
test (3.13)	Set up job	2026-03-22T06:40:41.2600033Z ##[group]Operating System
test (3.13)	Set up job	2026-03-22T06:40:41.2600668Z Ubuntu
test (3.13)	Set up job	2026-03-22T06:40:41.2601100Z 24.04.3
test (3.13)	Set up job	2026-03-22T06:40:41.2601634Z LTS
test (3.13)	Set up job	2026-03-22T06:40:41.2602049Z ##[endgroup]
test (3.13)	Set up job	2026-03-22T06:40:41.2602556Z ##[group]Runner Image
test (3.13)	Set up job	2026-03-22T06:40:41.2603485Z Image: ubuntu-24.04
test (3.13)	Set up job	2026-03-22T06:40:41.2603979Z Version: 20260309.50.1
test (3.13)	Set up job	2026-03-22T06:40:41.2604992Z Included Software: https://github.com/actions/runner-images/blob/ubuntu24/20260309.50/images/ubuntu/Ubuntu2404-Readme.md
test (3.13)	Set up job	2026-03-22T06:40:41.2606593Z Image Release: https://github.com/actions/runner-images/releases/tag/ubuntu24%2F20260309.50
test (3.13)	Set up job	2026-03-22T06:40:41.2607472Z ##[endgroup]
test (3.13)	Set up job	2026-03-22T06:40:41.2608555Z ##[group]GITHUB_TOKEN Permissions
test (3.13)	Set up job	2026-03-22T06:40:41.2610314Z Contents: read
test (3.13)	Set up job	2026-03-22T06:40:41.2610938Z Metadata: read
test (3.13)	Set up job	2026-03-22T06:40:41.2611422Z Packages: read
test (3.13)	Set up job	2026-03-22T06:40:41.2611908Z ##[endgroup]
test (3.13)	Set up job	2026-03-22T06:40:41.2614054Z Secret source: Actions
test (3.13)	Set up job	2026-03-22T06:40:41.2614877Z Prepare workflow directory
test (3.13)	Set up job	2026-03-22T06:40:41.2957730Z Prepare all required actions
test (3.13)	Set up job	2026-03-22T06:40:41.2994648Z Getting action download info
test (3.13)	Set up job	2026-03-22T06:40:41.6671119Z Download action repository 'actions/checkout@v4' (SHA:34e114876b0b11c390a56381ad16ebd13914f8d5)
test (3.13)	Set up job	2026-03-22T06:40:41.7922440Z Download action repository 'astral-sh/setup-uv@v5' (SHA:d4b2f3b6ecc6e67c4457f6d3e41ec42d3d0fcb86)
test (3.13)	Set up job	2026-03-22T06:40:42.2393906Z Download action repository 'actions/setup-python@v5' (SHA:a26af69be951a213d495a4c3e4e4022e16d87065)
test (3.13)	Set up job	2026-03-22T06:40:42.3340072Z Download action repository 'codecov/codecov-action@v4' (SHA:b9fd7d16f6d7d1b5d2bec1a2887e65ceed900238)
test (3.13)	Set up job	2026-03-22T06:40:42.7955869Z Complete job name: test (3.13)
test (3.13)	Run actions/checkout@v4	﻿2026-03-22T06:40:42.8751486Z ##[group]Run actions/checkout@v4
test (3.13)	Run actions/checkout@v4	2026-03-22T06:40:42.8753101Z with:
test (3.13)	Run actions/checkout@v4	2026-03-22T06:40:42.8753973Z   repository: KbWen/security-tools
test (3.13)	Run actions/checkout@v4	2026-03-22T06:40:42.8755187Z   token: ***
test (3.13)	Run actions/checkout@v4	2026-03-22T06:40:42.8755916Z   ssh-strict: true
test (3.13)	Run actions/checkout@v4	2026-03-22T06:40:42.8756700Z   ssh-user: git
test (3.13)	Run actions/checkout@v4	2026-03-22T06:40:42.8757500Z   persist-credentials: true
test (3.13)	Run actions/checkout@v4	2026-03-22T06:40:42.8758381Z   clean: true
test (3.13)	Run actions/checkout@v4	2026-03-22T06:40:42.8759165Z   sparse-checkout-cone-mode: true
test (3.13)	Run actions/checkout@v4	2026-03-22T06:40:42.8760112Z   fetch-depth: 1
test (3.13)	Run actions/checkout@v4	2026-03-22T06:40:42.8760877Z   fetch-tags: false
test (3.13)	Run actions/checkout@v4	2026-03-22T06:40:42.8761658Z   show-progress: true
test (3.13)	Run actions/checkout@v4	2026-03-22T06:40:42.8762459Z   lfs: false
test (3.13)	Run actions/checkout@v4	2026-03-22T06:40:42.8763297Z   submodules: false
test (3.13)	Run actions/checkout@v4	2026-03-22T06:40:42.8764096Z   set-safe-directory: true
test (3.13)	Run actions/checkout@v4	2026-03-22T06:40:42.8765256Z ##[endgroup]
test (3.13)	Run actions/checkout@v4	2026-03-22T06:40:42.9864025Z Syncing repository: KbWen/security-tools
test (3.13)	Run actions/checkout@v4	2026-03-22T06:40:42.9866808Z ##[group]Getting Git version info
test (3.13)	Run actions/checkout@v4	2026-03-22T06:40:42.9868559Z Working directory is '/home/runner/work/security-tools/security-tools'
test (3.13)	Run actions/checkout@v4	2026-03-22T06:40:42.9870879Z [command]/usr/bin/git version
test (3.13)	Run actions/checkout@v4	2026-03-22T06:40:42.9935783Z git version 2.53.0
test (3.13)	Run actions/checkout@v4	2026-03-22T06:40:42.9961681Z ##[endgroup]
test (3.13)	Run actions/checkout@v4	2026-03-22T06:40:42.9976495Z Temporarily overriding HOME='/home/runner/work/_temp/2c80784c-f962-4697-b24a-ac903de8cf1e' before making global git config changes
test (3.13)	Run actions/checkout@v4	2026-03-22T06:40:42.9981226Z Adding repository directory to the temporary git global config as a safe directory
test (3.13)	Run actions/checkout@v4	2026-03-22T06:40:42.9984467Z [command]/usr/bin/git config --global --add safe.directory /home/runner/work/security-tools/security-tools
test (3.13)	Run actions/checkout@v4	2026-03-22T06:40:43.0022702Z Deleting the contents of '/home/runner/work/security-tools/security-tools'
test (3.13)	Run actions/checkout@v4	2026-03-22T06:40:43.0026453Z ##[group]Initializing the repository
test (3.13)	Run actions/checkout@v4	2026-03-22T06:40:43.0030404Z [command]/usr/bin/git init /home/runner/work/security-tools/security-tools
test (3.13)	Run actions/checkout@v4	2026-03-22T06:40:43.0137858Z hint: Using 'master' as the name for the initial branch. This default branch name
test (3.13)	Run actions/checkout@v4	2026-03-22T06:40:43.0140086Z hint: will change to "main" in Git 3.0. To configure the initial branch name
test (3.13)	Run actions/checkout@v4	2026-03-22T06:40:43.0142678Z hint: to use in all of your new repositories, which will suppress this warning,
test (3.13)	Run actions/checkout@v4	2026-03-22T06:40:43.0144521Z hint: call:
test (3.13)	Run actions/checkout@v4	2026-03-22T06:40:43.0145304Z hint:
test (3.13)	Run actions/checkout@v4	2026-03-22T06:40:43.0146545Z hint: 	git config --global init.defaultBranch <name>
test (3.13)	Run actions/checkout@v4	2026-03-22T06:40:43.0147873Z hint:
test (3.13)	Run actions/checkout@v4	2026-03-22T06:40:43.0149038Z hint: Names commonly chosen instead of 'master' are 'main', 'trunk' and
test (3.13)	Run actions/checkout@v4	2026-03-22T06:40:43.0150876Z hint: 'development'. The just-created branch can be renamed via this command:
test (3.13)	Run actions/checkout@v4	2026-03-22T06:40:43.0153013Z hint:
test (3.13)	Run actions/checkout@v4	2026-03-22T06:40:43.0154089Z hint: 	git branch -m <name>
test (3.13)	Run actions/checkout@v4	2026-03-22T06:40:43.0155009Z hint:
test (3.13)	Run actions/checkout@v4	2026-03-22T06:40:43.0156236Z hint: Disable this message with "git config set advice.defaultBranchName false"
test (3.13)	Run actions/checkout@v4	2026-03-22T06:40:43.0158744Z Initialized empty Git repository in /home/runner/work/security-tools/security-tools/.git/
test (3.13)	Run actions/checkout@v4	2026-03-22T06:40:43.0162021Z [command]/usr/bin/git remote add origin https://github.com/KbWen/security-tools
test (3.13)	Run actions/checkout@v4	2026-03-22T06:40:43.0190060Z ##[endgroup]
test (3.13)	Run actions/checkout@v4	2026-03-22T06:40:43.0191694Z ##[group]Disabling automatic garbage collection
test (3.13)	Run actions/checkout@v4	2026-03-22T06:40:43.0193928Z [command]/usr/bin/git config --local gc.auto 0
test (3.13)	Run actions/checkout@v4	2026-03-22T06:40:43.0226559Z ##[endgroup]
test (3.13)	Run actions/checkout@v4	2026-03-22T06:40:43.0229092Z ##[group]Setting up auth
test (3.13)	Run actions/checkout@v4	2026-03-22T06:40:43.0234411Z [command]/usr/bin/git config --local --name-only --get-regexp core\.sshCommand
test (3.13)	Run actions/checkout@v4	2026-03-22T06:40:43.0268509Z [command]/usr/bin/git submodule foreach --recursive sh -c "git config --local --name-only --get-regexp 'core\.sshCommand' && git config --local --unset-all 'core.sshCommand' || :"
test (3.13)	Run actions/checkout@v4	2026-03-22T06:40:43.0610554Z [command]/usr/bin/git config --local --name-only --get-regexp http\.https\:\/\/github\.com\/\.extraheader
test (3.13)	Run actions/checkout@v4	2026-03-22T06:40:43.0644033Z [command]/usr/bin/git submodule foreach --recursive sh -c "git config --local --name-only --get-regexp 'http\.https\:\/\/github\.com\/\.extraheader' && git config --local --unset-all 'http.https://github.com/.extraheader' || :"
test (3.13)	Run actions/checkout@v4	2026-03-22T06:40:43.0883348Z [command]/usr/bin/git config --local --name-only --get-regexp ^includeIf\.gitdir:
test (3.13)	Run actions/checkout@v4	2026-03-22T06:40:43.0914637Z [command]/usr/bin/git submodule foreach --recursive git config --local --show-origin --name-only --get-regexp remote.origin.url
test (3.13)	Run actions/checkout@v4	2026-03-22T06:40:43.1147374Z [command]/usr/bin/git config --local http.https://github.com/.extraheader AUTHORIZATION: basic ***
test (3.13)	Run actions/checkout@v4	2026-03-22T06:40:43.1181674Z ##[endgroup]
test (3.13)	Run actions/checkout@v4	2026-03-22T06:40:43.1184439Z ##[group]Fetching the repository
test (3.13)	Run actions/checkout@v4	2026-03-22T06:40:43.1191206Z [command]/usr/bin/git -c protocol.version=2 fetch --no-tags --prune --no-recurse-submodules --depth=1 origin +184849c2a4fffcf0a74c46177ccd278540c1182c:refs/remotes/pull/1/merge
test (3.13)	Run actions/checkout@v4	2026-03-22T06:40:43.3888366Z From https://github.com/KbWen/security-tools
test (3.13)	Run actions/checkout@v4	2026-03-22T06:40:43.3891045Z  * [new ref]         184849c2a4fffcf0a74c46177ccd278540c1182c -> pull/1/merge
test (3.13)	Run actions/checkout@v4	2026-03-22T06:40:43.3925659Z ##[endgroup]
test (3.13)	Run actions/checkout@v4	2026-03-22T06:40:43.3927768Z ##[group]Determining the checkout info
test (3.13)	Run actions/checkout@v4	2026-03-22T06:40:43.3930371Z ##[endgroup]
test (3.13)	Run actions/checkout@v4	2026-03-22T06:40:43.3931900Z [command]/usr/bin/git sparse-checkout disable
test (3.13)	Run actions/checkout@v4	2026-03-22T06:40:43.3973143Z [command]/usr/bin/git config --local --unset-all extensions.worktreeConfig
test (3.13)	Run actions/checkout@v4	2026-03-22T06:40:43.4001588Z ##[group]Checking out the ref
test (3.13)	Run actions/checkout@v4	2026-03-22T06:40:43.4004534Z [command]/usr/bin/git checkout --progress --force refs/remotes/pull/1/merge
test (3.13)	Run actions/checkout@v4	2026-03-22T06:40:43.4242307Z Note: switching to 'refs/remotes/pull/1/merge'.
test (3.13)	Run actions/checkout@v4	2026-03-22T06:40:43.4243916Z 
test (3.13)	Run actions/checkout@v4	2026-03-22T06:40:43.4245095Z You are in 'detached HEAD' state. You can look around, make experimental
test (3.13)	Run actions/checkout@v4	2026-03-22T06:40:43.4247638Z changes and commit them, and you can discard any commits you make in this
test (3.13)	Run actions/checkout@v4	2026-03-22T06:40:43.4249566Z state without impacting any branches by switching back to a branch.
test (3.13)	Run actions/checkout@v4	2026-03-22T06:40:43.4251202Z 
test (3.13)	Run actions/checkout@v4	2026-03-22T06:40:43.4251995Z If you want to create a new branch to retain commits you create, you may
test (3.13)	Run actions/checkout@v4	2026-03-22T06:40:43.4254446Z do so (now or later) by using -c with the switch command. Example:
test (3.13)	Run actions/checkout@v4	2026-03-22T06:40:43.4255514Z 
test (3.13)	Run actions/checkout@v4	2026-03-22T06:40:43.4255953Z   git switch -c <new-branch-name>
test (3.13)	Run actions/checkout@v4	2026-03-22T06:40:43.4256715Z 
test (3.13)	Run actions/checkout@v4	2026-03-22T06:40:43.4257104Z Or undo this operation with:
test (3.13)	Run actions/checkout@v4	2026-03-22T06:40:43.4257742Z 
test (3.13)	Run actions/checkout@v4	2026-03-22T06:40:43.4258119Z   git switch -
test (3.13)	Run actions/checkout@v4	2026-03-22T06:40:43.4258643Z 
test (3.13)	Run actions/checkout@v4	2026-03-22T06:40:43.4259416Z Turn off this advice by setting config variable advice.detachedHead to false
test (3.13)	Run actions/checkout@v4	2026-03-22T06:40:43.4260785Z 
test (3.13)	Run actions/checkout@v4	2026-03-22T06:40:43.4262006Z HEAD is now at 184849c Merge e3ee2fe600650292d262f72b92c6fea00644ee14 into 20b36b2d7ef5a91693bdd8bd44881a07b4cce71a
test (3.13)	Run actions/checkout@v4	2026-03-22T06:40:43.4265899Z ##[endgroup]
test (3.13)	Run actions/checkout@v4	2026-03-22T06:40:43.4289802Z [command]/usr/bin/git log -1 --format=%H
test (3.13)	Run actions/checkout@v4	2026-03-22T06:40:43.4312246Z 184849c2a4fffcf0a74c46177ccd278540c1182c
test (3.13)	Install uv	﻿2026-03-22T06:40:43.4675715Z ##[group]Run astral-sh/setup-uv@v5
test (3.13)	Install uv	2026-03-22T06:40:43.4676686Z with:
test (3.13)	Install uv	2026-03-22T06:40:43.4677682Z   github-token: ***
test (3.13)	Install uv	2026-03-22T06:40:43.4678424Z   enable-cache: auto
test (3.13)	Install uv	2026-03-22T06:40:43.4679410Z   cache-dependency-glob: **/uv.lock
test (3.13)	Install uv	**/requirements*.txt
test (3.13)	Install uv	
test (3.13)	Install uv	2026-03-22T06:40:43.4680556Z   prune-cache: true
test (3.13)	Install uv	2026-03-22T06:40:43.4681343Z   ignore-nothing-to-cache: false
test (3.13)	Install uv	2026-03-22T06:40:43.4682267Z   ignore-empty-workdir: false
test (3.13)	Install uv	2026-03-22T06:40:43.4683269Z ##[endgroup]
test (3.13)	Install uv	2026-03-22T06:40:43.9361957Z Downloading uv from "https://github.com/astral-sh/uv/releases/download/0.10.12/uv-x86_64-unknown-linux-gnu.tar.gz" ...
test (3.13)	Install uv	2026-03-22T06:40:44.2463064Z [command]/usr/bin/tar xz --warning=no-unknown-keyword --overwrite -C /home/runner/work/_temp/32ff82bb-80d4-42e9-934a-c935a722d2cd -f /home/runner/work/_temp/15534f76-7ceb-48a9-bdf4-63e3e2eaaf01
test (3.13)	Install uv	2026-03-22T06:40:44.7131863Z Added /home/runner/.local/bin to the path
test (3.13)	Install uv	2026-03-22T06:40:44.7136658Z Added /opt/hostedtoolcache/uv/0.10.12/x86_64 to the path
test (3.13)	Install uv	2026-03-22T06:40:44.7157614Z Set UV_CACHE_DIR to /home/runner/work/_temp/setup-uv-cache
test (3.13)	Install uv	2026-03-22T06:40:44.7158467Z Successfully installed uv version 0.10.12
test (3.13)	Install uv	2026-03-22T06:40:44.7159175Z Searching files using cache dependency glob: **/uv.lock,**/requirements*.txt
test (3.13)	Install uv	2026-03-22T06:40:44.7632275Z /home/runner/work/security-tools/security-tools/src/ghostcheck/data/demo_fixtures/requirements_demo.txt
test (3.13)	Install uv	2026-03-22T06:40:44.7678277Z Found 1 files to hash.
test (3.13)	Install uv	2026-03-22T06:40:44.8690169Z Trying to restore uv cache from GitHub Actions cache with key: setup-uv-1-x86_64-unknown-linux-gnu-3.12.3-73f3c168b8ed388f7d360c1748af41072e57b3b759ca08e3106af5a7be042240
test (3.13)	Install uv	2026-03-22T06:40:44.9485380Z No GitHub Actions cache found for key: setup-uv-1-x86_64-unknown-linux-gnu-3.12.3-73f3c168b8ed388f7d360c1748af41072e57b3b759ca08e3106af5a7be042240
test (3.13)	Set up Python 3.13	﻿2026-03-22T06:40:44.9725421Z ##[group]Run actions/setup-python@v5
test (3.13)	Set up Python 3.13	2026-03-22T06:40:44.9725818Z with:
test (3.13)	Set up Python 3.13	2026-03-22T06:40:44.9726073Z   python-version: 3.13
test (3.13)	Set up Python 3.13	2026-03-22T06:40:44.9726359Z   check-latest: false
test (3.13)	Set up Python 3.13	2026-03-22T06:40:44.9726798Z   token: ***
test (3.13)	Set up Python 3.13	2026-03-22T06:40:44.9727078Z   update-environment: true
test (3.13)	Set up Python 3.13	2026-03-22T06:40:44.9727400Z   allow-prereleases: false
test (3.13)	Set up Python 3.13	2026-03-22T06:40:44.9727728Z   freethreaded: false
test (3.13)	Set up Python 3.13	2026-03-22T06:40:44.9727994Z env:
test (3.13)	Set up Python 3.13	2026-03-22T06:40:44.9728297Z   UV_CACHE_DIR: /home/runner/work/_temp/setup-uv-cache
test (3.13)	Set up Python 3.13	2026-03-22T06:40:44.9728684Z ##[endgroup]
test (3.13)	Set up Python 3.13	2026-03-22T06:40:45.1389778Z ##[group]Installed versions
test (3.13)	Set up Python 3.13	2026-03-22T06:40:45.1478008Z Successfully set up CPython (3.13.12)
test (3.13)	Set up Python 3.13	2026-03-22T06:40:45.1479101Z ##[endgroup]
test (3.13)	Install dependencies	﻿2026-03-22T06:40:45.1595244Z ##[group]Run uv pip install --system -e .[dev]
test (3.13)	Install dependencies	2026-03-22T06:40:45.1595932Z [36;1muv pip install --system -e .[dev][0m
test (3.13)	Install dependencies	2026-03-22T06:40:45.1660137Z shell: /usr/bin/bash -e {0}
test (3.13)	Install dependencies	2026-03-22T06:40:45.1660483Z env:
test (3.13)	Install dependencies	2026-03-22T06:40:45.1660794Z   UV_CACHE_DIR: /home/runner/work/_temp/setup-uv-cache
test (3.13)	Install dependencies	2026-03-22T06:40:45.1661275Z   pythonLocation: /opt/hostedtoolcache/Python/3.13.12/x64
test (3.13)	Install dependencies	2026-03-22T06:40:45.1661832Z   PKG_CONFIG_PATH: /opt/hostedtoolcache/Python/3.13.12/x64/lib/pkgconfig
test (3.13)	Install dependencies	2026-03-22T06:40:45.1662358Z   Python_ROOT_DIR: /opt/hostedtoolcache/Python/3.13.12/x64
test (3.13)	Install dependencies	2026-03-22T06:40:45.1663161Z   Python2_ROOT_DIR: /opt/hostedtoolcache/Python/3.13.12/x64
test (3.13)	Install dependencies	2026-03-22T06:40:45.1663957Z   Python3_ROOT_DIR: /opt/hostedtoolcache/Python/3.13.12/x64
test (3.13)	Install dependencies	2026-03-22T06:40:45.1664447Z   LD_LIBRARY_PATH: /opt/hostedtoolcache/Python/3.13.12/x64/lib
test (3.13)	Install dependencies	2026-03-22T06:40:45.1664867Z ##[endgroup]
test (3.13)	Install dependencies	2026-03-22T06:40:45.7183101Z Using Python 3.13.12 environment at: /opt/hostedtoolcache/Python/3.13.12/x64
test (3.13)	Install dependencies	2026-03-22T06:40:47.9255285Z Resolved 9 packages in 2.20s
test (3.13)	Install dependencies	2026-03-22T06:40:47.9265452Z    Building esprima==4.0.1
test (3.13)	Install dependencies	2026-03-22T06:40:47.9266674Z    Building ghostcheck @ file:///home/runner/work/security-tools/security-tools
test (3.13)	Install dependencies	2026-03-22T06:40:47.9318164Z Downloading pygments (1.2MiB)
test (3.13)	Install dependencies	2026-03-22T06:40:48.0132610Z  Downloaded pygments
test (3.13)	Install dependencies	2026-03-22T06:40:48.6180601Z       Built esprima==4.0.1
test (3.13)	Install dependencies	2026-03-22T06:40:48.6922606Z       Built ghostcheck @ file:///home/runner/work/security-tools/security-tools
test (3.13)	Install dependencies	2026-03-22T06:40:48.6930335Z Prepared 9 packages in 767ms
test (3.13)	Install dependencies	2026-03-22T06:40:48.7021929Z Installed 9 packages in 9ms
test (3.13)	Install dependencies	2026-03-22T06:40:48.7022490Z  + coverage==7.13.5
test (3.13)	Install dependencies	2026-03-22T06:40:48.7023398Z  + esprima==4.0.1
test (3.13)	Install dependencies	2026-03-22T06:40:48.7024183Z  + ghostcheck==0.6.0 (from file:///home/runner/work/security-tools/security-tools)
test (3.13)	Install dependencies	2026-03-22T06:40:48.7024912Z  + iniconfig==2.3.0
test (3.13)	Install dependencies	2026-03-22T06:40:48.7025302Z  + packaging==26.0
test (3.13)	Install dependencies	2026-03-22T06:40:48.7025702Z  + pluggy==1.6.0
test (3.13)	Install dependencies	2026-03-22T06:40:48.7026030Z  + pygments==2.19.2
test (3.13)	Install dependencies	2026-03-22T06:40:48.7026351Z  + pytest==9.0.2
test (3.13)	Install dependencies	2026-03-22T06:40:48.7026681Z  + pytest-cov==7.1.0
test (3.13)	Run tests with coverage	﻿2026-03-22T06:40:48.7313700Z ##[group]Run pytest tests/ -v --cov=ghostcheck --cov-report=xml
test (3.13)	Run tests with coverage	2026-03-22T06:40:48.7314222Z [36;1mpytest tests/ -v --cov=ghostcheck --cov-report=xml[0m
test (3.13)	Run tests with coverage	2026-03-22T06:40:48.7363353Z shell: /usr/bin/bash -e {0}
test (3.13)	Run tests with coverage	2026-03-22T06:40:48.7363597Z env:
test (3.13)	Run tests with coverage	2026-03-22T06:40:48.7363837Z   UV_CACHE_DIR: /home/runner/work/_temp/setup-uv-cache
test (3.13)	Run tests with coverage	2026-03-22T06:40:48.7364203Z   pythonLocation: /opt/hostedtoolcache/Python/3.13.12/x64
test (3.13)	Run tests with coverage	2026-03-22T06:40:48.7364604Z   PKG_CONFIG_PATH: /opt/hostedtoolcache/Python/3.13.12/x64/lib/pkgconfig
test (3.13)	Run tests with coverage	2026-03-22T06:40:48.7365007Z   Python_ROOT_DIR: /opt/hostedtoolcache/Python/3.13.12/x64
test (3.13)	Run tests with coverage	2026-03-22T06:40:48.7365380Z   Python2_ROOT_DIR: /opt/hostedtoolcache/Python/3.13.12/x64
test (3.13)	Run tests with coverage	2026-03-22T06:40:48.7365743Z   Python3_ROOT_DIR: /opt/hostedtoolcache/Python/3.13.12/x64
test (3.13)	Run tests with coverage	2026-03-22T06:40:48.7366128Z   LD_LIBRARY_PATH: /opt/hostedtoolcache/Python/3.13.12/x64/lib
test (3.13)	Run tests with coverage	2026-03-22T06:40:48.7366471Z ##[endgroup]
test (3.13)	Run tests with coverage	2026-03-22T06:40:49.9591024Z ============================= test session starts ==============================
test (3.13)	Run tests with coverage	2026-03-22T06:40:49.9592218Z platform linux -- Python 3.13.12, pytest-9.0.2, pluggy-1.6.0 -- /opt/hostedtoolcache/Python/3.13.12/x64/bin/python
test (3.13)	Run tests with coverage	2026-03-22T06:40:49.9593553Z cachedir: .pytest_cache
test (3.13)	Run tests with coverage	2026-03-22T06:40:49.9594095Z rootdir: /home/runner/work/security-tools/security-tools
test (3.13)	Run tests with coverage	2026-03-22T06:40:49.9594677Z configfile: pyproject.toml
test (3.13)	Run tests with coverage	2026-03-22T06:40:49.9595076Z plugins: cov-7.1.0
test (3.13)	Run tests with coverage	2026-03-22T06:40:51.0299514Z collecting ... collected 30 items
test (3.13)	Run tests with coverage	2026-03-22T06:40:51.0300203Z 
test (3.13)	Run tests with coverage	2026-03-22T06:40:51.0480818Z tests/test_agent_rules.py::test_rules_lint PASSED                        [  3%]
test (3.13)	Run tests with coverage	2026-03-22T06:40:51.0510266Z tests/test_ast_js_scanner.py::test_js_ast_concat PASSED                  [  6%]
test (3.13)	Run tests with coverage	2026-03-22T06:40:51.0526602Z tests/test_ast_js_scanner.py::test_js_ast_malformed PASSED               [ 10%]
test (3.13)	Run tests with coverage	2026-03-22T06:40:51.0548160Z tests/test_ast_scanner.py::test_ast_concat PASSED                        [ 13%]
test (3.13)	Run tests with coverage	2026-03-22T06:40:51.0564671Z tests/test_ast_scanner.py::test_ast_nested_concat PASSED                 [ 16%]
test (3.13)	Run tests with coverage	2026-03-22T06:40:51.0585269Z tests/test_ast_scanner.py::test_ast_recursion_limit PASSED               [ 20%]
test (3.13)	Run tests with coverage	2026-03-22T06:40:51.0600053Z tests/test_ast_scanner.py::test_ast_syntax_error PASSED                  [ 23%]
test (3.13)	Run tests with coverage	2026-03-22T06:40:51.0627256Z tests/test_cache_integrity.py::test_cache_integrity_failure PASSED       [ 26%]
test (3.13)	Run tests with coverage	2026-03-22T06:40:51.0686730Z tests/test_cli.py::test_cli_version PASSED                               [ 30%]
test (3.13)	Run tests with coverage	2026-03-22T06:40:51.0739597Z tests/test_cli.py::test_cli_help PASSED                                  [ 33%]
test (3.13)	Run tests with coverage	2026-03-22T06:40:51.0759130Z tests/test_docker.py::test_docker_latest_tag PASSED                      [ 36%]
test (3.13)	Run tests with coverage	2026-03-22T06:40:51.0781498Z tests/test_docker.py::test_docker_missing_user PASSED                    [ 40%]
test (3.13)	Run tests with coverage	2026-03-22T06:40:51.0786897Z tests/test_docker.py::test_docker_safe_file PASSED                       [ 43%]
test (3.13)	Run tests with coverage	2026-03-22T06:40:51.0799932Z tests/test_env_scanner.py::test_env_unignored PASSED                     [ 46%]
test (3.13)	Run tests with coverage	2026-03-22T06:40:51.0813495Z tests/test_env_scanner.py::test_env_debug PASSED                         [ 50%]
test (3.13)	Run tests with coverage	2026-03-22T06:40:51.0828068Z tests/test_env_scanner.py::test_env_cors_wildcard PASSED                 [ 53%]
test (3.13)	Run tests with coverage	2026-03-22T06:40:51.0843302Z tests/test_hallucination.py::test_parse_requirements PASSED              [ 56%]
test (3.13)	Run tests with coverage	2026-03-22T06:40:51.0862219Z tests/test_hallucination.py::test_check_pypi_not_found PASSED            [ 60%]
test (3.13)	Run tests with coverage	2026-03-22T06:40:51.1220218Z tests/test_hallucination.py::test_check_pypi_success PASSED              [ 63%]
test (3.13)	Run tests with coverage	2026-03-22T06:40:51.1236551Z tests/test_hallucination.py::test_check_pypi_timeout PASSED              [ 66%]
test (3.13)	Run tests with coverage	2026-03-22T06:40:51.1260352Z tests/test_hallucination.py::test_check_pypi_malformed_json PASSED       [ 70%]
test (3.13)	Run tests with coverage	2026-03-22T06:40:51.1285139Z tests/test_hallucination.py::test_check_pypi_new_package PASSED          [ 73%]
test (3.13)	Run tests with coverage	2026-03-22T06:40:51.1299629Z tests/test_hallucination.py::test_empty_requirements PASSED              [ 76%]
test (3.13)	Run tests with coverage	2026-03-22T06:40:51.1322665Z tests/test_secrets.py::test_secret_scan PASSED                           [ 80%]
test (3.13)	Run tests with coverage	2026-03-22T06:40:51.1336780Z tests/test_secrets.py::test_severity_adjustment PASSED                   [ 83%]
test (3.13)	Run tests with coverage	2026-03-22T06:40:51.1350899Z tests/test_secrets.py::test_adjust_severity PASSED                       [ 86%]
test (3.13)	Run tests with coverage	2026-03-22T06:40:51.1375926Z tests/test_security_guards.py::test_path_traversal_protection PASSED     [ 90%]
test (3.13)	Run tests with coverage	2026-03-22T06:40:51.1471777Z tests/test_security_guards.py::test_file_size_limit PASSED               [ 93%]
test (3.13)	Run tests with coverage	2026-03-22T06:40:51.1491826Z tests/test_severity_engine.py::test_severity_downgrade PASSED            [ 96%]
test (3.13)	Run tests with coverage	2026-03-22T06:40:51.4820387Z tests/test_severity_engine.py::test_severity_entropy PASSED              [100%]
test (3.13)	Run tests with coverage	2026-03-22T06:40:51.4821412Z 
test (3.13)	Run tests with coverage	2026-03-22T06:40:51.4822012Z =============================== warnings summary ===============================
test (3.13)	Run tests with coverage	2026-03-22T06:40:51.4823086Z tests/test_ast_scanner.py: 20 warnings
test (3.13)	Run tests with coverage	2026-03-22T06:40:51.4825187Z   /home/runner/work/security-tools/security-tools/src/ghostcheck/checks/ast_scanner.py:45: DeprecationWarning: ast.Str is deprecated and will be removed in Python 3.14; use ast.Constant instead
test (3.13)	Run tests with coverage	2026-03-22T06:40:51.4827038Z     elif isinstance(node, (ast.Constant, getattr(ast, 'Str', type(None)))):
test (3.13)	Run tests with coverage	2026-03-22T06:40:51.4827406Z 
test (3.13)	Run tests with coverage	2026-03-22T06:40:51.4827527Z tests/test_ast_scanner.py: 14 warnings
test (3.13)	Run tests with coverage	2026-03-22T06:40:51.4828529Z   /home/runner/work/security-tools/security-tools/src/ghostcheck/checks/ast_scanner.py:64: DeprecationWarning: ast.Str is deprecated and will be removed in Python 3.14; use ast.Constant instead
test (3.13)	Run tests with coverage	2026-03-22T06:40:51.4829596Z     if hasattr(ast, 'Str') and isinstance(node, ast.Str):
test (3.13)	Run tests with coverage	2026-03-22T06:40:51.4829886Z 
test (3.13)	Run tests with coverage	2026-03-22T06:40:51.4830140Z -- Docs: https://docs.pytest.org/en/stable/how-to/capture-warnings.html
test (3.13)	Run tests with coverage	2026-03-22T06:40:51.4830694Z ================================ tests coverage ================================
test (3.13)	Run tests with coverage	2026-03-22T06:40:51.4831215Z _______________ coverage: platform linux, python 3.13.12-final-0 _______________
test (3.13)	Run tests with coverage	2026-03-22T06:40:51.4831578Z 
test (3.13)	Run tests with coverage	2026-03-22T06:40:51.4831704Z Coverage XML written to file coverage.xml
test (3.13)	Run tests with coverage	2026-03-22T06:40:51.4832113Z ======================= 30 passed, 34 warnings in 1.38s ========================
test (3.13)	Upload coverage to Codecov	﻿2026-03-22T06:40:51.6282004Z ##[group]Run codecov/codecov-action@v4
test (3.13)	Upload coverage to Codecov	2026-03-22T06:40:51.6282285Z with:
test (3.13)	Upload coverage to Codecov	2026-03-22T06:40:51.6282465Z   file: ./coverage.xml
test (3.13)	Upload coverage to Codecov	2026-03-22T06:40:51.6282669Z   fail_ci_if_error: false
test (3.13)	Upload coverage to Codecov	2026-03-22T06:40:51.6283051Z env:
test (3.13)	Upload coverage to Codecov	2026-03-22T06:40:51.6283266Z   UV_CACHE_DIR: /home/runner/work/_temp/setup-uv-cache
test (3.13)	Upload coverage to Codecov	2026-03-22T06:40:51.6283621Z   pythonLocation: /opt/hostedtoolcache/Python/3.13.12/x64
test (3.13)	Upload coverage to Codecov	2026-03-22T06:40:51.6284262Z   PKG_CONFIG_PATH: /opt/hostedtoolcache/Python/3.13.12/x64/lib/pkgconfig
test (3.13)	Upload coverage to Codecov	2026-03-22T06:40:51.6284667Z   Python_ROOT_DIR: /opt/hostedtoolcache/Python/3.13.12/x64
test (3.13)	Upload coverage to Codecov	2026-03-22T06:40:51.6285022Z   Python2_ROOT_DIR: /opt/hostedtoolcache/Python/3.13.12/x64
test (3.13)	Upload coverage to Codecov	2026-03-22T06:40:51.6285378Z   Python3_ROOT_DIR: /opt/hostedtoolcache/Python/3.13.12/x64
test (3.13)	Upload coverage to Codecov	2026-03-22T06:40:51.6285755Z   LD_LIBRARY_PATH: /opt/hostedtoolcache/Python/3.13.12/x64/lib
test (3.13)	Upload coverage to Codecov	2026-03-22T06:40:51.6286055Z   CODECOV_TOKEN: 
test (3.13)	Upload coverage to Codecov	2026-03-22T06:40:51.6286233Z ##[endgroup]
test (3.13)	Upload coverage to Codecov	2026-03-22T06:40:51.7139041Z eventName: pull_request
test (3.13)	Upload coverage to Codecov	2026-03-22T06:40:51.7140673Z baseRef: KbWen:main | headRef: KbWen:feat/v0.6.0
test (3.13)	Upload coverage to Codecov	2026-03-22T06:40:51.7149185Z ==> linux OS detected
test (3.13)	Upload coverage to Codecov	2026-03-22T06:40:51.8966018Z https://cli.codecov.io/latest/linux/codecov.SHA256SUM
test (3.13)	Upload coverage to Codecov	2026-03-22T06:40:51.9514717Z gpg: directory '/home/runner/.gnupg' created
test (3.13)	Upload coverage to Codecov	2026-03-22T06:40:51.9518814Z gpg: keybox '/home/runner/.gnupg/pubring.kbx' created
test (3.13)	Upload coverage to Codecov	2026-03-22T06:40:51.9727235Z gpg: /home/runner/.gnupg/trustdb.gpg: trustdb created
test (3.13)	Upload coverage to Codecov	2026-03-22T06:40:51.9728286Z gpg: key 806BB28AED779869: public key "Codecov Uploader (Codecov Uploader Verification Key) <security@codecov.io>" imported
test (3.13)	Upload coverage to Codecov	2026-03-22T06:40:52.0245594Z gpg: Total number processed: 1
test (3.13)	Upload coverage to Codecov	2026-03-22T06:40:52.0246139Z gpg:               imported: 1
test (3.13)	Upload coverage to Codecov	2026-03-22T06:40:52.0302369Z gpg: Signature made Tue Mar 17 20:46:01 2026 UTC
test (3.13)	Upload coverage to Codecov	2026-03-22T06:40:52.0303292Z gpg:                using RSA key 27034E7FDB850E0BBC2C62FF806BB28AED779869
test (3.13)	Upload coverage to Codecov	2026-03-22T06:40:52.0306815Z gpg: Good signature from "Codecov Uploader (Codecov Uploader Verification Key) <security@codecov.io>" [unknown]
test (3.13)	Upload coverage to Codecov	2026-03-22T06:40:52.0307932Z gpg: WARNING: This key is not certified with a trusted signature!
test (3.13)	Upload coverage to Codecov	2026-03-22T06:40:52.0308696Z gpg:          There is no indication that the signature belongs to the owner.
test (3.13)	Upload coverage to Codecov	2026-03-22T06:40:52.0309481Z Primary key fingerprint: 2703 4E7F DB85 0E0B BC2C  62FF 806B B28A ED77 9869
test (3.13)	Upload coverage to Codecov	2026-03-22T06:40:52.0544588Z ==> Uploader SHASUM verified (c6646fe70dc2aee9bcd04f65231f7d0f79db8134d2a36f2535cd52163fd3f0a7  codecov)
test (3.13)	Upload coverage to Codecov	2026-03-22T06:40:52.0545864Z ==> Running version latest
test (3.13)	Upload coverage to Codecov	2026-03-22T06:40:52.1260993Z Could not pull latest version information: SyntaxError: Unexpected token '<', "<!DOCTYPE "... is not valid JSON
test (3.13)	Upload coverage to Codecov	2026-03-22T06:40:52.1263442Z ==> Running git config --global --add safe.directory /home/runner/work/security-tools/security-tools
test (3.13)	Upload coverage to Codecov	2026-03-22T06:40:52.1378471Z [command]/usr/bin/git config --global --add safe.directory /home/runner/work/security-tools/security-tools
test (3.13)	Upload coverage to Codecov	2026-03-22T06:40:52.1432384Z ==> Running command '/home/runner/work/_actions/codecov/codecov-action/v4/dist/codecov create-commit'
test (3.13)	Upload coverage to Codecov	2026-03-22T06:40:52.1435776Z [command]/home/runner/work/_actions/codecov/codecov-action/v4/dist/codecov create-commit --git-service github -C e3ee2fe600650292d262f72b92c6fea00644ee14
test (3.13)	Upload coverage to Codecov	2026-03-22T06:40:52.4973502Z info - 2026-03-22 06:40:52,496 -- ci service found: github-actions
test (3.13)	Upload coverage to Codecov	2026-03-22T06:40:52.5070084Z warning - 2026-03-22 06:40:52,506 -- No config file could be found. Ignoring config.
test (3.13)	Upload coverage to Codecov	2026-03-22T06:40:52.5384723Z warning - 2026-03-22 06:40:52,538 -- Branch `feat/v0.6.0` is protected but no token was provided
test (3.13)	Upload coverage to Codecov	2026-03-22T06:40:52.5386080Z warning - 2026-03-22 06:40:52,538 -- For information on Codecov upload tokens, see https://docs.codecov.com/docs/codecov-tokens
test (3.13)	Upload coverage to Codecov	2026-03-22T06:40:52.7626368Z info - 2026-03-22 06:40:52,762 -- Process Commit creating complete
test (3.13)	Upload coverage to Codecov	2026-03-22T06:40:52.7627853Z error - 2026-03-22 06:40:52,762 -- Commit creating failed: {"message":"Token required - not valid tokenless upload"}
test (3.13)	Upload coverage to Codecov	2026-03-22T06:40:52.8993398Z ==> Running command '/home/runner/work/_actions/codecov/codecov-action/v4/dist/codecov create-report'
test (3.13)	Upload coverage to Codecov	2026-03-22T06:40:52.8995614Z [command]/home/runner/work/_actions/codecov/codecov-action/v4/dist/codecov create-report --git-service github -C e3ee2fe600650292d262f72b92c6fea00644ee14
test (3.13)	Upload coverage to Codecov	2026-03-22T06:40:53.2543378Z info - 2026-03-22 06:40:53,253 -- ci service found: github-actions
test (3.13)	Upload coverage to Codecov	2026-03-22T06:40:53.2645089Z warning - 2026-03-22 06:40:53,264 -- No config file could be found. Ignoring config.
test (3.13)	Upload coverage to Codecov	2026-03-22T06:40:53.4811342Z info - 2026-03-22 06:40:53,480 -- Process Report creating complete
test (3.13)	Upload coverage to Codecov	2026-03-22T06:40:53.4816838Z error - 2026-03-22 06:40:53,481 -- Report creating failed: {"message":"Token required - not valid tokenless upload"}
test (3.13)	Upload coverage to Codecov	2026-03-22T06:40:53.6220124Z ==> Running command '/home/runner/work/_actions/codecov/codecov-action/v4/dist/codecov do-upload'
test (3.13)	Upload coverage to Codecov	2026-03-22T06:40:53.6222288Z [command]/home/runner/work/_actions/codecov/codecov-action/v4/dist/codecov do-upload -f ./coverage.xml --git-service github -C e3ee2fe600650292d262f72b92c6fea00644ee14
test (3.13)	Upload coverage to Codecov	2026-03-22T06:40:53.9714845Z info - 2026-03-22 06:40:53,971 -- ci service found: github-actions
test (3.13)	Upload coverage to Codecov	2026-03-22T06:40:53.9811723Z warning - 2026-03-22 06:40:53,980 -- No config file could be found. Ignoring config.
test (3.13)	Upload coverage to Codecov	2026-03-22T06:40:54.0133549Z warning - 2026-03-22 06:40:54,013 -- xcrun is not installed or can't be found.
test (3.13)	Upload coverage to Codecov	2026-03-22T06:40:54.0204568Z warning - 2026-03-22 06:40:54,020 -- No gcov data found.
test (3.13)	Upload coverage to Codecov	2026-03-22T06:40:54.0213077Z info - 2026-03-22 06:40:54,021 -- Generating coverage.xml report in /home/runner/work/security-tools/security-tools
test (3.13)	Upload coverage to Codecov	2026-03-22T06:40:54.2323917Z info - 2026-03-22 06:40:54,231 -- Wrote XML report to coverage.xml
test (3.13)	Upload coverage to Codecov	2026-03-22T06:40:54.2620210Z info - 2026-03-22 06:40:54,261 -- Found 1 coverage files to report
test (3.13)	Upload coverage to Codecov	2026-03-22T06:40:54.2621314Z info - 2026-03-22 06:40:54,261 -- > /home/runner/work/security-tools/security-tools/coverage.xml
test (3.13)	Upload coverage to Codecov	2026-03-22T06:40:54.4563323Z info - 2026-03-22 06:40:54,455 -- Process Upload complete
test (3.13)	Upload coverage to Codecov	2026-03-22T06:40:54.4564727Z error - 2026-03-22 06:40:54,456 -- Upload failed: {"message":"Token required - not valid tokenless upload"}
test (3.13)	Post Set up Python 3.13	﻿2026-03-22T06:40:54.6167417Z Post job cleanup.
test (3.13)	Post Install uv	﻿2026-03-22T06:40:54.7779966Z Post job cleanup.
test (3.13)	Post Install uv	2026-03-22T06:40:54.9345611Z Pruning cache...
test (3.13)	Post Install uv	2026-03-22T06:40:54.9759782Z Saving cache path: /home/runner/work/_temp/setup-uv-cache
test (3.13)	Post Install uv	2026-03-22T06:40:54.9914792Z [command]/usr/bin/tar --posix -cf cache.tzst --exclude cache.tzst -P -C /home/runner/work/security-tools/security-tools --files-from manifest.txt --use-compress-program zstdmt
test (3.13)	Post Install uv	2026-03-22T06:40:55.4359929Z Sent 1160159 of 1160159 (100.0%), 4.4 MBs/sec
test (3.13)	Post Install uv	2026-03-22T06:40:55.5140657Z cache saved with the key: setup-uv-1-x86_64-unknown-linux-gnu-3.12.3-73f3c168b8ed388f7d360c1748af41072e57b3b759ca08e3106af5a7be042240
test (3.13)	Post Run actions/checkout@v4	﻿2026-03-22T06:40:55.5260913Z Post job cleanup.
test (3.13)	Post Run actions/checkout@v4	2026-03-22T06:40:55.6214933Z [command]/usr/bin/git version
test (3.13)	Post Run actions/checkout@v4	2026-03-22T06:40:55.6252248Z git version 2.53.0
test (3.13)	Post Run actions/checkout@v4	2026-03-22T06:40:55.6297692Z Copying '/home/runner/.gitconfig' to '/home/runner/work/_temp/2ce84ada-2e5e-40b5-8afc-7231431f4a58/.gitconfig'
test (3.13)	Post Run actions/checkout@v4	2026-03-22T06:40:55.6307880Z Temporarily overriding HOME='/home/runner/work/_temp/2ce84ada-2e5e-40b5-8afc-7231431f4a58' before making global git config changes
test (3.13)	Post Run actions/checkout@v4	2026-03-22T06:40:55.6309238Z Adding repository directory to the temporary git global config as a safe directory
test (3.13)	Post Run actions/checkout@v4	2026-03-22T06:40:55.6314664Z [command]/usr/bin/git config --global --add safe.directory /home/runner/work/security-tools/security-tools
test (3.13)	Post Run actions/checkout@v4	2026-03-22T06:40:55.6355922Z [command]/usr/bin/git config --local --name-only --get-regexp core\.sshCommand
test (3.13)	Post Run actions/checkout@v4	2026-03-22T06:40:55.6389328Z [command]/usr/bin/git submodule foreach --recursive sh -c "git config --local --name-only --get-regexp 'core\.sshCommand' && git config --local --unset-all 'core.sshCommand' || :"
test (3.13)	Post Run actions/checkout@v4	2026-03-22T06:40:55.6637794Z [command]/usr/bin/git config --local --name-only --get-regexp http\.https\:\/\/github\.com\/\.extraheader
test (3.13)	Post Run actions/checkout@v4	2026-03-22T06:40:55.6660083Z http.https://github.com/.extraheader
test (3.13)	Post Run actions/checkout@v4	2026-03-22T06:40:55.6673151Z [command]/usr/bin/git config --local --unset-all http.https://github.com/.extraheader
test (3.13)	Post Run actions/checkout@v4	2026-03-22T06:40:55.6704554Z [command]/usr/bin/git submodule foreach --recursive sh -c "git config --local --name-only --get-regexp 'http\.https\:\/\/github\.com\/\.extraheader' && git config --local --unset-all 'http.https://github.com/.extraheader' || :"
test (3.13)	Post Run actions/checkout@v4	2026-03-22T06:40:55.6940503Z [command]/usr/bin/git config --local --name-only --get-regexp ^includeIf\.gitdir:
test (3.13)	Post Run actions/checkout@v4	2026-03-22T06:40:55.6971801Z [command]/usr/bin/git submodule foreach --recursive git config --local --show-origin --name-only --get-regexp remote.origin.url
test (3.13)	Complete job	﻿2026-03-22T06:40:55.7362139Z Cleaning up orphan processes
test (3.13)	Complete job	2026-03-22T06:40:55.7655436Z ##[warning]Node.js 20 actions are deprecated. The following actions are running on Node.js 20 and may not work as expected: actions/checkout@v4, actions/setup-python@v5, astral-sh/setup-uv@v5, codecov/codecov-action@v4. Actions will be forced to run with Node.js 24 by default starting June 2nd, 2026. Please check if updated versions of these actions are available that support Node.js 24. To opt into Node.js 24 now, set the FORCE_JAVASCRIPT_ACTIONS_TO_NODE24=true environment variable on the runner or in your workflow file. Once Node.js 24 becomes the default, you can temporarily opt out by setting ACTIONS_ALLOW_USE_UNSECURE_NODE_VERSION=true. For more information see: https://github.blog/changelog/2025-09-19-deprecation-of-node-20-on-github-actions-runners/
test (3.9)	Set up job	﻿2026-03-22T06:40:41.3373491Z Current runner version: '2.332.0'
test (3.9)	Set up job	2026-03-22T06:40:41.3397337Z ##[group]Runner Image Provisioner
test (3.9)	Set up job	2026-03-22T06:40:41.3398277Z Hosted Compute Agent
test (3.9)	Set up job	2026-03-22T06:40:41.3398806Z Version: 20260213.493
test (3.9)	Set up job	2026-03-22T06:40:41.3399419Z Commit: 5c115507f6dd24b8de37d8bbe0bb4509d0cc0fa3
test (3.9)	Set up job	2026-03-22T06:40:41.3400217Z Build Date: 2026-02-13T00:28:41Z
test (3.9)	Set up job	2026-03-22T06:40:41.3400849Z Worker ID: {f68f971f-176b-406d-9785-18c7e3392c60}
test (3.9)	Set up job	2026-03-22T06:40:41.3401587Z Azure Region: northcentralus
test (3.9)	Set up job	2026-03-22T06:40:41.3402223Z ##[endgroup]
test (3.9)	Set up job	2026-03-22T06:40:41.3403578Z ##[group]Operating System
test (3.9)	Set up job	2026-03-22T06:40:41.3404170Z Ubuntu
test (3.9)	Set up job	2026-03-22T06:40:41.3404729Z 24.04.3
test (3.9)	Set up job	2026-03-22T06:40:41.3405161Z LTS
test (3.9)	Set up job	2026-03-22T06:40:41.3405903Z ##[endgroup]
test (3.9)	Set up job	2026-03-22T06:40:41.3406498Z ##[group]Runner Image
test (3.9)	Set up job	2026-03-22T06:40:41.3407022Z Image: ubuntu-24.04
test (3.9)	Set up job	2026-03-22T06:40:41.3407546Z Version: 20260309.50.1
test (3.9)	Set up job	2026-03-22T06:40:41.3408547Z Included Software: https://github.com/actions/runner-images/blob/ubuntu24/20260309.50/images/ubuntu/Ubuntu2404-Readme.md
test (3.9)	Set up job	2026-03-22T06:40:41.3410225Z Image Release: https://github.com/actions/runner-images/releases/tag/ubuntu24%2F20260309.50
test (3.9)	Set up job	2026-03-22T06:40:41.3411198Z ##[endgroup]
test (3.9)	Set up job	2026-03-22T06:40:41.3412278Z ##[group]GITHUB_TOKEN Permissions
test (3.9)	Set up job	2026-03-22T06:40:41.3414250Z Contents: read
test (3.9)	Set up job	2026-03-22T06:40:41.3414816Z Metadata: read
test (3.9)	Set up job	2026-03-22T06:40:41.3415364Z Packages: read
test (3.9)	Set up job	2026-03-22T06:40:41.3416068Z ##[endgroup]
test (3.9)	Set up job	2026-03-22T06:40:41.3418137Z Secret source: Actions
test (3.9)	Set up job	2026-03-22T06:40:41.3418827Z Prepare workflow directory
test (3.9)	Set up job	2026-03-22T06:40:41.3874756Z Prepare all required actions
test (3.9)	Set up job	2026-03-22T06:40:41.3929699Z Getting action download info
test (3.9)	Set up job	2026-03-22T06:40:41.7435062Z Download action repository 'actions/checkout@v4' (SHA:34e114876b0b11c390a56381ad16ebd13914f8d5)
test (3.9)	Set up job	2026-03-22T06:40:41.8890081Z Download action repository 'astral-sh/setup-uv@v5' (SHA:d4b2f3b6ecc6e67c4457f6d3e41ec42d3d0fcb86)
test (3.9)	Set up job	2026-03-22T06:40:42.3231288Z Download action repository 'actions/setup-python@v5' (SHA:a26af69be951a213d495a4c3e4e4022e16d87065)
test (3.9)	Set up job	2026-03-22T06:40:42.4589923Z Download action repository 'codecov/codecov-action@v4' (SHA:b9fd7d16f6d7d1b5d2bec1a2887e65ceed900238)
test (3.9)	Set up job	2026-03-22T06:40:42.9506296Z Complete job name: test (3.9)
test (3.9)	Run actions/checkout@v4	﻿2026-03-22T06:40:43.0289471Z ##[group]Run actions/checkout@v4
test (3.9)	Run actions/checkout@v4	2026-03-22T06:40:43.0290823Z with:
test (3.9)	Run actions/checkout@v4	2026-03-22T06:40:43.0291621Z   repository: KbWen/security-tools
test (3.9)	Run actions/checkout@v4	2026-03-22T06:40:43.0292883Z   token: ***
test (3.9)	Run actions/checkout@v4	2026-03-22T06:40:43.0293642Z   ssh-strict: true
test (3.9)	Run actions/checkout@v4	2026-03-22T06:40:43.0294431Z   ssh-user: git
test (3.9)	Run actions/checkout@v4	2026-03-22T06:40:43.0295241Z   persist-credentials: true
test (3.9)	Run actions/checkout@v4	2026-03-22T06:40:43.0296320Z   clean: true
test (3.9)	Run actions/checkout@v4	2026-03-22T06:40:43.0297147Z   sparse-checkout-cone-mode: true
test (3.9)	Run actions/checkout@v4	2026-03-22T06:40:43.0298129Z   fetch-depth: 1
test (3.9)	Run actions/checkout@v4	2026-03-22T06:40:43.0298926Z   fetch-tags: false
test (3.9)	Run actions/checkout@v4	2026-03-22T06:40:43.0299736Z   show-progress: true
test (3.9)	Run actions/checkout@v4	2026-03-22T06:40:43.0300547Z   lfs: false
test (3.9)	Run actions/checkout@v4	2026-03-22T06:40:43.0301290Z   submodules: false
test (3.9)	Run actions/checkout@v4	2026-03-22T06:40:43.0302129Z   set-safe-directory: true
test (3.9)	Run actions/checkout@v4	2026-03-22T06:40:43.0303283Z ##[endgroup]
test (3.9)	Run actions/checkout@v4	2026-03-22T06:40:43.1412198Z Syncing repository: KbWen/security-tools
test (3.9)	Run actions/checkout@v4	2026-03-22T06:40:43.1416849Z ##[group]Getting Git version info
test (3.9)	Run actions/checkout@v4	2026-03-22T06:40:43.1419502Z Working directory is '/home/runner/work/security-tools/security-tools'
test (3.9)	Run actions/checkout@v4	2026-03-22T06:40:43.1422679Z [command]/usr/bin/git version
test (3.9)	Run actions/checkout@v4	2026-03-22T06:40:43.1483932Z git version 2.53.0
test (3.9)	Run actions/checkout@v4	2026-03-22T06:40:43.1510717Z ##[endgroup]
test (3.9)	Run actions/checkout@v4	2026-03-22T06:40:43.1524601Z Temporarily overriding HOME='/home/runner/work/_temp/e7fa576d-24f9-4990-822f-eeda07ab08ab' before making global git config changes
test (3.9)	Run actions/checkout@v4	2026-03-22T06:40:43.1528007Z Adding repository directory to the temporary git global config as a safe directory
test (3.9)	Run actions/checkout@v4	2026-03-22T06:40:43.1531204Z [command]/usr/bin/git config --global --add safe.directory /home/runner/work/security-tools/security-tools
test (3.9)	Run actions/checkout@v4	2026-03-22T06:40:43.1574143Z Deleting the contents of '/home/runner/work/security-tools/security-tools'
test (3.9)	Run actions/checkout@v4	2026-03-22T06:40:43.1577823Z ##[group]Initializing the repository
test (3.9)	Run actions/checkout@v4	2026-03-22T06:40:43.1581715Z [command]/usr/bin/git init /home/runner/work/security-tools/security-tools
test (3.9)	Run actions/checkout@v4	2026-03-22T06:40:43.1709961Z hint: Using 'master' as the name for the initial branch. This default branch name
test (3.9)	Run actions/checkout@v4	2026-03-22T06:40:43.1712511Z hint: will change to "main" in Git 3.0. To configure the initial branch name
test (3.9)	Run actions/checkout@v4	2026-03-22T06:40:43.1716128Z hint: to use in all of your new repositories, which will suppress this warning,
test (3.9)	Run actions/checkout@v4	2026-03-22T06:40:43.1719155Z hint: call:
test (3.9)	Run actions/checkout@v4	2026-03-22T06:40:43.1720778Z hint:
test (3.9)	Run actions/checkout@v4	2026-03-22T06:40:43.1722688Z hint: 	git config --global init.defaultBranch <name>
test (3.9)	Run actions/checkout@v4	2026-03-22T06:40:43.1724880Z hint:
test (3.9)	Run actions/checkout@v4	2026-03-22T06:40:43.1727649Z hint: Names commonly chosen instead of 'master' are 'main', 'trunk' and
test (3.9)	Run actions/checkout@v4	2026-03-22T06:40:43.1731034Z hint: 'development'. The just-created branch can be renamed via this command:
test (3.9)	Run actions/checkout@v4	2026-03-22T06:40:43.1733748Z hint:
test (3.9)	Run actions/checkout@v4	2026-03-22T06:40:43.1735428Z hint: 	git branch -m <name>
test (3.9)	Run actions/checkout@v4	2026-03-22T06:40:43.1737005Z hint:
test (3.9)	Run actions/checkout@v4	2026-03-22T06:40:43.1738449Z hint: Disable this message with "git config set advice.defaultBranchName false"
test (3.9)	Run actions/checkout@v4	2026-03-22T06:40:43.1741050Z Initialized empty Git repository in /home/runner/work/security-tools/security-tools/.git/
test (3.9)	Run actions/checkout@v4	2026-03-22T06:40:43.1746901Z [command]/usr/bin/git remote add origin https://github.com/KbWen/security-tools
test (3.9)	Run actions/checkout@v4	2026-03-22T06:40:43.1768263Z ##[endgroup]
test (3.9)	Run actions/checkout@v4	2026-03-22T06:40:43.1771337Z ##[group]Disabling automatic garbage collection
test (3.9)	Run actions/checkout@v4	2026-03-22T06:40:43.1773736Z [command]/usr/bin/git config --local gc.auto 0
test (3.9)	Run actions/checkout@v4	2026-03-22T06:40:43.1804423Z ##[endgroup]
test (3.9)	Run actions/checkout@v4	2026-03-22T06:40:43.1807365Z ##[group]Setting up auth
test (3.9)	Run actions/checkout@v4	2026-03-22T06:40:43.1812089Z [command]/usr/bin/git config --local --name-only --get-regexp core\.sshCommand
test (3.9)	Run actions/checkout@v4	2026-03-22T06:40:43.1847421Z [command]/usr/bin/git submodule foreach --recursive sh -c "git config --local --name-only --get-regexp 'core\.sshCommand' && git config --local --unset-all 'core.sshCommand' || :"
test (3.9)	Run actions/checkout@v4	2026-03-22T06:40:43.2208354Z [command]/usr/bin/git config --local --name-only --get-regexp http\.https\:\/\/github\.com\/\.extraheader
test (3.9)	Run actions/checkout@v4	2026-03-22T06:40:43.2242131Z [command]/usr/bin/git submodule foreach --recursive sh -c "git config --local --name-only --get-regexp 'http\.https\:\/\/github\.com\/\.extraheader' && git config --local --unset-all 'http.https://github.com/.extraheader' || :"
test (3.9)	Run actions/checkout@v4	2026-03-22T06:40:43.2472778Z [command]/usr/bin/git config --local --name-only --get-regexp ^includeIf\.gitdir:
test (3.9)	Run actions/checkout@v4	2026-03-22T06:40:43.2513801Z [command]/usr/bin/git submodule foreach --recursive git config --local --show-origin --name-only --get-regexp remote.origin.url
test (3.9)	Run actions/checkout@v4	2026-03-22T06:40:43.2750830Z [command]/usr/bin/git config --local http.https://github.com/.extraheader AUTHORIZATION: basic ***
test (3.9)	Run actions/checkout@v4	2026-03-22T06:40:43.2785337Z ##[endgroup]
test (3.9)	Run actions/checkout@v4	2026-03-22T06:40:43.2787767Z ##[group]Fetching the repository
test (3.9)	Run actions/checkout@v4	2026-03-22T06:40:43.2794810Z [command]/usr/bin/git -c protocol.version=2 fetch --no-tags --prune --no-recurse-submodules --depth=1 origin +184849c2a4fffcf0a74c46177ccd278540c1182c:refs/remotes/pull/1/merge
test (3.9)	Run actions/checkout@v4	2026-03-22T06:40:43.5973517Z From https://github.com/KbWen/security-tools
test (3.9)	Run actions/checkout@v4	2026-03-22T06:40:43.5976597Z  * [new ref]         184849c2a4fffcf0a74c46177ccd278540c1182c -> pull/1/merge
test (3.9)	Run actions/checkout@v4	2026-03-22T06:40:43.6014035Z ##[endgroup]
test (3.9)	Run actions/checkout@v4	2026-03-22T06:40:43.6017050Z ##[group]Determining the checkout info
test (3.9)	Run actions/checkout@v4	2026-03-22T06:40:43.6020258Z ##[endgroup]
test (3.9)	Run actions/checkout@v4	2026-03-22T06:40:43.6022153Z [command]/usr/bin/git sparse-checkout disable
test (3.9)	Run actions/checkout@v4	2026-03-22T06:40:43.6067819Z [command]/usr/bin/git config --local --unset-all extensions.worktreeConfig
test (3.9)	Run actions/checkout@v4	2026-03-22T06:40:43.6098401Z ##[group]Checking out the ref
test (3.9)	Run actions/checkout@v4	2026-03-22T06:40:43.6101348Z [command]/usr/bin/git checkout --progress --force refs/remotes/pull/1/merge
test (3.9)	Run actions/checkout@v4	2026-03-22T06:40:43.6267118Z Note: switching to 'refs/remotes/pull/1/merge'.
test (3.9)	Run actions/checkout@v4	2026-03-22T06:40:43.6269659Z 
test (3.9)	Run actions/checkout@v4	2026-03-22T06:40:43.6271011Z You are in 'detached HEAD' state. You can look around, make experimental
test (3.9)	Run actions/checkout@v4	2026-03-22T06:40:43.6274136Z changes and commit them, and you can discard any commits you make in this
test (3.9)	Run actions/checkout@v4	2026-03-22T06:40:43.6277716Z state without impacting any branches by switching back to a branch.
test (3.9)	Run actions/checkout@v4	2026-03-22T06:40:43.6279616Z 
test (3.9)	Run actions/checkout@v4	2026-03-22T06:40:43.6281024Z If you want to create a new branch to retain commits you create, you may
test (3.9)	Run actions/checkout@v4	2026-03-22T06:40:43.6284485Z do so (now or later) by using -c with the switch command. Example:
test (3.9)	Run actions/checkout@v4	2026-03-22T06:40:43.6286474Z 
test (3.9)	Run actions/checkout@v4	2026-03-22T06:40:43.6287166Z   git switch -c <new-branch-name>
test (3.9)	Run actions/checkout@v4	2026-03-22T06:40:43.6288503Z 
test (3.9)	Run actions/checkout@v4	2026-03-22T06:40:43.6289145Z Or undo this operation with:
test (3.9)	Run actions/checkout@v4	2026-03-22T06:40:43.6289963Z 
test (3.9)	Run actions/checkout@v4	2026-03-22T06:40:43.6290335Z   git switch -
test (3.9)	Run actions/checkout@v4	2026-03-22T06:40:43.6290807Z 
test (3.9)	Run actions/checkout@v4	2026-03-22T06:40:43.6291626Z Turn off this advice by setting config variable advice.detachedHead to false
test (3.9)	Run actions/checkout@v4	2026-03-22T06:40:43.6292750Z 
test (3.9)	Run actions/checkout@v4	2026-03-22T06:40:43.6294362Z HEAD is now at 184849c Merge e3ee2fe600650292d262f72b92c6fea00644ee14 into 20b36b2d7ef5a91693bdd8bd44881a07b4cce71a
test (3.9)	Run actions/checkout@v4	2026-03-22T06:40:43.6300079Z ##[endgroup]
test (3.9)	Run actions/checkout@v4	2026-03-22T06:40:43.6316689Z [command]/usr/bin/git log -1 --format=%H
test (3.9)	Run actions/checkout@v4	2026-03-22T06:40:43.6340506Z 184849c2a4fffcf0a74c46177ccd278540c1182c
test (3.9)	Install uv	﻿2026-03-22T06:40:43.6714094Z ##[group]Run astral-sh/setup-uv@v5
test (3.9)	Install uv	2026-03-22T06:40:43.6715093Z with:
test (3.9)	Install uv	2026-03-22T06:40:43.6716265Z   github-token: ***
test (3.9)	Install uv	2026-03-22T06:40:43.6717059Z   enable-cache: auto
test (3.9)	Install uv	2026-03-22T06:40:43.6718095Z   cache-dependency-glob: **/uv.lock
test (3.9)	Install uv	**/requirements*.txt
test (3.9)	Install uv	
test (3.9)	Install uv	2026-03-22T06:40:43.6719296Z   prune-cache: true
test (3.9)	Install uv	2026-03-22T06:40:43.6720131Z   ignore-nothing-to-cache: false
test (3.9)	Install uv	2026-03-22T06:40:43.6721091Z   ignore-empty-workdir: false
test (3.9)	Install uv	2026-03-22T06:40:43.6721977Z ##[endgroup]
test (3.9)	Install uv	2026-03-22T06:40:44.1699163Z Downloading uv from "https://github.com/astral-sh/uv/releases/download/0.10.12/uv-x86_64-unknown-linux-gnu.tar.gz" ...
test (3.9)	Install uv	2026-03-22T06:40:44.4899477Z [command]/usr/bin/tar xz --warning=no-unknown-keyword --overwrite -C /home/runner/work/_temp/91a396f6-24b8-4194-a9e8-c5ab256b1f48 -f /home/runner/work/_temp/437cfe30-9415-4f05-a330-08da6acdd878
test (3.9)	Install uv	2026-03-22T06:40:44.9564005Z Added /home/runner/.local/bin to the path
test (3.9)	Install uv	2026-03-22T06:40:44.9576237Z Added /opt/hostedtoolcache/uv/0.10.12/x86_64 to the path
test (3.9)	Install uv	2026-03-22T06:40:44.9609549Z Set UV_CACHE_DIR to /home/runner/work/_temp/setup-uv-cache
test (3.9)	Install uv	2026-03-22T06:40:44.9610023Z Successfully installed uv version 0.10.12
test (3.9)	Install uv	2026-03-22T06:40:44.9610811Z Searching files using cache dependency glob: **/uv.lock,**/requirements*.txt
test (3.9)	Install uv	2026-03-22T06:40:45.0065509Z /home/runner/work/security-tools/security-tools/src/ghostcheck/data/demo_fixtures/requirements_demo.txt
test (3.9)	Install uv	2026-03-22T06:40:45.0124204Z Found 1 files to hash.
test (3.9)	Install uv	2026-03-22T06:40:45.1146465Z Trying to restore uv cache from GitHub Actions cache with key: setup-uv-1-x86_64-unknown-linux-gnu-3.12.3-73f3c168b8ed388f7d360c1748af41072e57b3b759ca08e3106af5a7be042240
test (3.9)	Install uv	2026-03-22T06:40:45.1914649Z No GitHub Actions cache found for key: setup-uv-1-x86_64-unknown-linux-gnu-3.12.3-73f3c168b8ed388f7d360c1748af41072e57b3b759ca08e3106af5a7be042240
test (3.9)	Set up Python 3.9	﻿2026-03-22T06:40:45.2116763Z ##[group]Run actions/setup-python@v5
test (3.9)	Set up Python 3.9	2026-03-22T06:40:45.2117122Z with:
test (3.9)	Set up Python 3.9	2026-03-22T06:40:45.2117348Z   python-version: 3.9
test (3.9)	Set up Python 3.9	2026-03-22T06:40:45.2117601Z   check-latest: false
test (3.9)	Set up Python 3.9	2026-03-22T06:40:45.2118062Z   token: ***
test (3.9)	Set up Python 3.9	2026-03-22T06:40:45.2118297Z   update-environment: true
test (3.9)	Set up Python 3.9	2026-03-22T06:40:45.2118580Z   allow-prereleases: false
test (3.9)	Set up Python 3.9	2026-03-22T06:40:45.2118866Z   freethreaded: false
test (3.9)	Set up Python 3.9	2026-03-22T06:40:45.2119100Z env:
test (3.9)	Set up Python 3.9	2026-03-22T06:40:45.2119362Z   UV_CACHE_DIR: /home/runner/work/_temp/setup-uv-cache
test (3.9)	Set up Python 3.9	2026-03-22T06:40:45.2119683Z ##[endgroup]
test (3.9)	Set up Python 3.9	2026-03-22T06:40:45.3802444Z ##[group]Installed versions
test (3.9)	Set up Python 3.9	2026-03-22T06:40:45.3888476Z Version 3.9 was not found in the local cache
test (3.9)	Set up Python 3.9	2026-03-22T06:40:45.8650990Z Version 3.9 is available for downloading
test (3.9)	Set up Python 3.9	2026-03-22T06:40:45.8652768Z Download from "https://github.com/actions/python-versions/releases/download/3.9.25-19039189640/python-3.9.25-linux-24.04-x64.tar.gz"
test (3.9)	Set up Python 3.9	2026-03-22T06:40:46.4901612Z Extract downloaded archive
test (3.9)	Set up Python 3.9	2026-03-22T06:40:46.5007292Z [command]/usr/bin/tar xz --warning=no-unknown-keyword --overwrite -C /home/runner/work/_temp/b6ca7478-3368-4063-afe3-776f360e3256 -f /home/runner/work/_temp/bcedf4d3-730d-4c1b-986d-36c31ac710bb
test (3.9)	Set up Python 3.9	2026-03-22T06:40:47.8710769Z Execute installation script
test (3.9)	Set up Python 3.9	2026-03-22T06:40:47.8806468Z Check if Python hostedtoolcache folder exist...
test (3.9)	Set up Python 3.9	2026-03-22T06:40:47.8807151Z Create Python 3.9.25 folder
test (3.9)	Set up Python 3.9	2026-03-22T06:40:47.8820899Z Copy Python binaries to hostedtoolcache folder
test (3.9)	Set up Python 3.9	2026-03-22T06:40:48.4038717Z Create additional symlinks (Required for the UsePythonVersion Azure Pipelines task and the setup-python GitHub Action)
test (3.9)	Set up Python 3.9	2026-03-22T06:40:48.4083550Z Upgrading pip...
test (3.9)	Set up Python 3.9	2026-03-22T06:40:50.9635812Z Looking in links: /tmp/tmp6gbsj89s
test (3.9)	Set up Python 3.9	2026-03-22T06:40:50.9640339Z Requirement already satisfied: setuptools in /opt/hostedtoolcache/Python/3.9.25/x64/lib/python3.9/site-packages (79.0.1)
test (3.9)	Set up Python 3.9	2026-03-22T06:40:50.9644749Z Requirement already satisfied: pip in /opt/hostedtoolcache/Python/3.9.25/x64/lib/python3.9/site-packages (23.0.1)
test (3.9)	Set up Python 3.9	2026-03-22T06:40:52.3611965Z Collecting pip
test (3.9)	Set up Python 3.9	2026-03-22T06:40:52.3941068Z Downloading pip-26.0.1-py3-none-any.whl (1.8 MB)
test (3.9)	Set up Python 3.9	2026-03-22T06:40:52.4315390Z ━━━━━━━━━━━━━━━━━━━━━━━━━━━━━━━━━━━━━━━━ 1.8/1.8 MB 52.0 MB/s eta 0:00:00
test (3.9)	Set up Python 3.9	2026-03-22T06:40:52.4316711Z 
test (3.9)	Set up Python 3.9	2026-03-22T06:40:52.4923039Z Installing collected packages: pip
test (3.9)	Set up Python 3.9	2026-03-22T06:40:52.4924278Z Attempting uninstall: pip
test (3.9)	Set up Python 3.9	2026-03-22T06:40:52.4931428Z Found existing installation: pip 23.0.1
test (3.9)	Set up Python 3.9	2026-03-22T06:40:52.6832456Z Uninstalling pip-23.0.1:
test (3.9)	Set up Python 3.9	2026-03-22T06:40:52.6911575Z Successfully uninstalled pip-23.0.1
test (3.9)	Set up Python 3.9	2026-03-22T06:40:53.5217564Z Successfully installed pip-26.0.1
test (3.9)	Set up Python 3.9	2026-03-22T06:40:53.5748245Z Create complete file
test (3.9)	Set up Python 3.9	2026-03-22T06:40:53.5791735Z Successfully set up CPython (3.9.25)
test (3.9)	Set up Python 3.9	2026-03-22T06:40:53.5793041Z ##[endgroup]
test (3.9)	Install dependencies	﻿2026-03-22T06:40:53.5948623Z ##[group]Run uv pip install --system -e .[dev]
test (3.9)	Install dependencies	2026-03-22T06:40:53.5949061Z [36;1muv pip install --system -e .[dev][0m
test (3.9)	Install dependencies	2026-03-22T06:40:53.6002575Z shell: /usr/bin/bash -e {0}
test (3.9)	Install dependencies	2026-03-22T06:40:53.6002867Z env:
test (3.9)	Install dependencies	2026-03-22T06:40:53.6003112Z   UV_CACHE_DIR: /home/runner/work/_temp/setup-uv-cache
test (3.9)	Install dependencies	2026-03-22T06:40:53.6003504Z   pythonLocation: /opt/hostedtoolcache/Python/3.9.25/x64
test (3.9)	Install dependencies	2026-03-22T06:40:53.6003936Z   PKG_CONFIG_PATH: /opt/hostedtoolcache/Python/3.9.25/x64/lib/pkgconfig
test (3.9)	Install dependencies	2026-03-22T06:40:53.6004326Z   Python_ROOT_DIR: /opt/hostedtoolcache/Python/3.9.25/x64
test (3.9)	Install dependencies	2026-03-22T06:40:53.6004681Z   Python2_ROOT_DIR: /opt/hostedtoolcache/Python/3.9.25/x64
test (3.9)	Install dependencies	2026-03-22T06:40:53.6005042Z   Python3_ROOT_DIR: /opt/hostedtoolcache/Python/3.9.25/x64
test (3.9)	Install dependencies	2026-03-22T06:40:53.6005393Z   LD_LIBRARY_PATH: /opt/hostedtoolcache/Python/3.9.25/x64/lib
test (3.9)	Install dependencies	2026-03-22T06:40:53.6005908Z ##[endgroup]
test (3.9)	Install dependencies	2026-03-22T06:40:53.6697832Z Using Python 3.9.25 environment at: /opt/hostedtoolcache/Python/3.9.25/x64
test (3.9)	Install dependencies	2026-03-22T06:40:55.3285074Z Resolved 12 packages in 1.65s
test (3.9)	Install dependencies	2026-03-22T06:40:55.3296372Z    Building esprima==4.0.1
test (3.9)	Install dependencies	2026-03-22T06:40:55.3297512Z    Building ghostcheck @ file:///home/runner/work/security-tools/security-tools
test (3.9)	Install dependencies	2026-03-22T06:40:55.3419537Z Downloading pygments (1.2MiB)
test (3.9)	Install dependencies	2026-03-22T06:40:55.4339935Z  Downloaded pygments
test (3.9)	Install dependencies	2026-03-22T06:40:56.0204070Z       Built ghostcheck @ file:///home/runner/work/security-tools/security-tools
test (3.9)	Install dependencies	2026-03-22T06:40:56.1180078Z       Built esprima==4.0.1
test (3.9)	Install dependencies	2026-03-22T06:40:56.1193747Z Prepared 12 packages in 790ms
test (3.9)	Install dependencies	2026-03-22T06:40:56.1290541Z Installed 12 packages in 9ms
test (3.9)	Install dependencies	2026-03-22T06:40:56.1290974Z  + coverage==7.10.7
test (3.9)	Install dependencies	2026-03-22T06:40:56.1291426Z  + esprima==4.0.1
test (3.9)	Install dependencies	2026-03-22T06:40:56.1291886Z  + exceptiongroup==1.3.1
test (3.9)	Install dependencies	2026-03-22T06:40:56.1292724Z  + ghostcheck==0.6.0 (from file:///home/runner/work/security-tools/security-tools)
test (3.9)	Install dependencies	2026-03-22T06:40:56.1293509Z  + iniconfig==2.1.0
test (3.9)	Install dependencies	2026-03-22T06:40:56.1293937Z  + packaging==26.0
test (3.9)	Install dependencies	2026-03-22T06:40:56.1294277Z  + pluggy==1.6.0
test (3.9)	Install dependencies	2026-03-22T06:40:56.1294593Z  + pygments==2.19.2
test (3.9)	Install dependencies	2026-03-22T06:40:56.1294937Z  + pytest==8.4.2
test (3.9)	Install dependencies	2026-03-22T06:40:56.1295286Z  + pytest-cov==7.1.0
test (3.9)	Install dependencies	2026-03-22T06:40:56.1296057Z  + tomli==2.4.0
test (3.9)	Install dependencies	2026-03-22T06:40:56.1296548Z  + typing-extensions==4.15.0
test (3.9)	Run tests with coverage	﻿2026-03-22T06:40:56.1549358Z ##[group]Run pytest tests/ -v --cov=ghostcheck --cov-report=xml
test (3.9)	Run tests with coverage	2026-03-22T06:40:56.1549924Z [36;1mpytest tests/ -v --cov=ghostcheck --cov-report=xml[0m
test (3.9)	Run tests with coverage	2026-03-22T06:40:56.1599735Z shell: /usr/bin/bash -e {0}
test (3.9)	Run tests with coverage	2026-03-22T06:40:56.1600005Z env:
test (3.9)	Run tests with coverage	2026-03-22T06:40:56.1600279Z   UV_CACHE_DIR: /home/runner/work/_temp/setup-uv-cache
test (3.9)	Run tests with coverage	2026-03-22T06:40:56.1600703Z   pythonLocation: /opt/hostedtoolcache/Python/3.9.25/x64
test (3.9)	Run tests with coverage	2026-03-22T06:40:56.1601321Z   PKG_CONFIG_PATH: /opt/hostedtoolcache/Python/3.9.25/x64/lib/pkgconfig
test (3.9)	Run tests with coverage	2026-03-22T06:40:56.1601767Z   Python_ROOT_DIR: /opt/hostedtoolcache/Python/3.9.25/x64
test (3.9)	Run tests with coverage	2026-03-22T06:40:56.1602159Z   Python2_ROOT_DIR: /opt/hostedtoolcache/Python/3.9.25/x64
test (3.9)	Run tests with coverage	2026-03-22T06:40:56.1602545Z   Python3_ROOT_DIR: /opt/hostedtoolcache/Python/3.9.25/x64
test (3.9)	Run tests with coverage	2026-03-22T06:40:56.1602927Z   LD_LIBRARY_PATH: /opt/hostedtoolcache/Python/3.9.25/x64/lib
test (3.9)	Run tests with coverage	2026-03-22T06:40:56.1603258Z ##[endgroup]
test (3.9)	Run tests with coverage	2026-03-22T06:40:56.8310771Z ============================= test session starts ==============================
test (3.9)	Run tests with coverage	2026-03-22T06:40:56.8312122Z platform linux -- Python 3.9.25, pytest-8.4.2, pluggy-1.6.0 -- /opt/hostedtoolcache/Python/3.9.25/x64/bin/python
test (3.9)	Run tests with coverage	2026-03-22T06:40:56.8313158Z cachedir: .pytest_cache
test (3.9)	Run tests with coverage	2026-03-22T06:40:56.8313728Z rootdir: /home/runner/work/security-tools/security-tools
test (3.9)	Run tests with coverage	2026-03-22T06:40:56.8314591Z configfile: pyproject.toml
test (3.9)	Run tests with coverage	2026-03-22T06:40:56.8315042Z plugins: cov-7.1.0
test (3.9)	Run tests with coverage	2026-03-22T06:40:57.8751854Z collecting ... collected 28 items / 1 error
test (3.9)	Run tests with coverage	2026-03-22T06:40:57.8752428Z 
test (3.9)	Run tests with coverage	2026-03-22T06:40:57.8752728Z ==================================== ERRORS ====================================
test (3.9)	Run tests with coverage	2026-03-22T06:40:57.8753656Z ______________________ ERROR collecting tests/test_cli.py ______________________
test (3.9)	Run tests with coverage	2026-03-22T06:40:57.8754430Z ImportError while importing test module '/home/runner/work/security-tools/security-tools/tests/test_cli.py'.
test (3.9)	Run tests with coverage	2026-03-22T06:40:57.8755103Z Hint: make sure your test modules/packages have valid Python names.
test (3.9)	Run tests with coverage	2026-03-22T06:40:57.8755458Z Traceback:
test (3.9)	Run tests with coverage	2026-03-22T06:40:57.8756864Z /opt/hostedtoolcache/Python/3.9.25/x64/lib/python3.9/importlib/__init__.py:127: in import_module
test (3.9)	Run tests with coverage	2026-03-22T06:40:57.8757482Z     return _bootstrap._gcd_import(name[level:], package, level)
test (3.9)	Run tests with coverage	2026-03-22T06:40:57.8757845Z tests/test_cli.py:3: in <module>
test (3.9)	Run tests with coverage	2026-03-22T06:40:57.8758109Z     from ghostcheck.cli import main
test (3.9)	Run tests with coverage	2026-03-22T06:40:57.8758393Z src/ghostcheck/cli.py:10: in <module>
test (3.9)	Run tests with coverage	2026-03-22T06:40:57.8758691Z     from .config import GhostCheckConfig
test (3.9)	Run tests with coverage	2026-03-22T06:40:57.8758996Z src/ghostcheck/config.py:2: in <module>
test (3.9)	Run tests with coverage	2026-03-22T06:40:57.8759268Z     import tomllib
test (3.9)	Run tests with coverage	2026-03-22T06:40:57.8759516Z E   ModuleNotFoundError: No module named 'tomllib'
test (3.9)	Run tests with coverage	2026-03-22T06:40:57.8759898Z =========================== short test summary info ============================
test (3.9)	Run tests with coverage	2026-03-22T06:40:57.8760245Z ERROR tests/test_cli.py
test (3.9)	Run tests with coverage	2026-03-22T06:40:57.8760563Z !!!!!!!!!!!!!!!!!!!! Interrupted: 1 error during collection !!!!!!!!!!!!!!!!!!!!
test (3.9)	Run tests with coverage	2026-03-22T06:40:57.8760973Z =============================== 1 error in 0.91s ===============================
test (3.9)	Run tests with coverage	2026-03-22T06:40:57.9756721Z ##[error]Process completed with exit code 2.
test (3.9)	Post Run actions/checkout@v4	﻿2026-03-22T06:40:57.9892326Z Post job cleanup.
test (3.9)	Post Run actions/checkout@v4	2026-03-22T06:40:58.0852495Z [command]/usr/bin/git version
test (3.9)	Post Run actions/checkout@v4	2026-03-22T06:40:58.0892027Z git version 2.53.0
test (3.9)	Post Run actions/checkout@v4	2026-03-22T06:40:58.0944009Z Temporarily overriding HOME='/home/runner/work/_temp/8441bf23-46ac-43b7-b7c4-4df514033d91' before making global git config changes
test (3.9)	Post Run actions/checkout@v4	2026-03-22T06:40:58.0945381Z Adding repository directory to the temporary git global config as a safe directory
test (3.9)	Post Run actions/checkout@v4	2026-03-22T06:40:58.0950637Z [command]/usr/bin/git config --global --add safe.directory /home/runner/work/security-tools/security-tools
test (3.9)	Post Run actions/checkout@v4	2026-03-22T06:40:58.0987391Z [command]/usr/bin/git config --local --name-only --get-regexp core\.sshCommand
test (3.9)	Post Run actions/checkout@v4	2026-03-22T06:40:58.1020900Z [command]/usr/bin/git submodule foreach --recursive sh -c "git config --local --name-only --get-regexp 'core\.sshCommand' && git config --local --unset-all 'core.sshCommand' || :"
test (3.9)	Post Run actions/checkout@v4	2026-03-22T06:40:58.1270410Z [command]/usr/bin/git config --local --name-only --get-regexp http\.https\:\/\/github\.com\/\.extraheader
test (3.9)	Post Run actions/checkout@v4	2026-03-22T06:40:58.1292167Z http.https://github.com/.extraheader
test (3.9)	Post Run actions/checkout@v4	2026-03-22T06:40:58.1305112Z [command]/usr/bin/git config --local --unset-all http.https://github.com/.extraheader
test (3.9)	Post Run actions/checkout@v4	2026-03-22T06:40:58.1337260Z [command]/usr/bin/git submodule foreach --recursive sh -c "git config --local --name-only --get-regexp 'http\.https\:\/\/github\.com\/\.extraheader' && git config --local --unset-all 'http.https://github.com/.extraheader' || :"
test (3.9)	Post Run actions/checkout@v4	2026-03-22T06:40:58.1575774Z [command]/usr/bin/git config --local --name-only --get-regexp ^includeIf\.gitdir:
test (3.9)	Post Run actions/checkout@v4	2026-03-22T06:40:58.1608169Z [command]/usr/bin/git submodule foreach --recursive git config --local --show-origin --name-only --get-regexp remote.origin.url
test (3.9)	Complete job	﻿2026-03-22T06:40:58.1959941Z Cleaning up orphan processes
test (3.9)	Complete job	2026-03-22T06:40:58.2227300Z ##[warning]Node.js 20 actions are deprecated. The following actions are running on Node.js 20 and may not work as expected: actions/checkout@v4, actions/setup-python@v5, astral-sh/setup-uv@v5. Actions will be forced to run with Node.js 24 by default starting June 2nd, 2026. Please check if updated versions of these actions are available that support Node.js 24. To opt into Node.js 24 now, set the FORCE_JAVASCRIPT_ACTIONS_TO_NODE24=true environment variable on the runner or in your workflow file. Once Node.js 24 becomes the default, you can temporarily opt out by setting ACTIONS_ALLOW_USE_UNSECURE_NODE_VERSION=true. For more information see: https://github.blog/changelog/2025-09-19-deprecation-of-node-20-on-github-actions-runners/
test (3.12)	Set up job	﻿2026-03-22T06:40:42.4444116Z Current runner version: '2.332.0'
test (3.12)	Set up job	2026-03-22T06:40:42.4470505Z ##[group]Runner Image Provisioner
test (3.12)	Set up job	2026-03-22T06:40:42.4471352Z Hosted Compute Agent
test (3.12)	Set up job	2026-03-22T06:40:42.4471989Z Version: 20260213.493
test (3.12)	Set up job	2026-03-22T06:40:42.4472618Z Commit: 5c115507f6dd24b8de37d8bbe0bb4509d0cc0fa3
test (3.12)	Set up job	2026-03-22T06:40:42.4473304Z Build Date: 2026-02-13T00:28:41Z
test (3.12)	Set up job	2026-03-22T06:40:42.4474001Z Worker ID: {3559ed0c-ffe1-4ed8-bd4c-79bdabd888d1}
test (3.12)	Set up job	2026-03-22T06:40:42.4474749Z Azure Region: westus
test (3.12)	Set up job	2026-03-22T06:40:42.4475249Z ##[endgroup]
test (3.12)	Set up job	2026-03-22T06:40:42.4477112Z ##[group]Operating System
test (3.12)	Set up job	2026-03-22T06:40:42.4477709Z Ubuntu
test (3.12)	Set up job	2026-03-22T06:40:42.4478292Z 24.04.3
test (3.12)	Set up job	2026-03-22T06:40:42.4478691Z LTS
test (3.12)	Set up job	2026-03-22T06:40:42.4479299Z ##[endgroup]
test (3.12)	Set up job	2026-03-22T06:40:42.4479759Z ##[group]Runner Image
test (3.12)	Set up job	2026-03-22T06:40:42.4480292Z Image: ubuntu-24.04
test (3.12)	Set up job	2026-03-22T06:40:42.4480905Z Version: 20260309.50.1
test (3.12)	Set up job	2026-03-22T06:40:42.4481844Z Included Software: https://github.com/actions/runner-images/blob/ubuntu24/20260309.50/images/ubuntu/Ubuntu2404-Readme.md
test (3.12)	Set up job	2026-03-22T06:40:42.4483579Z Image Release: https://github.com/actions/runner-images/releases/tag/ubuntu24%2F20260309.50
test (3.12)	Set up job	2026-03-22T06:40:42.4484476Z ##[endgroup]
test (3.12)	Set up job	2026-03-22T06:40:42.4485608Z ##[group]GITHUB_TOKEN Permissions
test (3.12)	Set up job	2026-03-22T06:40:42.4487888Z Contents: read
test (3.12)	Set up job	2026-03-22T06:40:42.4488412Z Metadata: read
test (3.12)	Set up job	2026-03-22T06:40:42.4489088Z Packages: read
test (3.12)	Set up job	2026-03-22T06:40:42.4489550Z ##[endgroup]
test (3.12)	Set up job	2026-03-22T06:40:42.4491774Z Secret source: Actions
test (3.12)	Set up job	2026-03-22T06:40:42.4492581Z Prepare workflow directory
test (3.12)	Set up job	2026-03-22T06:40:42.4852213Z Prepare all required actions
test (3.12)	Set up job	2026-03-22T06:40:42.4910106Z Getting action download info
test (3.12)	Set up job	2026-03-22T06:40:42.9562814Z Download action repository 'actions/checkout@v4' (SHA:34e114876b0b11c390a56381ad16ebd13914f8d5)
test (3.12)	Set up job	2026-03-22T06:40:43.1028000Z Download action repository 'astral-sh/setup-uv@v5' (SHA:d4b2f3b6ecc6e67c4457f6d3e41ec42d3d0fcb86)
test (3.12)	Set up job	2026-03-22T06:40:43.7354311Z Download action repository 'actions/setup-python@v5' (SHA:a26af69be951a213d495a4c3e4e4022e16d87065)
test (3.12)	Set up job	2026-03-22T06:40:43.8693396Z Download action repository 'codecov/codecov-action@v4' (SHA:b9fd7d16f6d7d1b5d2bec1a2887e65ceed900238)
test (3.12)	Set up job	2026-03-22T06:40:44.5719689Z Complete job name: test (3.12)
test (3.12)	Run actions/checkout@v4	﻿2026-03-22T06:40:44.6533786Z ##[group]Run actions/checkout@v4
test (3.12)	Run actions/checkout@v4	2026-03-22T06:40:44.6535117Z with:
test (3.12)	Run actions/checkout@v4	2026-03-22T06:40:44.6535895Z   repository: KbWen/security-tools
test (3.12)	Run actions/checkout@v4	2026-03-22T06:40:44.6537372Z   token: ***
test (3.12)	Run actions/checkout@v4	2026-03-22T06:40:44.6538106Z   ssh-strict: true
test (3.12)	Run actions/checkout@v4	2026-03-22T06:40:44.6538865Z   ssh-user: git
test (3.12)	Run actions/checkout@v4	2026-03-22T06:40:44.6539655Z   persist-credentials: true
test (3.12)	Run actions/checkout@v4	2026-03-22T06:40:44.6540551Z   clean: true
test (3.12)	Run actions/checkout@v4	2026-03-22T06:40:44.6541349Z   sparse-checkout-cone-mode: true
test (3.12)	Run actions/checkout@v4	2026-03-22T06:40:44.6542295Z   fetch-depth: 1
test (3.12)	Run actions/checkout@v4	2026-03-22T06:40:44.6543079Z   fetch-tags: false
test (3.12)	Run actions/checkout@v4	2026-03-22T06:40:44.6543861Z   show-progress: true
test (3.12)	Run actions/checkout@v4	2026-03-22T06:40:44.6544658Z   lfs: false
test (3.12)	Run actions/checkout@v4	2026-03-22T06:40:44.6545374Z   submodules: false
test (3.12)	Run actions/checkout@v4	2026-03-22T06:40:44.6546367Z   set-safe-directory: true
test (3.12)	Run actions/checkout@v4	2026-03-22T06:40:44.6547526Z ##[endgroup]
test (3.12)	Run actions/checkout@v4	2026-03-22T06:40:44.7666637Z Syncing repository: KbWen/security-tools
test (3.12)	Run actions/checkout@v4	2026-03-22T06:40:44.7669809Z ##[group]Getting Git version info
test (3.12)	Run actions/checkout@v4	2026-03-22T06:40:44.7671401Z Working directory is '/home/runner/work/security-tools/security-tools'
test (3.12)	Run actions/checkout@v4	2026-03-22T06:40:44.7673963Z [command]/usr/bin/git version
test (3.12)	Run actions/checkout@v4	2026-03-22T06:40:44.7752342Z git version 2.53.0
test (3.12)	Run actions/checkout@v4	2026-03-22T06:40:44.7779395Z ##[endgroup]
test (3.12)	Run actions/checkout@v4	2026-03-22T06:40:44.7794277Z Temporarily overriding HOME='/home/runner/work/_temp/6edbb252-730b-49d3-8f3b-21d18b7a64b3' before making global git config changes
test (3.12)	Run actions/checkout@v4	2026-03-22T06:40:44.7798179Z Adding repository directory to the temporary git global config as a safe directory
test (3.12)	Run actions/checkout@v4	2026-03-22T06:40:44.7801442Z [command]/usr/bin/git config --global --add safe.directory /home/runner/work/security-tools/security-tools
test (3.12)	Run actions/checkout@v4	2026-03-22T06:40:44.7846454Z Deleting the contents of '/home/runner/work/security-tools/security-tools'
test (3.12)	Run actions/checkout@v4	2026-03-22T06:40:44.7850196Z ##[group]Initializing the repository
test (3.12)	Run actions/checkout@v4	2026-03-22T06:40:44.7854194Z [command]/usr/bin/git init /home/runner/work/security-tools/security-tools
test (3.12)	Run actions/checkout@v4	2026-03-22T06:40:44.7968268Z hint: Using 'master' as the name for the initial branch. This default branch name
test (3.12)	Run actions/checkout@v4	2026-03-22T06:40:44.7971935Z hint: will change to "main" in Git 3.0. To configure the initial branch name
test (3.12)	Run actions/checkout@v4	2026-03-22T06:40:44.7976732Z hint: to use in all of your new repositories, which will suppress this warning,
test (3.12)	Run actions/checkout@v4	2026-03-22T06:40:44.7980690Z hint: call:
test (3.12)	Run actions/checkout@v4	2026-03-22T06:40:44.7983229Z hint:
test (3.12)	Run actions/checkout@v4	2026-03-22T06:40:44.7985331Z hint: 	git config --global init.defaultBranch <name>
test (3.12)	Run actions/checkout@v4	2026-03-22T06:40:44.7987721Z hint:
test (3.12)	Run actions/checkout@v4	2026-03-22T06:40:44.7989885Z hint: Names commonly chosen instead of 'master' are 'main', 'trunk' and
test (3.12)	Run actions/checkout@v4	2026-03-22T06:40:44.7993002Z hint: 'development'. The just-created branch can be renamed via this command:
test (3.12)	Run actions/checkout@v4	2026-03-22T06:40:44.7995480Z hint:
test (3.12)	Run actions/checkout@v4	2026-03-22T06:40:44.7996750Z hint: 	git branch -m <name>
test (3.12)	Run actions/checkout@v4	2026-03-22T06:40:44.7997703Z hint:
test (3.12)	Run actions/checkout@v4	2026-03-22T06:40:44.7998961Z hint: Disable this message with "git config set advice.defaultBranchName false"
test (3.12)	Run actions/checkout@v4	2026-03-22T06:40:44.8002130Z Initialized empty Git repository in /home/runner/work/security-tools/security-tools/.git/
test (3.12)	Run actions/checkout@v4	2026-03-22T06:40:44.8007655Z [command]/usr/bin/git remote add origin https://github.com/KbWen/security-tools
test (3.12)	Run actions/checkout@v4	2026-03-22T06:40:44.8030216Z ##[endgroup]
test (3.12)	Run actions/checkout@v4	2026-03-22T06:40:44.8032364Z ##[group]Disabling automatic garbage collection
test (3.12)	Run actions/checkout@v4	2026-03-22T06:40:44.8034895Z [command]/usr/bin/git config --local gc.auto 0
test (3.12)	Run actions/checkout@v4	2026-03-22T06:40:44.8066637Z ##[endgroup]
test (3.12)	Run actions/checkout@v4	2026-03-22T06:40:44.8069357Z ##[group]Setting up auth
test (3.12)	Run actions/checkout@v4	2026-03-22T06:40:44.8074543Z [command]/usr/bin/git config --local --name-only --get-regexp core\.sshCommand
test (3.12)	Run actions/checkout@v4	2026-03-22T06:40:44.8109621Z [command]/usr/bin/git submodule foreach --recursive sh -c "git config --local --name-only --get-regexp 'core\.sshCommand' && git config --local --unset-all 'core.sshCommand' || :"
test (3.12)	Run actions/checkout@v4	2026-03-22T06:40:44.8459078Z [command]/usr/bin/git config --local --name-only --get-regexp http\.https\:\/\/github\.com\/\.extraheader
test (3.12)	Run actions/checkout@v4	2026-03-22T06:40:44.8495394Z [command]/usr/bin/git submodule foreach --recursive sh -c "git config --local --name-only --get-regexp 'http\.https\:\/\/github\.com\/\.extraheader' && git config --local --unset-all 'http.https://github.com/.extraheader' || :"
test (3.12)	Run actions/checkout@v4	2026-03-22T06:40:44.8730742Z [command]/usr/bin/git config --local --name-only --get-regexp ^includeIf\.gitdir:
test (3.12)	Run actions/checkout@v4	2026-03-22T06:40:44.8777582Z [command]/usr/bin/git submodule foreach --recursive git config --local --show-origin --name-only --get-regexp remote.origin.url
test (3.12)	Run actions/checkout@v4	2026-03-22T06:40:44.9019191Z [command]/usr/bin/git config --local http.https://github.com/.extraheader AUTHORIZATION: basic ***
test (3.12)	Run actions/checkout@v4	2026-03-22T06:40:44.9057762Z ##[endgroup]
test (3.12)	Run actions/checkout@v4	2026-03-22T06:40:44.9060490Z ##[group]Fetching the repository
test (3.12)	Run actions/checkout@v4	2026-03-22T06:40:44.9069865Z [command]/usr/bin/git -c protocol.version=2 fetch --no-tags --prune --no-recurse-submodules --depth=1 origin +184849c2a4fffcf0a74c46177ccd278540c1182c:refs/remotes/pull/1/merge
test (3.12)	Run actions/checkout@v4	2026-03-22T06:40:45.3210582Z From https://github.com/KbWen/security-tools
test (3.12)	Run actions/checkout@v4	2026-03-22T06:40:45.3211791Z  * [new ref]         184849c2a4fffcf0a74c46177ccd278540c1182c -> pull/1/merge
test (3.12)	Run actions/checkout@v4	2026-03-22T06:40:45.3248726Z ##[endgroup]
test (3.12)	Run actions/checkout@v4	2026-03-22T06:40:45.3249783Z ##[group]Determining the checkout info
test (3.12)	Run actions/checkout@v4	2026-03-22T06:40:45.3252021Z ##[endgroup]
test (3.12)	Run actions/checkout@v4	2026-03-22T06:40:45.3257776Z [command]/usr/bin/git sparse-checkout disable
test (3.12)	Run actions/checkout@v4	2026-03-22T06:40:45.3302512Z [command]/usr/bin/git config --local --unset-all extensions.worktreeConfig
test (3.12)	Run actions/checkout@v4	2026-03-22T06:40:45.3331601Z ##[group]Checking out the ref
test (3.12)	Run actions/checkout@v4	2026-03-22T06:40:45.3335982Z [command]/usr/bin/git checkout --progress --force refs/remotes/pull/1/merge
test (3.12)	Run actions/checkout@v4	2026-03-22T06:40:45.3503343Z Note: switching to 'refs/remotes/pull/1/merge'.
test (3.12)	Run actions/checkout@v4	2026-03-22T06:40:45.3503934Z 
test (3.12)	Run actions/checkout@v4	2026-03-22T06:40:45.3504372Z You are in 'detached HEAD' state. You can look around, make experimental
test (3.12)	Run actions/checkout@v4	2026-03-22T06:40:45.3505376Z changes and commit them, and you can discard any commits you make in this
test (3.12)	Run actions/checkout@v4	2026-03-22T06:40:45.3506675Z state without impacting any branches by switching back to a branch.
test (3.12)	Run actions/checkout@v4	2026-03-22T06:40:45.3507248Z 
test (3.12)	Run actions/checkout@v4	2026-03-22T06:40:45.3507630Z If you want to create a new branch to retain commits you create, you may
test (3.12)	Run actions/checkout@v4	2026-03-22T06:40:45.3508702Z do so (now or later) by using -c with the switch command. Example:
test (3.12)	Run actions/checkout@v4	2026-03-22T06:40:45.3509021Z 
test (3.12)	Run actions/checkout@v4	2026-03-22T06:40:45.3509146Z   git switch -c <new-branch-name>
test (3.12)	Run actions/checkout@v4	2026-03-22T06:40:45.3509522Z 
test (3.12)	Run actions/checkout@v4	2026-03-22T06:40:45.3509658Z Or undo this operation with:
test (3.12)	Run actions/checkout@v4	2026-03-22T06:40:45.3509854Z 
test (3.12)	Run actions/checkout@v4	2026-03-22T06:40:45.3510015Z   git switch -
test (3.12)	Run actions/checkout@v4	2026-03-22T06:40:45.3510189Z 
test (3.12)	Run actions/checkout@v4	2026-03-22T06:40:45.3512592Z Turn off this advice by setting config variable advice.detachedHead to false
test (3.12)	Run actions/checkout@v4	2026-03-22T06:40:45.3513351Z 
test (3.12)	Run actions/checkout@v4	2026-03-22T06:40:45.3513833Z HEAD is now at 184849c Merge e3ee2fe600650292d262f72b92c6fea00644ee14 into 20b36b2d7ef5a91693bdd8bd44881a07b4cce71a
test (3.12)	Run actions/checkout@v4	2026-03-22T06:40:45.3515279Z ##[endgroup]
test (3.12)	Run actions/checkout@v4	2026-03-22T06:40:45.3550484Z [command]/usr/bin/git log -1 --format=%H
test (3.12)	Run actions/checkout@v4	2026-03-22T06:40:45.3573871Z 184849c2a4fffcf0a74c46177ccd278540c1182c
test (3.12)	Install uv	﻿2026-03-22T06:40:45.3861817Z ##[group]Run astral-sh/setup-uv@v5
test (3.12)	Install uv	2026-03-22T06:40:45.3862139Z with:
test (3.12)	Install uv	2026-03-22T06:40:45.3862533Z   github-token: ***
test (3.12)	Install uv	2026-03-22T06:40:45.3862736Z   enable-cache: auto
test (3.12)	Install uv	2026-03-22T06:40:45.3863016Z   cache-dependency-glob: **/uv.lock
test (3.12)	Install uv	**/requirements*.txt
test (3.12)	Install uv	
test (3.12)	Install uv	2026-03-22T06:40:45.3863342Z   prune-cache: true
test (3.12)	Install uv	2026-03-22T06:40:45.3863548Z   ignore-nothing-to-cache: false
test (3.12)	Install uv	2026-03-22T06:40:45.3863801Z   ignore-empty-workdir: false
test (3.12)	Install uv	2026-03-22T06:40:45.3864037Z ##[endgroup]
test (3.12)	Install uv	2026-03-22T06:40:45.9535964Z Downloading uv from "https://github.com/astral-sh/uv/releases/download/0.10.12/uv-x86_64-unknown-linux-gnu.tar.gz" ...
test (3.12)	Install uv	2026-03-22T06:40:46.3782157Z [command]/usr/bin/tar xz --warning=no-unknown-keyword --overwrite -C /home/runner/work/_temp/45f3507d-a198-4577-8a13-344fa99549bf -f /home/runner/work/_temp/5462583c-b43a-4842-a21d-7d55c4cc0108
test (3.12)	Install uv	2026-03-22T06:40:46.8637378Z Added /home/runner/.local/bin to the path
test (3.12)	Install uv	2026-03-22T06:40:46.8640879Z Added /opt/hostedtoolcache/uv/0.10.12/x86_64 to the path
test (3.12)	Install uv	2026-03-22T06:40:46.8664014Z Set UV_CACHE_DIR to /home/runner/work/_temp/setup-uv-cache
test (3.12)	Install uv	2026-03-22T06:40:46.8664610Z Successfully installed uv version 0.10.12
test (3.12)	Install uv	2026-03-22T06:40:46.8665264Z Searching files using cache dependency glob: **/uv.lock,**/requirements*.txt
test (3.12)	Install uv	2026-03-22T06:40:46.9086893Z /home/runner/work/security-tools/security-tools/src/ghostcheck/data/demo_fixtures/requirements_demo.txt
test (3.12)	Install uv	2026-03-22T06:40:46.9133106Z Found 1 files to hash.
test (3.12)	Install uv	2026-03-22T06:40:47.0211458Z Trying to restore uv cache from GitHub Actions cache with key: setup-uv-1-x86_64-unknown-linux-gnu-3.12.3-73f3c168b8ed388f7d360c1748af41072e57b3b759ca08e3106af5a7be042240
test (3.12)	Install uv	2026-03-22T06:40:47.2452286Z No GitHub Actions cache found for key: setup-uv-1-x86_64-unknown-linux-gnu-3.12.3-73f3c168b8ed388f7d360c1748af41072e57b3b759ca08e3106af5a7be042240
test (3.12)	Set up Python 3.12	﻿2026-03-22T06:40:47.2653805Z ##[group]Run actions/setup-python@v5
test (3.12)	Set up Python 3.12	2026-03-22T06:40:47.2654114Z with:
test (3.12)	Set up Python 3.12	2026-03-22T06:40:47.2654296Z   python-version: 3.12
test (3.12)	Set up Python 3.12	2026-03-22T06:40:47.2654500Z   check-latest: false
test (3.12)	Set up Python 3.12	2026-03-22T06:40:47.2654825Z   token: ***
test (3.12)	Set up Python 3.12	2026-03-22T06:40:47.2655018Z   update-environment: true
test (3.12)	Set up Python 3.12	2026-03-22T06:40:47.2655284Z   allow-prereleases: false
test (3.12)	Set up Python 3.12	2026-03-22T06:40:47.2655499Z   freethreaded: false
test (3.12)	Set up Python 3.12	2026-03-22T06:40:47.2655699Z env:
test (3.12)	Set up Python 3.12	2026-03-22T06:40:47.2655928Z   UV_CACHE_DIR: /home/runner/work/_temp/setup-uv-cache
test (3.12)	Set up Python 3.12	2026-03-22T06:40:47.2656487Z ##[endgroup]
test (3.12)	Set up Python 3.12	2026-03-22T06:40:47.4351540Z ##[group]Installed versions
test (3.12)	Set up Python 3.12	2026-03-22T06:40:47.4790140Z Successfully set up CPython (3.12.13)
test (3.12)	Set up Python 3.12	2026-03-22T06:40:47.4791157Z ##[endgroup]
test (3.12)	Install dependencies	﻿2026-03-22T06:40:47.4895839Z ##[group]Run uv pip install --system -e .[dev]
test (3.12)	Install dependencies	2026-03-22T06:40:47.4896551Z [36;1muv pip install --system -e .[dev][0m
test (3.12)	Install dependencies	2026-03-22T06:40:47.5053176Z shell: /usr/bin/bash -e {0}
test (3.12)	Install dependencies	2026-03-22T06:40:47.5053509Z env:
test (3.12)	Install dependencies	2026-03-22T06:40:47.5053771Z   UV_CACHE_DIR: /home/runner/work/_temp/setup-uv-cache
test (3.12)	Install dependencies	2026-03-22T06:40:47.5054203Z   pythonLocation: /opt/hostedtoolcache/Python/3.12.13/x64
test (3.12)	Install dependencies	2026-03-22T06:40:47.5054747Z   PKG_CONFIG_PATH: /opt/hostedtoolcache/Python/3.12.13/x64/lib/pkgconfig
test (3.12)	Install dependencies	2026-03-22T06:40:47.5055263Z   Python_ROOT_DIR: /opt/hostedtoolcache/Python/3.12.13/x64
test (3.12)	Install dependencies	2026-03-22T06:40:47.5055690Z   Python2_ROOT_DIR: /opt/hostedtoolcache/Python/3.12.13/x64
test (3.12)	Install dependencies	2026-03-22T06:40:47.5056541Z   Python3_ROOT_DIR: /opt/hostedtoolcache/Python/3.12.13/x64
test (3.12)	Install dependencies	2026-03-22T06:40:47.5056982Z   LD_LIBRARY_PATH: /opt/hostedtoolcache/Python/3.12.13/x64/lib
test (3.12)	Install dependencies	2026-03-22T06:40:47.5057340Z ##[endgroup]
test (3.12)	Install dependencies	2026-03-22T06:40:47.9972914Z Using Python 3.12.13 environment at: /opt/hostedtoolcache/Python/3.12.13/x64
test (3.12)	Install dependencies	2026-03-22T06:40:50.0817008Z Resolved 9 packages in 2.07s
test (3.12)	Install dependencies	2026-03-22T06:40:50.0827724Z    Building esprima==4.0.1
test (3.12)	Install dependencies	2026-03-22T06:40:50.0829055Z    Building ghostcheck @ file:///home/runner/work/security-tools/security-tools
test (3.12)	Install dependencies	2026-03-22T06:40:50.0862735Z Downloading pygments (1.2MiB)
test (3.12)	Install dependencies	2026-03-22T06:40:50.1745471Z  Downloaded pygments
test (3.12)	Install dependencies	2026-03-22T06:40:50.7711458Z       Built esprima==4.0.1
test (3.12)	Install dependencies	2026-03-22T06:40:50.8597341Z       Built ghostcheck @ file:///home/runner/work/security-tools/security-tools
test (3.12)	Install dependencies	2026-03-22T06:40:50.8605047Z Prepared 9 packages in 778ms
test (3.12)	Install dependencies	2026-03-22T06:40:50.8695847Z Installed 9 packages in 8ms
test (3.12)	Install dependencies	2026-03-22T06:40:50.8696495Z  + coverage==7.13.5
test (3.12)	Install dependencies	2026-03-22T06:40:50.8697752Z  + esprima==4.0.1
test (3.12)	Install dependencies	2026-03-22T06:40:50.8698318Z  + ghostcheck==0.6.0 (from file:///home/runner/work/security-tools/security-tools)
test (3.12)	Install dependencies	2026-03-22T06:40:50.8699003Z  + iniconfig==2.3.0
test (3.12)	Install dependencies	2026-03-22T06:40:50.8699333Z  + packaging==26.0
test (3.12)	Install dependencies	2026-03-22T06:40:50.8699681Z  + pluggy==1.6.0
test (3.12)	Install dependencies	2026-03-22T06:40:50.8699998Z  + pygments==2.19.2
test (3.12)	Install dependencies	2026-03-22T06:40:50.8700275Z  + pytest==9.0.2
test (3.12)	Install dependencies	2026-03-22T06:40:50.8700568Z  + pytest-cov==7.1.0
test (3.12)	Run tests with coverage	﻿2026-03-22T06:40:50.8940658Z ##[group]Run pytest tests/ -v --cov=ghostcheck --cov-report=xml
test (3.12)	Run tests with coverage	2026-03-22T06:40:50.8941236Z [36;1mpytest tests/ -v --cov=ghostcheck --cov-report=xml[0m
test (3.12)	Run tests with coverage	2026-03-22T06:40:50.8991457Z shell: /usr/bin/bash -e {0}
test (3.12)	Run tests with coverage	2026-03-22T06:40:50.8991719Z env:
test (3.12)	Run tests with coverage	2026-03-22T06:40:50.8991972Z   UV_CACHE_DIR: /home/runner/work/_temp/setup-uv-cache
test (3.12)	Run tests with coverage	2026-03-22T06:40:50.8992396Z   pythonLocation: /opt/hostedtoolcache/Python/3.12.13/x64
test (3.12)	Run tests with coverage	2026-03-22T06:40:50.8992897Z   PKG_CONFIG_PATH: /opt/hostedtoolcache/Python/3.12.13/x64/lib/pkgconfig
test (3.12)	Run tests with coverage	2026-03-22T06:40:50.8993371Z   Python_ROOT_DIR: /opt/hostedtoolcache/Python/3.12.13/x64
test (3.12)	Run tests with coverage	2026-03-22T06:40:50.8993807Z   Python2_ROOT_DIR: /opt/hostedtoolcache/Python/3.12.13/x64
test (3.12)	Run tests with coverage	2026-03-22T06:40:50.8994230Z   Python3_ROOT_DIR: /opt/hostedtoolcache/Python/3.12.13/x64
test (3.12)	Run tests with coverage	2026-03-22T06:40:50.8994660Z   LD_LIBRARY_PATH: /opt/hostedtoolcache/Python/3.12.13/x64/lib
test (3.12)	Run tests with coverage	2026-03-22T06:40:50.8995015Z ##[endgroup]
test (3.12)	Run tests with coverage	2026-03-22T06:40:51.9957707Z ============================= test session starts ==============================
test (3.12)	Run tests with coverage	2026-03-22T06:40:51.9959401Z platform linux -- Python 3.12.13, pytest-9.0.2, pluggy-1.6.0 -- /opt/hostedtoolcache/Python/3.12.13/x64/bin/python
test (3.12)	Run tests with coverage	2026-03-22T06:40:51.9960653Z cachedir: .pytest_cache
test (3.12)	Run tests with coverage	2026-03-22T06:40:51.9961324Z rootdir: /home/runner/work/security-tools/security-tools
test (3.12)	Run tests with coverage	2026-03-22T06:40:51.9962109Z configfile: pyproject.toml
test (3.12)	Run tests with coverage	2026-03-22T06:40:51.9962668Z plugins: cov-7.1.0
test (3.12)	Run tests with coverage	2026-03-22T06:40:53.0175776Z collecting ... collected 30 items
test (3.12)	Run tests with coverage	2026-03-22T06:40:53.0176477Z 
test (3.12)	Run tests with coverage	2026-03-22T06:40:53.0361594Z tests/test_agent_rules.py::test_rules_lint PASSED                        [  3%]
test (3.12)	Run tests with coverage	2026-03-22T06:40:53.0390129Z tests/test_ast_js_scanner.py::test_js_ast_concat PASSED                  [  6%]
test (3.12)	Run tests with coverage	2026-03-22T06:40:53.0406831Z tests/test_ast_js_scanner.py::test_js_ast_malformed PASSED               [ 10%]
test (3.12)	Run tests with coverage	2026-03-22T06:40:53.0429891Z tests/test_ast_scanner.py::test_ast_concat PASSED                        [ 13%]
test (3.12)	Run tests with coverage	2026-03-22T06:40:53.0445106Z tests/test_ast_scanner.py::test_ast_nested_concat PASSED                 [ 16%]
test (3.12)	Run tests with coverage	2026-03-22T06:40:53.0464179Z tests/test_ast_scanner.py::test_ast_recursion_limit PASSED               [ 20%]
test (3.12)	Run tests with coverage	2026-03-22T06:40:53.0479130Z tests/test_ast_scanner.py::test_ast_syntax_error PASSED                  [ 23%]
test (3.12)	Run tests with coverage	2026-03-22T06:40:53.0506727Z tests/test_cache_integrity.py::test_cache_integrity_failure PASSED       [ 26%]
test (3.12)	Run tests with coverage	2026-03-22T06:40:53.0589713Z tests/test_cli.py::test_cli_version PASSED                               [ 30%]
test (3.12)	Run tests with coverage	2026-03-22T06:40:53.0661715Z tests/test_cli.py::test_cli_help PASSED                                  [ 33%]
test (3.12)	Run tests with coverage	2026-03-22T06:40:53.0707158Z tests/test_docker.py::test_docker_latest_tag PASSED                      [ 36%]
test (3.12)	Run tests with coverage	2026-03-22T06:40:53.0719801Z tests/test_docker.py::test_docker_missing_user PASSED                    [ 40%]
test (3.12)	Run tests with coverage	2026-03-22T06:40:53.0733949Z tests/test_docker.py::test_docker_safe_file PASSED                       [ 43%]
test (3.12)	Run tests with coverage	2026-03-22T06:40:53.0746456Z tests/test_env_scanner.py::test_env_unignored PASSED                     [ 46%]
test (3.12)	Run tests with coverage	2026-03-22T06:40:53.0758380Z tests/test_env_scanner.py::test_env_debug PASSED                         [ 50%]
test (3.12)	Run tests with coverage	2026-03-22T06:40:53.0772430Z tests/test_env_scanner.py::test_env_cors_wildcard PASSED                 [ 53%]
test (3.12)	Run tests with coverage	2026-03-22T06:40:53.0789823Z tests/test_hallucination.py::test_parse_requirements PASSED              [ 56%]
test (3.12)	Run tests with coverage	2026-03-22T06:40:53.0809317Z tests/test_hallucination.py::test_check_pypi_not_found PASSED            [ 60%]
test (3.12)	Run tests with coverage	2026-03-22T06:40:53.0993068Z tests/test_hallucination.py::test_check_pypi_success PASSED              [ 63%]
test (3.12)	Run tests with coverage	2026-03-22T06:40:53.1008751Z tests/test_hallucination.py::test_check_pypi_timeout PASSED              [ 66%]
test (3.12)	Run tests with coverage	2026-03-22T06:40:53.1030806Z tests/test_hallucination.py::test_check_pypi_malformed_json PASSED       [ 70%]
test (3.12)	Run tests with coverage	2026-03-22T06:40:53.1055006Z tests/test_hallucination.py::test_check_pypi_new_package PASSED          [ 73%]
test (3.12)	Run tests with coverage	2026-03-22T06:40:53.1069694Z tests/test_hallucination.py::test_empty_requirements PASSED              [ 76%]
test (3.12)	Run tests with coverage	2026-03-22T06:40:53.1094348Z tests/test_secrets.py::test_secret_scan PASSED                           [ 80%]
test (3.12)	Run tests with coverage	2026-03-22T06:40:53.1107527Z tests/test_secrets.py::test_severity_adjustment PASSED                   [ 83%]
test (3.12)	Run tests with coverage	2026-03-22T06:40:53.1121613Z tests/test_secrets.py::test_adjust_severity PASSED                       [ 86%]
test (3.12)	Run tests with coverage	2026-03-22T06:40:53.1144899Z tests/test_security_guards.py::test_path_traversal_protection PASSED     [ 90%]
test (3.12)	Run tests with coverage	2026-03-22T06:40:53.1251622Z tests/test_security_guards.py::test_file_size_limit PASSED               [ 93%]
test (3.12)	Run tests with coverage	2026-03-22T06:40:53.1264218Z tests/test_severity_engine.py::test_severity_downgrade PASSED            [ 96%]
test (3.12)	Run tests with coverage	2026-03-22T06:40:53.5317511Z tests/test_severity_engine.py::test_severity_entropy PASSED              [100%]
test (3.12)	Run tests with coverage	2026-03-22T06:40:53.5318251Z 
test (3.12)	Run tests with coverage	2026-03-22T06:40:53.5318525Z =============================== warnings summary ===============================
test (3.12)	Run tests with coverage	2026-03-22T06:40:53.5319159Z tests/test_ast_scanner.py: 20 warnings
test (3.12)	Run tests with coverage	2026-03-22T06:40:53.5320715Z   /home/runner/work/security-tools/security-tools/src/ghostcheck/checks/ast_scanner.py:45: DeprecationWarning: ast.Str is deprecated and will be removed in Python 3.14; use ast.Constant instead
test (3.12)	Run tests with coverage	2026-03-22T06:40:53.5322497Z     elif isinstance(node, (ast.Constant, getattr(ast, 'Str', type(None)))):
test (3.12)	Run tests with coverage	2026-03-22T06:40:53.5323059Z 
test (3.12)	Run tests with coverage	2026-03-22T06:40:53.5323231Z tests/test_ast_scanner.py: 14 warnings
test (3.12)	Run tests with coverage	2026-03-22T06:40:53.5324754Z   /home/runner/work/security-tools/security-tools/src/ghostcheck/checks/ast_scanner.py:64: DeprecationWarning: ast.Str is deprecated and will be removed in Python 3.14; use ast.Constant instead
test (3.12)	Run tests with coverage	2026-03-22T06:40:53.5326699Z     if hasattr(ast, 'Str') and isinstance(node, ast.Str):
test (3.12)	Run tests with coverage	2026-03-22T06:40:53.5327151Z 
test (3.12)	Run tests with coverage	2026-03-22T06:40:53.5327454Z -- Docs: https://docs.pytest.org/en/stable/how-to/capture-warnings.html
test (3.12)	Run tests with coverage	2026-03-22T06:40:53.5328110Z ================================ tests coverage ================================
test (3.12)	Run tests with coverage	2026-03-22T06:40:53.5328744Z _______________ coverage: platform linux, python 3.12.13-final-0 _______________
test (3.12)	Run tests with coverage	2026-03-22T06:40:53.5329175Z 
test (3.12)	Run tests with coverage	2026-03-22T06:40:53.5329327Z Coverage XML written to file coverage.xml
test (3.12)	Run tests with coverage	2026-03-22T06:40:53.5329814Z ======================= 30 passed, 34 warnings in 1.35s ========================
test (3.12)	Upload coverage to Codecov	﻿2026-03-22T06:40:53.6699996Z ##[group]Run codecov/codecov-action@v4
test (3.12)	Upload coverage to Codecov	2026-03-22T06:40:53.6700282Z with:
test (3.12)	Upload coverage to Codecov	2026-03-22T06:40:53.6700455Z   file: ./coverage.xml
test (3.12)	Upload coverage to Codecov	2026-03-22T06:40:53.6700650Z   fail_ci_if_error: false
test (3.12)	Upload coverage to Codecov	2026-03-22T06:40:53.6700850Z env:
test (3.12)	Upload coverage to Codecov	2026-03-22T06:40:53.6701058Z   UV_CACHE_DIR: /home/runner/work/_temp/setup-uv-cache
test (3.12)	Upload coverage to Codecov	2026-03-22T06:40:53.6701416Z   pythonLocation: /opt/hostedtoolcache/Python/3.12.13/x64
test (3.12)	Upload coverage to Codecov	2026-03-22T06:40:53.6701982Z   PKG_CONFIG_PATH: /opt/hostedtoolcache/Python/3.12.13/x64/lib/pkgconfig
test (3.12)	Upload coverage to Codecov	2026-03-22T06:40:53.6702372Z   Python_ROOT_DIR: /opt/hostedtoolcache/Python/3.12.13/x64
test (3.12)	Upload coverage to Codecov	2026-03-22T06:40:53.6702719Z   Python2_ROOT_DIR: /opt/hostedtoolcache/Python/3.12.13/x64
test (3.12)	Upload coverage to Codecov	2026-03-22T06:40:53.6703063Z   Python3_ROOT_DIR: /opt/hostedtoolcache/Python/3.12.13/x64
test (3.12)	Upload coverage to Codecov	2026-03-22T06:40:53.6703418Z   LD_LIBRARY_PATH: /opt/hostedtoolcache/Python/3.12.13/x64/lib
test (3.12)	Upload coverage to Codecov	2026-03-22T06:40:53.6703709Z   CODECOV_TOKEN: 
test (3.12)	Upload coverage to Codecov	2026-03-22T06:40:53.6703879Z ##[endgroup]
test (3.12)	Upload coverage to Codecov	2026-03-22T06:40:53.7563107Z eventName: pull_request
test (3.12)	Upload coverage to Codecov	2026-03-22T06:40:53.7564465Z baseRef: KbWen:main | headRef: KbWen:feat/v0.6.0
test (3.12)	Upload coverage to Codecov	2026-03-22T06:40:53.7572765Z ==> linux OS detected
test (3.12)	Upload coverage to Codecov	2026-03-22T06:40:53.9643321Z https://cli.codecov.io/latest/linux/codecov.SHA256SUM
test (3.12)	Upload coverage to Codecov	2026-03-22T06:40:54.0175710Z gpg: directory '/home/runner/.gnupg' created
test (3.12)	Upload coverage to Codecov	2026-03-22T06:40:54.0180868Z gpg: keybox '/home/runner/.gnupg/pubring.kbx' created
test (3.12)	Upload coverage to Codecov	2026-03-22T06:40:54.0203947Z gpg: /home/runner/.gnupg/trustdb.gpg: trustdb created
test (3.12)	Upload coverage to Codecov	2026-03-22T06:40:54.0204985Z gpg: key 806BB28AED779869: public key "Codecov Uploader (Codecov Uploader Verification Key) <security@codecov.io>" imported
test (3.12)	Upload coverage to Codecov	2026-03-22T06:40:54.0337836Z gpg: Total number processed: 1
test (3.12)	Upload coverage to Codecov	2026-03-22T06:40:54.0338335Z gpg:               imported: 1
test (3.12)	Upload coverage to Codecov	2026-03-22T06:40:54.0407599Z gpg: Signature made Tue Mar 17 20:46:01 2026 UTC
test (3.12)	Upload coverage to Codecov	2026-03-22T06:40:54.0408746Z gpg:                using RSA key 27034E7FDB850E0BBC2C62FF806BB28AED779869
test (3.12)	Upload coverage to Codecov	2026-03-22T06:40:54.0410981Z gpg: Good signature from "Codecov Uploader (Codecov Uploader Verification Key) <security@codecov.io>" [unknown]
test (3.12)	Upload coverage to Codecov	2026-03-22T06:40:54.0412166Z gpg: WARNING: This key is not certified with a trusted signature!
test (3.12)	Upload coverage to Codecov	2026-03-22T06:40:54.0412968Z gpg:          There is no indication that the signature belongs to the owner.
test (3.12)	Upload coverage to Codecov	2026-03-22T06:40:54.0413806Z Primary key fingerprint: 2703 4E7F DB85 0E0B BC2C  62FF 806B B28A ED77 9869
test (3.12)	Upload coverage to Codecov	2026-03-22T06:40:54.0702135Z ==> Uploader SHASUM verified (c6646fe70dc2aee9bcd04f65231f7d0f79db8134d2a36f2535cd52163fd3f0a7  codecov)
test (3.12)	Upload coverage to Codecov	2026-03-22T06:40:54.0705786Z ==> Running version latest
test (3.12)	Upload coverage to Codecov	2026-03-22T06:40:54.1391971Z Could not pull latest version information: SyntaxError: Unexpected token '<', "<!DOCTYPE "... is not valid JSON
test (3.12)	Upload coverage to Codecov	2026-03-22T06:40:54.1434209Z ==> Running git config --global --add safe.directory /home/runner/work/security-tools/security-tools
test (3.12)	Upload coverage to Codecov	2026-03-22T06:40:54.1500522Z [command]/usr/bin/git config --global --add safe.directory /home/runner/work/security-tools/security-tools
test (3.12)	Upload coverage to Codecov	2026-03-22T06:40:54.1555862Z ==> Running command '/home/runner/work/_actions/codecov/codecov-action/v4/dist/codecov create-commit'
test (3.12)	Upload coverage to Codecov	2026-03-22T06:40:54.1558312Z [command]/home/runner/work/_actions/codecov/codecov-action/v4/dist/codecov create-commit --git-service github -C e3ee2fe600650292d262f72b92c6fea00644ee14
test (3.12)	Upload coverage to Codecov	2026-03-22T06:40:54.5187892Z info - 2026-03-22 06:40:54,518 -- ci service found: github-actions
test (3.12)	Upload coverage to Codecov	2026-03-22T06:40:54.5285457Z warning - 2026-03-22 06:40:54,528 -- No config file could be found. Ignoring config.
test (3.12)	Upload coverage to Codecov	2026-03-22T06:40:54.5605222Z warning - 2026-03-22 06:40:54,560 -- Branch `feat/v0.6.0` is protected but no token was provided
test (3.12)	Upload coverage to Codecov	2026-03-22T06:40:54.5607012Z warning - 2026-03-22 06:40:54,560 -- For information on Codecov upload tokens, see https://docs.codecov.com/docs/codecov-tokens
test (3.12)	Upload coverage to Codecov	2026-03-22T06:40:54.7988317Z info - 2026-03-22 06:40:54,798 -- Process Commit creating complete
test (3.12)	Upload coverage to Codecov	2026-03-22T06:40:54.7989547Z error - 2026-03-22 06:40:54,798 -- Commit creating failed: {"message":"Token required - not valid tokenless upload"}
test (3.12)	Upload coverage to Codecov	2026-03-22T06:40:54.9047130Z Sentry is attempting to send 3 pending events
test (3.12)	Upload coverage to Codecov	2026-03-22T06:40:54.9047689Z Waiting up to 2 seconds
test (3.12)	Upload coverage to Codecov	2026-03-22T06:40:54.9048532Z Press Ctrl-C to quit
test (3.12)	Upload coverage to Codecov	2026-03-22T06:40:55.0091266Z ==> Running command '/home/runner/work/_actions/codecov/codecov-action/v4/dist/codecov create-report'
test (3.12)	Upload coverage to Codecov	2026-03-22T06:40:55.0093428Z [command]/home/runner/work/_actions/codecov/codecov-action/v4/dist/codecov create-report --git-service github -C e3ee2fe600650292d262f72b92c6fea00644ee14
test (3.12)	Upload coverage to Codecov	2026-03-22T06:40:55.3663119Z info - 2026-03-22 06:40:55,365 -- ci service found: github-actions
test (3.12)	Upload coverage to Codecov	2026-03-22T06:40:55.3763775Z warning - 2026-03-22 06:40:55,375 -- No config file could be found. Ignoring config.
test (3.12)	Upload coverage to Codecov	2026-03-22T06:40:55.6522335Z info - 2026-03-22 06:40:55,651 -- Process Report creating complete
test (3.12)	Upload coverage to Codecov	2026-03-22T06:40:55.6528748Z error - 2026-03-22 06:40:55,652 -- Report creating failed: {"message":"Token required - not valid tokenless upload"}
test (3.12)	Upload coverage to Codecov	2026-03-22T06:40:55.7588580Z Sentry is attempting to send 2 pending events
test (3.12)	Upload coverage to Codecov	2026-03-22T06:40:55.7589386Z Waiting up to 2 seconds
test (3.12)	Upload coverage to Codecov	2026-03-22T06:40:55.7589835Z Press Ctrl-C to quit
test (3.12)	Upload coverage to Codecov	2026-03-22T06:40:55.8059933Z ==> Running command '/home/runner/work/_actions/codecov/codecov-action/v4/dist/codecov do-upload'
test (3.12)	Upload coverage to Codecov	2026-03-22T06:40:55.8062462Z [command]/home/runner/work/_actions/codecov/codecov-action/v4/dist/codecov do-upload -f ./coverage.xml --git-service github -C e3ee2fe600650292d262f72b92c6fea00644ee14
test (3.12)	Upload coverage to Codecov	2026-03-22T06:40:56.1647335Z info - 2026-03-22 06:40:56,164 -- ci service found: github-actions
test (3.12)	Upload coverage to Codecov	2026-03-22T06:40:56.1748993Z warning - 2026-03-22 06:40:56,174 -- No config file could be found. Ignoring config.
test (3.12)	Upload coverage to Codecov	2026-03-22T06:40:56.2086351Z warning - 2026-03-22 06:40:56,208 -- xcrun is not installed or can't be found.
test (3.12)	Upload coverage to Codecov	2026-03-22T06:40:56.2156452Z warning - 2026-03-22 06:40:56,215 -- No gcov data found.
test (3.12)	Upload coverage to Codecov	2026-03-22T06:40:56.2163775Z info - 2026-03-22 06:40:56,216 -- Generating coverage.xml report in /home/runner/work/security-tools/security-tools
test (3.12)	Upload coverage to Codecov	2026-03-22T06:40:56.4285081Z info - 2026-03-22 06:40:56,427 -- Wrote XML report to coverage.xml
test (3.12)	Upload coverage to Codecov	2026-03-22T06:40:56.4634579Z info - 2026-03-22 06:40:56,462 -- Found 1 coverage files to report
test (3.12)	Upload coverage to Codecov	2026-03-22T06:40:56.4635654Z info - 2026-03-22 06:40:56,463 -- > /home/runner/work/security-tools/security-tools/coverage.xml
test (3.12)	Upload coverage to Codecov	2026-03-22T06:40:56.7008986Z info - 2026-03-22 06:40:56,700 -- Process Upload complete
test (3.12)	Upload coverage to Codecov	2026-03-22T06:40:56.7009834Z error - 2026-03-22 06:40:56,700 -- Upload failed: {"message":"Token required - not valid tokenless upload"}
test (3.12)	Upload coverage to Codecov	2026-03-22T06:40:56.8087918Z Sentry is attempting to send 2 pending events
test (3.12)	Upload coverage to Codecov	2026-03-22T06:40:56.8088737Z Waiting up to 2 seconds
test (3.12)	Upload coverage to Codecov	2026-03-22T06:40:56.8089106Z Press Ctrl-C to quit
test (3.12)	Post Set up Python 3.12	﻿2026-03-22T06:40:56.8756631Z Post job cleanup.
test (3.12)	Post Install uv	﻿2026-03-22T06:40:57.0371162Z Post job cleanup.
test (3.12)	Post Install uv	2026-03-22T06:40:57.1985389Z Pruning cache...
test (3.12)	Post Install uv	2026-03-22T06:40:57.2392223Z Saving cache path: /home/runner/work/_temp/setup-uv-cache
test (3.12)	Post Install uv	2026-03-22T06:40:57.2540000Z [command]/usr/bin/tar --posix -cf cache.tzst --exclude cache.tzst -P -C /home/runner/work/security-tools/security-tools --files-from manifest.txt --use-compress-program zstdmt
test (3.12)	Post Install uv	2026-03-22T06:40:57.5495605Z Failed to save: Unable to reserve cache with key setup-uv-1-x86_64-unknown-linux-gnu-3.12.3-73f3c168b8ed388f7d360c1748af41072e57b3b759ca08e3106af5a7be042240, another job may be creating this cache.
test (3.12)	Post Install uv	2026-03-22T06:40:57.5504152Z cache saved with the key: setup-uv-1-x86_64-unknown-linux-gnu-3.12.3-73f3c168b8ed388f7d360c1748af41072e57b3b759ca08e3106af5a7be042240
test (3.12)	Post Run actions/checkout@v4	﻿2026-03-22T06:40:57.5622429Z Post job cleanup.
test (3.12)	Post Run actions/checkout@v4	2026-03-22T06:40:57.6610548Z [command]/usr/bin/git version
test (3.12)	Post Run actions/checkout@v4	2026-03-22T06:40:57.6649295Z git version 2.53.0
test (3.12)	Post Run actions/checkout@v4	2026-03-22T06:40:57.6688578Z Copying '/home/runner/.gitconfig' to '/home/runner/work/_temp/54bf23a6-980d-4482-bc20-1f2621d17eef/.gitconfig'
test (3.12)	Post Run actions/checkout@v4	2026-03-22T06:40:57.6699432Z Temporarily overriding HOME='/home/runner/work/_temp/54bf23a6-980d-4482-bc20-1f2621d17eef' before making global git config changes
test (3.12)	Post Run actions/checkout@v4	2026-03-22T06:40:57.6700730Z Adding repository directory to the temporary git global config as a safe directory
test (3.12)	Post Run actions/checkout@v4	2026-03-22T06:40:57.6713920Z [command]/usr/bin/git config --global --add safe.directory /home/runner/work/security-tools/security-tools
test (3.12)	Post Run actions/checkout@v4	2026-03-22T06:40:57.6751347Z [command]/usr/bin/git config --local --name-only --get-regexp core\.sshCommand
test (3.12)	Post Run actions/checkout@v4	2026-03-22T06:40:57.6786310Z [command]/usr/bin/git submodule foreach --recursive sh -c "git config --local --name-only --get-regexp 'core\.sshCommand' && git config --local --unset-all 'core.sshCommand' || :"
test (3.12)	Post Run actions/checkout@v4	2026-03-22T06:40:57.7045234Z [command]/usr/bin/git config --local --name-only --get-regexp http\.https\:\/\/github\.com\/\.extraheader
test (3.12)	Post Run actions/checkout@v4	2026-03-22T06:40:57.7073434Z http.https://github.com/.extraheader
test (3.12)	Post Run actions/checkout@v4	2026-03-22T06:40:57.7089338Z [command]/usr/bin/git config --local --unset-all http.https://github.com/.extraheader
test (3.12)	Post Run actions/checkout@v4	2026-03-22T06:40:57.7130127Z [command]/usr/bin/git submodule foreach --recursive sh -c "git config --local --name-only --get-regexp 'http\.https\:\/\/github\.com\/\.extraheader' && git config --local --unset-all 'http.https://github.com/.extraheader' || :"
test (3.12)	Post Run actions/checkout@v4	2026-03-22T06:40:57.7397960Z [command]/usr/bin/git config --local --name-only --get-regexp ^includeIf\.gitdir:
test (3.12)	Post Run actions/checkout@v4	2026-03-22T06:40:57.7430787Z [command]/usr/bin/git submodule foreach --recursive git config --local --show-origin --name-only --get-regexp remote.origin.url
test (3.12)	Complete job	﻿2026-03-22T06:40:57.7780934Z Cleaning up orphan processes
test (3.12)	Complete job	2026-03-22T06:40:57.8075767Z ##[warning]Node.js 20 actions are deprecated. The following actions are running on Node.js 20 and may not work as expected: actions/checkout@v4, actions/setup-python@v5, astral-sh/setup-uv@v5, codecov/codecov-action@v4. Actions will be forced to run with Node.js 24 by default starting June 2nd, 2026. Please check if updated versions of these actions are available that support Node.js 24. To opt into Node.js 24 now, set the FORCE_JAVASCRIPT_ACTIONS_TO_NODE24=true environment variable on the runner or in your workflow file. Once Node.js 24 becomes the default, you can temporarily opt out by setting ACTIONS_ALLOW_USE_UNSECURE_NODE_VERSION=true. For more information see: https://github.blog/changelog/2025-09-19-deprecation-of-node-20-on-github-actions-runners/
test (3.11)	Set up job	﻿2026-03-22T06:40:41.6702165Z Current runner version: '2.332.0'
test (3.11)	Set up job	2026-03-22T06:40:41.6726958Z ##[group]Runner Image Provisioner
test (3.11)	Set up job	2026-03-22T06:40:41.6727837Z Hosted Compute Agent
test (3.11)	Set up job	2026-03-22T06:40:41.6728387Z Version: 20260213.493
test (3.11)	Set up job	2026-03-22T06:40:41.6729061Z Commit: 5c115507f6dd24b8de37d8bbe0bb4509d0cc0fa3
test (3.11)	Set up job	2026-03-22T06:40:41.6729775Z Build Date: 2026-02-13T00:28:41Z
test (3.11)	Set up job	2026-03-22T06:40:41.6730597Z Worker ID: {0bd8f75b-99ee-4a3f-a928-a075572d209f}
test (3.11)	Set up job	2026-03-22T06:40:41.6731368Z Azure Region: westcentralus
test (3.11)	Set up job	2026-03-22T06:40:41.6732015Z ##[endgroup]
test (3.11)	Set up job	2026-03-22T06:40:41.6733403Z ##[group]Operating System
test (3.11)	Set up job	2026-03-22T06:40:41.6734120Z Ubuntu
test (3.11)	Set up job	2026-03-22T06:40:41.6734589Z 24.04.3
test (3.11)	Set up job	2026-03-22T06:40:41.6735061Z LTS
test (3.11)	Set up job	2026-03-22T06:40:41.6735538Z ##[endgroup]
test (3.11)	Set up job	2026-03-22T06:40:41.6736116Z ##[group]Runner Image
test (3.11)	Set up job	2026-03-22T06:40:41.6736670Z Image: ubuntu-24.04
test (3.11)	Set up job	2026-03-22T06:40:41.6737199Z Version: 20260309.50.1
test (3.11)	Set up job	2026-03-22T06:40:41.6738212Z Included Software: https://github.com/actions/runner-images/blob/ubuntu24/20260309.50/images/ubuntu/Ubuntu2404-Readme.md
test (3.11)	Set up job	2026-03-22T06:40:41.6739842Z Image Release: https://github.com/actions/runner-images/releases/tag/ubuntu24%2F20260309.50
test (3.11)	Set up job	2026-03-22T06:40:41.6741093Z ##[endgroup]
test (3.11)	Set up job	2026-03-22T06:40:41.6742176Z ##[group]GITHUB_TOKEN Permissions
test (3.11)	Set up job	2026-03-22T06:40:41.6744271Z Contents: read
test (3.11)	Set up job	2026-03-22T06:40:41.6744911Z Metadata: read
test (3.11)	Set up job	2026-03-22T06:40:41.6745382Z Packages: read
test (3.11)	Set up job	2026-03-22T06:40:41.6746030Z ##[endgroup]
test (3.11)	Set up job	2026-03-22T06:40:41.6748228Z Secret source: Actions
test (3.11)	Set up job	2026-03-22T06:40:41.6748939Z Prepare workflow directory
test (3.11)	Set up job	2026-03-22T06:40:41.7133528Z Prepare all required actions
test (3.11)	Set up job	2026-03-22T06:40:41.7171510Z Getting action download info
test (3.11)	Set up job	2026-03-22T06:40:42.2004550Z Download action repository 'actions/checkout@v4' (SHA:34e114876b0b11c390a56381ad16ebd13914f8d5)
test (3.11)	Set up job	2026-03-22T06:40:42.3244026Z Download action repository 'astral-sh/setup-uv@v5' (SHA:d4b2f3b6ecc6e67c4457f6d3e41ec42d3d0fcb86)
test (3.11)	Set up job	2026-03-22T06:40:43.2059435Z Download action repository 'actions/setup-python@v5' (SHA:a26af69be951a213d495a4c3e4e4022e16d87065)
test (3.11)	Set up job	2026-03-22T06:40:43.2997449Z Download action repository 'codecov/codecov-action@v4' (SHA:b9fd7d16f6d7d1b5d2bec1a2887e65ceed900238)
test (3.11)	Set up job	2026-03-22T06:40:44.1576242Z Complete job name: test (3.11)
test (3.11)	Run actions/checkout@v4	﻿2026-03-22T06:40:44.2356556Z ##[group]Run actions/checkout@v4
test (3.11)	Run actions/checkout@v4	2026-03-22T06:40:44.2357838Z with:
test (3.11)	Run actions/checkout@v4	2026-03-22T06:40:44.2358603Z   repository: KbWen/security-tools
test (3.11)	Run actions/checkout@v4	2026-03-22T06:40:44.2359810Z   token: ***
test (3.11)	Run actions/checkout@v4	2026-03-22T06:40:44.2360785Z   ssh-strict: true
test (3.11)	Run actions/checkout@v4	2026-03-22T06:40:44.2361569Z   ssh-user: git
test (3.11)	Run actions/checkout@v4	2026-03-22T06:40:44.2362342Z   persist-credentials: true
test (3.11)	Run actions/checkout@v4	2026-03-22T06:40:44.2363213Z   clean: true
test (3.11)	Run actions/checkout@v4	2026-03-22T06:40:44.2363984Z   sparse-checkout-cone-mode: true
test (3.11)	Run actions/checkout@v4	2026-03-22T06:40:44.2364930Z   fetch-depth: 1
test (3.11)	Run actions/checkout@v4	2026-03-22T06:40:44.2365683Z   fetch-tags: false
test (3.11)	Run actions/checkout@v4	2026-03-22T06:40:44.2366459Z   show-progress: true
test (3.11)	Run actions/checkout@v4	2026-03-22T06:40:44.2367246Z   lfs: false
test (3.11)	Run actions/checkout@v4	2026-03-22T06:40:44.2367962Z   submodules: false
test (3.11)	Run actions/checkout@v4	2026-03-22T06:40:44.2368754Z   set-safe-directory: true
test (3.11)	Run actions/checkout@v4	2026-03-22T06:40:44.2369872Z ##[endgroup]
test (3.11)	Run actions/checkout@v4	2026-03-22T06:40:44.3471532Z Syncing repository: KbWen/security-tools
test (3.11)	Run actions/checkout@v4	2026-03-22T06:40:44.3474534Z ##[group]Getting Git version info
test (3.11)	Run actions/checkout@v4	2026-03-22T06:40:44.3477068Z Working directory is '/home/runner/work/security-tools/security-tools'
test (3.11)	Run actions/checkout@v4	2026-03-22T06:40:44.3480920Z [command]/usr/bin/git version
test (3.11)	Run actions/checkout@v4	2026-03-22T06:40:44.3547509Z git version 2.53.0
test (3.11)	Run actions/checkout@v4	2026-03-22T06:40:44.3573701Z ##[endgroup]
test (3.11)	Run actions/checkout@v4	2026-03-22T06:40:44.3587916Z Temporarily overriding HOME='/home/runner/work/_temp/0d9735bc-cccc-4153-a3ec-78788a1cc842' before making global git config changes
test (3.11)	Run actions/checkout@v4	2026-03-22T06:40:44.3590853Z Adding repository directory to the temporary git global config as a safe directory
test (3.11)	Run actions/checkout@v4	2026-03-22T06:40:44.3594744Z [command]/usr/bin/git config --global --add safe.directory /home/runner/work/security-tools/security-tools
test (3.11)	Run actions/checkout@v4	2026-03-22T06:40:44.3636697Z Deleting the contents of '/home/runner/work/security-tools/security-tools'
test (3.11)	Run actions/checkout@v4	2026-03-22T06:40:44.3640966Z ##[group]Initializing the repository
test (3.11)	Run actions/checkout@v4	2026-03-22T06:40:44.3646277Z [command]/usr/bin/git init /home/runner/work/security-tools/security-tools
test (3.11)	Run actions/checkout@v4	2026-03-22T06:40:44.3759821Z hint: Using 'master' as the name for the initial branch. This default branch name
test (3.11)	Run actions/checkout@v4	2026-03-22T06:40:44.3762590Z hint: will change to "main" in Git 3.0. To configure the initial branch name
test (3.11)	Run actions/checkout@v4	2026-03-22T06:40:44.3765486Z hint: to use in all of your new repositories, which will suppress this warning,
test (3.11)	Run actions/checkout@v4	2026-03-22T06:40:44.3768050Z hint: call:
test (3.11)	Run actions/checkout@v4	2026-03-22T06:40:44.3769636Z hint:
test (3.11)	Run actions/checkout@v4	2026-03-22T06:40:44.3771783Z hint: 	git config --global init.defaultBranch <name>
test (3.11)	Run actions/checkout@v4	2026-03-22T06:40:44.3773836Z hint:
test (3.11)	Run actions/checkout@v4	2026-03-22T06:40:44.3776040Z hint: Names commonly chosen instead of 'master' are 'main', 'trunk' and
test (3.11)	Run actions/checkout@v4	2026-03-22T06:40:44.3779336Z hint: 'development'. The just-created branch can be renamed via this command:
test (3.11)	Run actions/checkout@v4	2026-03-22T06:40:44.3782115Z hint:
test (3.11)	Run actions/checkout@v4	2026-03-22T06:40:44.3783799Z hint: 	git branch -m <name>
test (3.11)	Run actions/checkout@v4	2026-03-22T06:40:44.3784766Z hint:
test (3.11)	Run actions/checkout@v4	2026-03-22T06:40:44.3786009Z hint: Disable this message with "git config set advice.defaultBranchName false"
test (3.11)	Run actions/checkout@v4	2026-03-22T06:40:44.3788229Z Initialized empty Git repository in /home/runner/work/security-tools/security-tools/.git/
test (3.11)	Run actions/checkout@v4	2026-03-22T06:40:44.3794048Z [command]/usr/bin/git remote add origin https://github.com/KbWen/security-tools
test (3.11)	Run actions/checkout@v4	2026-03-22T06:40:44.3816017Z ##[endgroup]
test (3.11)	Run actions/checkout@v4	2026-03-22T06:40:44.3818817Z ##[group]Disabling automatic garbage collection
test (3.11)	Run actions/checkout@v4	2026-03-22T06:40:44.3821386Z [command]/usr/bin/git config --local gc.auto 0
test (3.11)	Run actions/checkout@v4	2026-03-22T06:40:44.3852361Z ##[endgroup]
test (3.11)	Run actions/checkout@v4	2026-03-22T06:40:44.3854764Z ##[group]Setting up auth
test (3.11)	Run actions/checkout@v4	2026-03-22T06:40:44.3859482Z [command]/usr/bin/git config --local --name-only --get-regexp core\.sshCommand
test (3.11)	Run actions/checkout@v4	2026-03-22T06:40:44.3890984Z [command]/usr/bin/git submodule foreach --recursive sh -c "git config --local --name-only --get-regexp 'core\.sshCommand' && git config --local --unset-all 'core.sshCommand' || :"
test (3.11)	Run actions/checkout@v4	2026-03-22T06:40:44.4303516Z [command]/usr/bin/git config --local --name-only --get-regexp http\.https\:\/\/github\.com\/\.extraheader
test (3.11)	Run actions/checkout@v4	2026-03-22T06:40:44.4334518Z [command]/usr/bin/git submodule foreach --recursive sh -c "git config --local --name-only --get-regexp 'http\.https\:\/\/github\.com\/\.extraheader' && git config --local --unset-all 'http.https://github.com/.extraheader' || :"
test (3.11)	Run actions/checkout@v4	2026-03-22T06:40:44.4567463Z [command]/usr/bin/git config --local --name-only --get-regexp ^includeIf\.gitdir:
test (3.11)	Run actions/checkout@v4	2026-03-22T06:40:44.4607027Z [command]/usr/bin/git submodule foreach --recursive git config --local --show-origin --name-only --get-regexp remote.origin.url
test (3.11)	Run actions/checkout@v4	2026-03-22T06:40:44.4841779Z [command]/usr/bin/git config --local http.https://github.com/.extraheader AUTHORIZATION: basic ***
test (3.11)	Run actions/checkout@v4	2026-03-22T06:40:44.4877670Z ##[endgroup]
test (3.11)	Run actions/checkout@v4	2026-03-22T06:40:44.4879448Z ##[group]Fetching the repository
test (3.11)	Run actions/checkout@v4	2026-03-22T06:40:44.4886302Z [command]/usr/bin/git -c protocol.version=2 fetch --no-tags --prune --no-recurse-submodules --depth=1 origin +184849c2a4fffcf0a74c46177ccd278540c1182c:refs/remotes/pull/1/merge
test (3.11)	Run actions/checkout@v4	2026-03-22T06:40:45.0014433Z From https://github.com/KbWen/security-tools
test (3.11)	Run actions/checkout@v4	2026-03-22T06:40:45.0016095Z  * [new ref]         184849c2a4fffcf0a74c46177ccd278540c1182c -> pull/1/merge
test (3.11)	Run actions/checkout@v4	2026-03-22T06:40:45.0054248Z ##[endgroup]
test (3.11)	Run actions/checkout@v4	2026-03-22T06:40:45.0056637Z ##[group]Determining the checkout info
test (3.11)	Run actions/checkout@v4	2026-03-22T06:40:45.0059398Z ##[endgroup]
test (3.11)	Run actions/checkout@v4	2026-03-22T06:40:45.0061818Z [command]/usr/bin/git sparse-checkout disable
test (3.11)	Run actions/checkout@v4	2026-03-22T06:40:45.0107628Z [command]/usr/bin/git config --local --unset-all extensions.worktreeConfig
test (3.11)	Run actions/checkout@v4	2026-03-22T06:40:45.0136580Z ##[group]Checking out the ref
test (3.11)	Run actions/checkout@v4	2026-03-22T06:40:45.0139783Z [command]/usr/bin/git checkout --progress --force refs/remotes/pull/1/merge
test (3.11)	Run actions/checkout@v4	2026-03-22T06:40:45.0305260Z Note: switching to 'refs/remotes/pull/1/merge'.
test (3.11)	Run actions/checkout@v4	2026-03-22T06:40:45.0306271Z 
test (3.11)	Run actions/checkout@v4	2026-03-22T06:40:45.0307060Z You are in 'detached HEAD' state. You can look around, make experimental
test (3.11)	Run actions/checkout@v4	2026-03-22T06:40:45.0308811Z changes and commit them, and you can discard any commits you make in this
test (3.11)	Run actions/checkout@v4	2026-03-22T06:40:45.0310863Z state without impacting any branches by switching back to a branch.
test (3.11)	Run actions/checkout@v4	2026-03-22T06:40:45.0311965Z 
test (3.11)	Run actions/checkout@v4	2026-03-22T06:40:45.0313195Z If you want to create a new branch to retain commits you create, you may
test (3.11)	Run actions/checkout@v4	2026-03-22T06:40:45.0315110Z do so (now or later) by using -c with the switch command. Example:
test (3.11)	Run actions/checkout@v4	2026-03-22T06:40:45.0316196Z 
test (3.11)	Run actions/checkout@v4	2026-03-22T06:40:45.0316718Z   git switch -c <new-branch-name>
test (3.11)	Run actions/checkout@v4	2026-03-22T06:40:45.0317488Z 
test (3.11)	Run actions/checkout@v4	2026-03-22T06:40:45.0317890Z Or undo this operation with:
test (3.11)	Run actions/checkout@v4	2026-03-22T06:40:45.0318517Z 
test (3.11)	Run actions/checkout@v4	2026-03-22T06:40:45.0318861Z   git switch -
test (3.11)	Run actions/checkout@v4	2026-03-22T06:40:45.0319341Z 
test (3.11)	Run actions/checkout@v4	2026-03-22T06:40:45.0320155Z Turn off this advice by setting config variable advice.detachedHead to false
test (3.11)	Run actions/checkout@v4	2026-03-22T06:40:45.0321701Z 
test (3.11)	Run actions/checkout@v4	2026-03-22T06:40:45.0323134Z HEAD is now at 184849c Merge e3ee2fe600650292d262f72b92c6fea00644ee14 into 20b36b2d7ef5a91693bdd8bd44881a07b4cce71a
test (3.11)	Run actions/checkout@v4	2026-03-22T06:40:45.0326782Z ##[endgroup]
test (3.11)	Run actions/checkout@v4	2026-03-22T06:40:45.0351137Z [command]/usr/bin/git log -1 --format=%H
test (3.11)	Run actions/checkout@v4	2026-03-22T06:40:45.0374616Z 184849c2a4fffcf0a74c46177ccd278540c1182c
test (3.11)	Install uv	﻿2026-03-22T06:40:45.0747033Z ##[group]Run astral-sh/setup-uv@v5
test (3.11)	Install uv	2026-03-22T06:40:45.0748030Z with:
test (3.11)	Install uv	2026-03-22T06:40:45.0749062Z   github-token: ***
test (3.11)	Install uv	2026-03-22T06:40:45.0749826Z   enable-cache: auto
test (3.11)	Install uv	2026-03-22T06:40:45.0751181Z   cache-dependency-glob: **/uv.lock
test (3.11)	Install uv	**/requirements*.txt
test (3.11)	Install uv	
test (3.11)	Install uv	2026-03-22T06:40:45.0752363Z   prune-cache: true
test (3.11)	Install uv	2026-03-22T06:40:45.0753173Z   ignore-nothing-to-cache: false
test (3.11)	Install uv	2026-03-22T06:40:45.0754124Z   ignore-empty-workdir: false
test (3.11)	Install uv	2026-03-22T06:40:45.0754994Z ##[endgroup]
test (3.11)	Install uv	2026-03-22T06:40:45.6379885Z Downloading uv from "https://github.com/astral-sh/uv/releases/download/0.10.12/uv-x86_64-unknown-linux-gnu.tar.gz" ...
test (3.11)	Install uv	2026-03-22T06:40:46.1872653Z [command]/usr/bin/tar xz --warning=no-unknown-keyword --overwrite -C /home/runner/work/_temp/b62ebe97-2561-4694-a272-dd44e4990f6e -f /home/runner/work/_temp/584f3d44-84d9-4b75-8107-e58aa20487f1
test (3.11)	Install uv	2026-03-22T06:40:46.6559459Z Added /home/runner/.local/bin to the path
test (3.11)	Install uv	2026-03-22T06:40:46.6572803Z Added /opt/hostedtoolcache/uv/0.10.12/x86_64 to the path
test (3.11)	Install uv	2026-03-22T06:40:46.6593038Z Set UV_CACHE_DIR to /home/runner/work/_temp/setup-uv-cache
test (3.11)	Install uv	2026-03-22T06:40:46.6593488Z Successfully installed uv version 0.10.12
test (3.11)	Install uv	2026-03-22T06:40:46.6593933Z Searching files using cache dependency glob: **/uv.lock,**/requirements*.txt
test (3.11)	Install uv	2026-03-22T06:40:46.7038576Z /home/runner/work/security-tools/security-tools/src/ghostcheck/data/demo_fixtures/requirements_demo.txt
test (3.11)	Install uv	2026-03-22T06:40:46.7091726Z Found 1 files to hash.
test (3.11)	Install uv	2026-03-22T06:40:46.8101640Z Trying to restore uv cache from GitHub Actions cache with key: setup-uv-1-x86_64-unknown-linux-gnu-3.12.3-73f3c168b8ed388f7d360c1748af41072e57b3b759ca08e3106af5a7be042240
test (3.11)	Install uv	2026-03-22T06:40:46.9872143Z No GitHub Actions cache found for key: setup-uv-1-x86_64-unknown-linux-gnu-3.12.3-73f3c168b8ed388f7d360c1748af41072e57b3b759ca08e3106af5a7be042240
test (3.11)	Set up Python 3.11	﻿2026-03-22T06:40:47.0078513Z ##[group]Run actions/setup-python@v5
test (3.11)	Set up Python 3.11	2026-03-22T06:40:47.0078803Z with:
test (3.11)	Set up Python 3.11	2026-03-22T06:40:47.0078983Z   python-version: 3.11
test (3.11)	Set up Python 3.11	2026-03-22T06:40:47.0079189Z   check-latest: false
test (3.11)	Set up Python 3.11	2026-03-22T06:40:47.0079540Z   token: ***
test (3.11)	Set up Python 3.11	2026-03-22T06:40:47.0079768Z   update-environment: true
test (3.11)	Set up Python 3.11	2026-03-22T06:40:47.0079997Z   allow-prereleases: false
test (3.11)	Set up Python 3.11	2026-03-22T06:40:47.0080509Z   freethreaded: false
test (3.11)	Set up Python 3.11	2026-03-22T06:40:47.0080724Z env:
test (3.11)	Set up Python 3.11	2026-03-22T06:40:47.0080952Z   UV_CACHE_DIR: /home/runner/work/_temp/setup-uv-cache
test (3.11)	Set up Python 3.11	2026-03-22T06:40:47.0081234Z ##[endgroup]
test (3.11)	Set up Python 3.11	2026-03-22T06:40:47.1748601Z ##[group]Installed versions
test (3.11)	Set up Python 3.11	2026-03-22T06:40:47.1845497Z Successfully set up CPython (3.11.15)
test (3.11)	Set up Python 3.11	2026-03-22T06:40:47.1846287Z ##[endgroup]
test (3.11)	Install dependencies	﻿2026-03-22T06:40:47.1961831Z ##[group]Run uv pip install --system -e .[dev]
test (3.11)	Install dependencies	2026-03-22T06:40:47.1962247Z [36;1muv pip install --system -e .[dev][0m
test (3.11)	Install dependencies	2026-03-22T06:40:47.2066248Z shell: /usr/bin/bash -e {0}
test (3.11)	Install dependencies	2026-03-22T06:40:47.2066515Z env:
test (3.11)	Install dependencies	2026-03-22T06:40:47.2066744Z   UV_CACHE_DIR: /home/runner/work/_temp/setup-uv-cache
test (3.11)	Install dependencies	2026-03-22T06:40:47.2067146Z   pythonLocation: /opt/hostedtoolcache/Python/3.11.15/x64
test (3.11)	Install dependencies	2026-03-22T06:40:47.2067612Z   PKG_CONFIG_PATH: /opt/hostedtoolcache/Python/3.11.15/x64/lib/pkgconfig
test (3.11)	Install dependencies	2026-03-22T06:40:47.2068035Z   Python_ROOT_DIR: /opt/hostedtoolcache/Python/3.11.15/x64
test (3.11)	Install dependencies	2026-03-22T06:40:47.2068411Z   Python2_ROOT_DIR: /opt/hostedtoolcache/Python/3.11.15/x64
test (3.11)	Install dependencies	2026-03-22T06:40:47.2068980Z   Python3_ROOT_DIR: /opt/hostedtoolcache/Python/3.11.15/x64
test (3.11)	Install dependencies	2026-03-22T06:40:47.2069427Z   LD_LIBRARY_PATH: /opt/hostedtoolcache/Python/3.11.15/x64/lib
test (3.11)	Install dependencies	2026-03-22T06:40:47.2069746Z ##[endgroup]
test (3.11)	Install dependencies	2026-03-22T06:40:47.5322575Z Using Python 3.11.15 environment at: /opt/hostedtoolcache/Python/3.11.15/x64
test (3.11)	Install dependencies	2026-03-22T06:40:49.5561682Z Resolved 9 packages in 2.01s
test (3.11)	Install dependencies	2026-03-22T06:40:49.5572837Z    Building esprima==4.0.1
test (3.11)	Install dependencies	2026-03-22T06:40:49.5574265Z    Building ghostcheck @ file:///home/runner/work/security-tools/security-tools
test (3.11)	Install dependencies	2026-03-22T06:40:49.5770472Z Downloading pygments (1.2MiB)
test (3.11)	Install dependencies	2026-03-22T06:40:49.6664930Z  Downloaded pygments
test (3.11)	Install dependencies	2026-03-22T06:40:50.1854666Z       Built esprima==4.0.1
test (3.11)	Install dependencies	2026-03-22T06:40:50.2529585Z       Built ghostcheck @ file:///home/runner/work/security-tools/security-tools
test (3.11)	Install dependencies	2026-03-22T06:40:50.2537637Z Prepared 9 packages in 697ms
test (3.11)	Install dependencies	2026-03-22T06:40:50.2662995Z Installed 9 packages in 12ms
test (3.11)	Install dependencies	2026-03-22T06:40:50.2663456Z  + coverage==7.13.5
test (3.11)	Install dependencies	2026-03-22T06:40:50.2663830Z  + esprima==4.0.1
test (3.11)	Install dependencies	2026-03-22T06:40:50.2664585Z  + ghostcheck==0.6.0 (from file:///home/runner/work/security-tools/security-tools)
test (3.11)	Install dependencies	2026-03-22T06:40:50.2665249Z  + iniconfig==2.3.0
test (3.11)	Install dependencies	2026-03-22T06:40:50.2665558Z  + packaging==26.0
test (3.11)	Install dependencies	2026-03-22T06:40:50.2665892Z  + pluggy==1.6.0
test (3.11)	Install dependencies	2026-03-22T06:40:50.2666248Z  + pygments==2.19.2
test (3.11)	Install dependencies	2026-03-22T06:40:50.2666725Z  + pytest==9.0.2
test (3.11)	Install dependencies	2026-03-22T06:40:50.2667240Z  + pytest-cov==7.1.0
test (3.11)	Run tests with coverage	﻿2026-03-22T06:40:50.2915892Z ##[group]Run pytest tests/ -v --cov=ghostcheck --cov-report=xml
test (3.11)	Run tests with coverage	2026-03-22T06:40:50.2916398Z [36;1mpytest tests/ -v --cov=ghostcheck --cov-report=xml[0m
test (3.11)	Run tests with coverage	2026-03-22T06:40:50.2965740Z shell: /usr/bin/bash -e {0}
test (3.11)	Run tests with coverage	2026-03-22T06:40:50.2965977Z env:
test (3.11)	Run tests with coverage	2026-03-22T06:40:50.2966199Z   UV_CACHE_DIR: /home/runner/work/_temp/setup-uv-cache
test (3.11)	Run tests with coverage	2026-03-22T06:40:50.2966564Z   pythonLocation: /opt/hostedtoolcache/Python/3.11.15/x64
test (3.11)	Run tests with coverage	2026-03-22T06:40:50.2966970Z   PKG_CONFIG_PATH: /opt/hostedtoolcache/Python/3.11.15/x64/lib/pkgconfig
test (3.11)	Run tests with coverage	2026-03-22T06:40:50.2967375Z   Python_ROOT_DIR: /opt/hostedtoolcache/Python/3.11.15/x64
test (3.11)	Run tests with coverage	2026-03-22T06:40:50.2967747Z   Python2_ROOT_DIR: /opt/hostedtoolcache/Python/3.11.15/x64
test (3.11)	Run tests with coverage	2026-03-22T06:40:50.2968111Z   Python3_ROOT_DIR: /opt/hostedtoolcache/Python/3.11.15/x64
test (3.11)	Run tests with coverage	2026-03-22T06:40:50.2968476Z   LD_LIBRARY_PATH: /opt/hostedtoolcache/Python/3.11.15/x64/lib
test (3.11)	Run tests with coverage	2026-03-22T06:40:50.2968769Z ##[endgroup]
test (3.11)	Run tests with coverage	2026-03-22T06:40:51.1769752Z ============================= test session starts ==============================
test (3.11)	Run tests with coverage	2026-03-22T06:40:51.1771340Z platform linux -- Python 3.11.15, pytest-9.0.2, pluggy-1.6.0 -- /opt/hostedtoolcache/Python/3.11.15/x64/bin/python
test (3.11)	Run tests with coverage	2026-03-22T06:40:51.1772381Z cachedir: .pytest_cache
test (3.11)	Run tests with coverage	2026-03-22T06:40:51.1772944Z rootdir: /home/runner/work/security-tools/security-tools
test (3.11)	Run tests with coverage	2026-03-22T06:40:51.1773595Z configfile: pyproject.toml
test (3.11)	Run tests with coverage	2026-03-22T06:40:51.1774071Z plugins: cov-7.1.0
test (3.11)	Run tests with coverage	2026-03-22T06:40:52.0179251Z collecting ... collected 30 items
test (3.11)	Run tests with coverage	2026-03-22T06:40:52.0179657Z 
test (3.11)	Run tests with coverage	2026-03-22T06:40:52.0288088Z tests/test_agent_rules.py::test_rules_lint PASSED                        [  3%]
test (3.11)	Run tests with coverage	2026-03-22T06:40:52.0318548Z tests/test_ast_js_scanner.py::test_js_ast_concat PASSED                  [  6%]
test (3.11)	Run tests with coverage	2026-03-22T06:40:52.0333254Z tests/test_ast_js_scanner.py::test_js_ast_malformed PASSED               [ 10%]
test (3.11)	Run tests with coverage	2026-03-22T06:40:52.0347698Z tests/test_ast_scanner.py::test_ast_concat PASSED                        [ 13%]
test (3.11)	Run tests with coverage	2026-03-22T06:40:52.0361054Z tests/test_ast_scanner.py::test_ast_nested_concat PASSED                 [ 16%]
test (3.11)	Run tests with coverage	2026-03-22T06:40:52.0374879Z tests/test_ast_scanner.py::test_ast_recursion_limit PASSED               [ 20%]
test (3.11)	Run tests with coverage	2026-03-22T06:40:52.0387776Z tests/test_ast_scanner.py::test_ast_syntax_error PASSED                  [ 23%]
test (3.11)	Run tests with coverage	2026-03-22T06:40:52.0413919Z tests/test_cache_integrity.py::test_cache_integrity_failure PASSED       [ 26%]
test (3.11)	Run tests with coverage	2026-03-22T06:40:52.0471237Z tests/test_cli.py::test_cli_version PASSED                               [ 30%]
test (3.11)	Run tests with coverage	2026-03-22T06:40:52.0532891Z tests/test_cli.py::test_cli_help PASSED                                  [ 33%]
test (3.11)	Run tests with coverage	2026-03-22T06:40:52.0550081Z tests/test_docker.py::test_docker_latest_tag PASSED                      [ 36%]
test (3.11)	Run tests with coverage	2026-03-22T06:40:52.0562170Z tests/test_docker.py::test_docker_missing_user PASSED                    [ 40%]
test (3.11)	Run tests with coverage	2026-03-22T06:40:52.0574385Z tests/test_docker.py::test_docker_safe_file PASSED                       [ 43%]
test (3.11)	Run tests with coverage	2026-03-22T06:40:52.0586087Z tests/test_env_scanner.py::test_env_unignored PASSED                     [ 46%]
test (3.11)	Run tests with coverage	2026-03-22T06:40:52.0597888Z tests/test_env_scanner.py::test_env_debug PASSED                         [ 50%]
test (3.11)	Run tests with coverage	2026-03-22T06:40:52.0609796Z tests/test_env_scanner.py::test_env_cors_wildcard PASSED                 [ 53%]
test (3.11)	Run tests with coverage	2026-03-22T06:40:52.0623826Z tests/test_hallucination.py::test_parse_requirements PASSED              [ 56%]
test (3.11)	Run tests with coverage	2026-03-22T06:40:52.0640891Z tests/test_hallucination.py::test_check_pypi_not_found PASSED            [ 60%]
test (3.11)	Run tests with coverage	2026-03-22T06:40:52.0791154Z tests/test_hallucination.py::test_check_pypi_success PASSED              [ 63%]
test (3.11)	Run tests with coverage	2026-03-22T06:40:52.0806944Z tests/test_hallucination.py::test_check_pypi_timeout PASSED              [ 66%]
test (3.11)	Run tests with coverage	2026-03-22T06:40:52.0835807Z tests/test_hallucination.py::test_check_pypi_malformed_json PASSED       [ 70%]
test (3.11)	Run tests with coverage	2026-03-22T06:40:52.0864521Z tests/test_hallucination.py::test_check_pypi_new_package PASSED          [ 73%]
test (3.11)	Run tests with coverage	2026-03-22T06:40:52.0877119Z tests/test_hallucination.py::test_empty_requirements PASSED              [ 76%]
test (3.11)	Run tests with coverage	2026-03-22T06:40:52.0899029Z tests/test_secrets.py::test_secret_scan PASSED                           [ 80%]
test (3.11)	Run tests with coverage	2026-03-22T06:40:52.0911103Z tests/test_secrets.py::test_severity_adjustment PASSED                   [ 83%]
test (3.11)	Run tests with coverage	2026-03-22T06:40:52.0923417Z tests/test_secrets.py::test_adjust_severity PASSED                       [ 86%]
test (3.11)	Run tests with coverage	2026-03-22T06:40:52.0944933Z tests/test_security_guards.py::test_path_traversal_protection PASSED     [ 90%]
test (3.11)	Run tests with coverage	2026-03-22T06:40:52.1044812Z tests/test_security_guards.py::test_file_size_limit PASSED               [ 93%]
test (3.11)	Run tests with coverage	2026-03-22T06:40:52.1056777Z tests/test_severity_engine.py::test_severity_downgrade PASSED            [ 96%]
test (3.11)	Run tests with coverage	2026-03-22T06:40:52.4750736Z tests/test_severity_engine.py::test_severity_entropy PASSED              [100%]
test (3.11)	Run tests with coverage	2026-03-22T06:40:52.4751573Z 
test (3.11)	Run tests with coverage	2026-03-22T06:40:52.4751868Z ================================ tests coverage ================================
test (3.11)	Run tests with coverage	2026-03-22T06:40:52.4752820Z _______________ coverage: platform linux, python 3.11.15-final-0 _______________
test (3.11)	Run tests with coverage	2026-03-22T06:40:52.4753480Z 
test (3.11)	Run tests with coverage	2026-03-22T06:40:52.4753703Z Coverage XML written to file coverage.xml
test (3.11)	Run tests with coverage	2026-03-22T06:40:52.4754430Z ============================== 30 passed in 1.12s ==============================
test (3.11)	Upload coverage to Codecov	﻿2026-03-22T06:40:52.6242956Z ##[group]Run codecov/codecov-action@v4
test (3.11)	Upload coverage to Codecov	2026-03-22T06:40:52.6243234Z with:
test (3.11)	Upload coverage to Codecov	2026-03-22T06:40:52.6243405Z   file: ./coverage.xml
test (3.11)	Upload coverage to Codecov	2026-03-22T06:40:52.6243600Z   fail_ci_if_error: false
test (3.11)	Upload coverage to Codecov	2026-03-22T06:40:52.6243811Z env:
test (3.11)	Upload coverage to Codecov	2026-03-22T06:40:52.6244019Z   UV_CACHE_DIR: /home/runner/work/_temp/setup-uv-cache
test (3.11)	Upload coverage to Codecov	2026-03-22T06:40:52.6244372Z   pythonLocation: /opt/hostedtoolcache/Python/3.11.15/x64
test (3.11)	Upload coverage to Codecov	2026-03-22T06:40:52.6244785Z   PKG_CONFIG_PATH: /opt/hostedtoolcache/Python/3.11.15/x64/lib/pkgconfig
test (3.11)	Upload coverage to Codecov	2026-03-22T06:40:52.6245169Z   Python_ROOT_DIR: /opt/hostedtoolcache/Python/3.11.15/x64
test (3.11)	Upload coverage to Codecov	2026-03-22T06:40:52.6245515Z   Python2_ROOT_DIR: /opt/hostedtoolcache/Python/3.11.15/x64
test (3.11)	Upload coverage to Codecov	2026-03-22T06:40:52.6245861Z   Python3_ROOT_DIR: /opt/hostedtoolcache/Python/3.11.15/x64
test (3.11)	Upload coverage to Codecov	2026-03-22T06:40:52.6246211Z   LD_LIBRARY_PATH: /opt/hostedtoolcache/Python/3.11.15/x64/lib
test (3.11)	Upload coverage to Codecov	2026-03-22T06:40:52.6246500Z   CODECOV_TOKEN: 
test (3.11)	Upload coverage to Codecov	2026-03-22T06:40:52.6246669Z ##[endgroup]
test (3.11)	Upload coverage to Codecov	2026-03-22T06:40:52.7091931Z eventName: pull_request
test (3.11)	Upload coverage to Codecov	2026-03-22T06:40:52.7093677Z baseRef: KbWen:main | headRef: KbWen:feat/v0.6.0
test (3.11)	Upload coverage to Codecov	2026-03-22T06:40:52.7101738Z ==> linux OS detected
test (3.11)	Upload coverage to Codecov	2026-03-22T06:40:53.0371363Z https://cli.codecov.io/latest/linux/codecov.SHA256SUM
test (3.11)	Upload coverage to Codecov	2026-03-22T06:40:53.1931851Z gpg: directory '/home/runner/.gnupg' created
test (3.11)	Upload coverage to Codecov	2026-03-22T06:40:53.1936541Z gpg: keybox '/home/runner/.gnupg/pubring.kbx' created
test (3.11)	Upload coverage to Codecov	2026-03-22T06:40:53.2094046Z gpg: /home/runner/.gnupg/trustdb.gpg: trustdb created
test (3.11)	Upload coverage to Codecov	2026-03-22T06:40:53.2095548Z gpg: key 806BB28AED779869: public key "Codecov Uploader (Codecov Uploader Verification Key) <security@codecov.io>" imported
test (3.11)	Upload coverage to Codecov	2026-03-22T06:40:53.2387797Z gpg: Total number processed: 1
test (3.11)	Upload coverage to Codecov	2026-03-22T06:40:53.2388099Z gpg:               imported: 1
test (3.11)	Upload coverage to Codecov	2026-03-22T06:40:53.2443298Z gpg: Signature made Tue Mar 17 20:46:01 2026 UTC
test (3.11)	Upload coverage to Codecov	2026-03-22T06:40:53.2443709Z gpg:                using RSA key 27034E7FDB850E0BBC2C62FF806BB28AED779869
test (3.11)	Upload coverage to Codecov	2026-03-22T06:40:53.2446580Z gpg: Good signature from "Codecov Uploader (Codecov Uploader Verification Key) <security@codecov.io>" [unknown]
test (3.11)	Upload coverage to Codecov	2026-03-22T06:40:53.2447276Z gpg: WARNING: This key is not certified with a trusted signature!
test (3.11)	Upload coverage to Codecov	2026-03-22T06:40:53.2447713Z gpg:          There is no indication that the signature belongs to the owner.
test (3.11)	Upload coverage to Codecov	2026-03-22T06:40:53.2448174Z Primary key fingerprint: 2703 4E7F DB85 0E0B BC2C  62FF 806B B28A ED77 9869
test (3.11)	Upload coverage to Codecov	2026-03-22T06:40:53.2699017Z ==> Uploader SHASUM verified (c6646fe70dc2aee9bcd04f65231f7d0f79db8134d2a36f2535cd52163fd3f0a7  codecov)
test (3.11)	Upload coverage to Codecov	2026-03-22T06:40:53.2700487Z ==> Running version latest
test (3.11)	Upload coverage to Codecov	2026-03-22T06:40:53.3550908Z Could not pull latest version information: SyntaxError: Unexpected token '<', "<!DOCTYPE "... is not valid JSON
test (3.11)	Upload coverage to Codecov	2026-03-22T06:40:53.3552646Z ==> Running git config --global --add safe.directory /home/runner/work/security-tools/security-tools
test (3.11)	Upload coverage to Codecov	2026-03-22T06:40:53.3656977Z [command]/usr/bin/git config --global --add safe.directory /home/runner/work/security-tools/security-tools
test (3.11)	Upload coverage to Codecov	2026-03-22T06:40:53.3709977Z ==> Running command '/home/runner/work/_actions/codecov/codecov-action/v4/dist/codecov create-commit'
test (3.11)	Upload coverage to Codecov	2026-03-22T06:40:53.3713161Z [command]/home/runner/work/_actions/codecov/codecov-action/v4/dist/codecov create-commit --git-service github -C e3ee2fe600650292d262f72b92c6fea00644ee14
test (3.11)	Upload coverage to Codecov	2026-03-22T06:40:53.7239296Z info - 2026-03-22 06:40:53,723 -- ci service found: github-actions
test (3.11)	Upload coverage to Codecov	2026-03-22T06:40:53.7335068Z warning - 2026-03-22 06:40:53,733 -- No config file could be found. Ignoring config.
test (3.11)	Upload coverage to Codecov	2026-03-22T06:40:53.7646642Z warning - 2026-03-22 06:40:53,764 -- Branch `feat/v0.6.0` is protected but no token was provided
test (3.11)	Upload coverage to Codecov	2026-03-22T06:40:53.7647837Z warning - 2026-03-22 06:40:53,764 -- For information on Codecov upload tokens, see https://docs.codecov.com/docs/codecov-tokens
test (3.11)	Upload coverage to Codecov	2026-03-22T06:40:54.2081682Z info - 2026-03-22 06:40:54,207 -- Process Commit creating complete
test (3.11)	Upload coverage to Codecov	2026-03-22T06:40:54.2082766Z error - 2026-03-22 06:40:54,207 -- Commit creating failed: {"message":"Token required - not valid tokenless upload"}
test (3.11)	Upload coverage to Codecov	2026-03-22T06:40:54.3135716Z Sentry is attempting to send 3 pending events
test (3.11)	Upload coverage to Codecov	2026-03-22T06:40:54.3136368Z Waiting up to 2 seconds
test (3.11)	Upload coverage to Codecov	2026-03-22T06:40:54.3137245Z Press Ctrl-C to quit
test (3.11)	Upload coverage to Codecov	2026-03-22T06:40:54.4389239Z ==> Running command '/home/runner/work/_actions/codecov/codecov-action/v4/dist/codecov create-report'
test (3.11)	Upload coverage to Codecov	2026-03-22T06:40:54.4391873Z [command]/home/runner/work/_actions/codecov/codecov-action/v4/dist/codecov create-report --git-service github -C e3ee2fe600650292d262f72b92c6fea00644ee14
test (3.11)	Upload coverage to Codecov	2026-03-22T06:40:54.7898193Z info - 2026-03-22 06:40:54,789 -- ci service found: github-actions
test (3.11)	Upload coverage to Codecov	2026-03-22T06:40:54.7994435Z warning - 2026-03-22 06:40:54,799 -- No config file could be found. Ignoring config.
test (3.11)	Upload coverage to Codecov	2026-03-22T06:40:55.1984063Z info - 2026-03-22 06:40:55,197 -- Process Report creating complete
test (3.11)	Upload coverage to Codecov	2026-03-22T06:40:55.1989413Z error - 2026-03-22 06:40:55,198 -- Report creating failed: {"message":"Token required - not valid tokenless upload"}
test (3.11)	Upload coverage to Codecov	2026-03-22T06:40:55.3046372Z Sentry is attempting to send 2 pending events
test (3.11)	Upload coverage to Codecov	2026-03-22T06:40:55.3046786Z Waiting up to 2 seconds
test (3.11)	Upload coverage to Codecov	2026-03-22T06:40:55.3047040Z Press Ctrl-C to quit
test (3.11)	Upload coverage to Codecov	2026-03-22T06:40:55.3618090Z ==> Running command '/home/runner/work/_actions/codecov/codecov-action/v4/dist/codecov do-upload'
test (3.11)	Upload coverage to Codecov	2026-03-22T06:40:55.3620763Z [command]/home/runner/work/_actions/codecov/codecov-action/v4/dist/codecov do-upload -f ./coverage.xml --git-service github -C e3ee2fe600650292d262f72b92c6fea00644ee14
test (3.11)	Upload coverage to Codecov	2026-03-22T06:40:55.7118576Z info - 2026-03-22 06:40:55,711 -- ci service found: github-actions
test (3.11)	Upload coverage to Codecov	2026-03-22T06:40:55.7216116Z warning - 2026-03-22 06:40:55,721 -- No config file could be found. Ignoring config.
test (3.11)	Upload coverage to Codecov	2026-03-22T06:40:55.7537864Z warning - 2026-03-22 06:40:55,753 -- xcrun is not installed or can't be found.
test (3.11)	Upload coverage to Codecov	2026-03-22T06:40:55.7607100Z warning - 2026-03-22 06:40:55,760 -- No gcov data found.
test (3.11)	Upload coverage to Codecov	2026-03-22T06:40:55.7614804Z info - 2026-03-22 06:40:55,761 -- Generating coverage.xml report in /home/runner/work/security-tools/security-tools
test (3.11)	Upload coverage to Codecov	2026-03-22T06:40:55.9719478Z info - 2026-03-22 06:40:55,971 -- Wrote XML report to coverage.xml
test (3.11)	Upload coverage to Codecov	2026-03-22T06:40:56.0014362Z info - 2026-03-22 06:40:56,001 -- Found 1 coverage files to report
test (3.11)	Upload coverage to Codecov	2026-03-22T06:40:56.0015271Z info - 2026-03-22 06:40:56,001 -- > /home/runner/work/security-tools/security-tools/coverage.xml
test (3.11)	Upload coverage to Codecov	2026-03-22T06:40:56.3678408Z info - 2026-03-22 06:40:56,367 -- Process Upload complete
test (3.11)	Upload coverage to Codecov	2026-03-22T06:40:56.3679465Z error - 2026-03-22 06:40:56,367 -- Upload failed: {"message":"Token required - not valid tokenless upload"}
test (3.11)	Upload coverage to Codecov	2026-03-22T06:40:56.4751411Z Sentry is attempting to send 2 pending events
test (3.11)	Upload coverage to Codecov	2026-03-22T06:40:56.4751856Z Waiting up to 2 seconds
test (3.11)	Upload coverage to Codecov	2026-03-22T06:40:56.4752141Z Press Ctrl-C to quit
test (3.11)	Post Set up Python 3.11	﻿2026-03-22T06:40:56.6240604Z Post job cleanup.
test (3.11)	Post Install uv	﻿2026-03-22T06:40:56.7844617Z Post job cleanup.
test (3.11)	Post Install uv	2026-03-22T06:40:56.9386498Z Pruning cache...
test (3.11)	Post Install uv	2026-03-22T06:40:56.9809377Z Saving cache path: /home/runner/work/_temp/setup-uv-cache
test (3.11)	Post Install uv	2026-03-22T06:40:56.9961427Z [command]/usr/bin/tar --posix -cf cache.tzst --exclude cache.tzst -P -C /home/runner/work/security-tools/security-tools --files-from manifest.txt --use-compress-program zstdmt
test (3.11)	Post Install uv	2026-03-22T06:40:57.2263496Z Failed to save: Unable to reserve cache with key setup-uv-1-x86_64-unknown-linux-gnu-3.12.3-73f3c168b8ed388f7d360c1748af41072e57b3b759ca08e3106af5a7be042240, another job may be creating this cache.
test (3.11)	Post Install uv	2026-03-22T06:40:57.2269651Z cache saved with the key: setup-uv-1-x86_64-unknown-linux-gnu-3.12.3-73f3c168b8ed388f7d360c1748af41072e57b3b759ca08e3106af5a7be042240
test (3.11)	Post Run actions/checkout@v4	﻿2026-03-22T06:40:57.2388365Z Post job cleanup.
test (3.11)	Post Run actions/checkout@v4	2026-03-22T06:40:57.3340922Z [command]/usr/bin/git version
test (3.11)	Post Run actions/checkout@v4	2026-03-22T06:40:57.3377371Z git version 2.53.0
test (3.11)	Post Run actions/checkout@v4	2026-03-22T06:40:57.3414681Z Copying '/home/runner/.gitconfig' to '/home/runner/work/_temp/27ea78db-de4a-4bdc-a9bb-fda588c260a7/.gitconfig'
test (3.11)	Post Run actions/checkout@v4	2026-03-22T06:40:57.3432507Z Temporarily overriding HOME='/home/runner/work/_temp/27ea78db-de4a-4bdc-a9bb-fda588c260a7' before making global git config changes
test (3.11)	Post Run actions/checkout@v4	2026-03-22T06:40:57.3433635Z Adding repository directory to the temporary git global config as a safe directory
test (3.11)	Post Run actions/checkout@v4	2026-03-22T06:40:57.3438342Z [command]/usr/bin/git config --global --add safe.directory /home/runner/work/security-tools/security-tools
test (3.11)	Post Run actions/checkout@v4	2026-03-22T06:40:57.3473153Z [command]/usr/bin/git config --local --name-only --get-regexp core\.sshCommand
test (3.11)	Post Run actions/checkout@v4	2026-03-22T06:40:57.3506405Z [command]/usr/bin/git submodule foreach --recursive sh -c "git config --local --name-only --get-regexp 'core\.sshCommand' && git config --local --unset-all 'core.sshCommand' || :"
test (3.11)	Post Run actions/checkout@v4	2026-03-22T06:40:57.3751147Z [command]/usr/bin/git config --local --name-only --get-regexp http\.https\:\/\/github\.com\/\.extraheader
test (3.11)	Post Run actions/checkout@v4	2026-03-22T06:40:57.3772653Z http.https://github.com/.extraheader
test (3.11)	Post Run actions/checkout@v4	2026-03-22T06:40:57.3785345Z [command]/usr/bin/git config --local --unset-all http.https://github.com/.extraheader
test (3.11)	Post Run actions/checkout@v4	2026-03-22T06:40:57.3816475Z [command]/usr/bin/git submodule foreach --recursive sh -c "git config --local --name-only --get-regexp 'http\.https\:\/\/github\.com\/\.extraheader' && git config --local --unset-all 'http.https://github.com/.extraheader' || :"
test (3.11)	Post Run actions/checkout@v4	2026-03-22T06:40:57.4053248Z [command]/usr/bin/git config --local --name-only --get-regexp ^includeIf\.gitdir:
test (3.11)	Post Run actions/checkout@v4	2026-03-22T06:40:57.4084884Z [command]/usr/bin/git submodule foreach --recursive git config --local --show-origin --name-only --get-regexp remote.origin.url
test (3.11)	Complete job	﻿2026-03-22T06:40:57.4448837Z Cleaning up orphan processes
test (3.11)	Complete job	2026-03-22T06:40:57.4734291Z ##[warning]Node.js 20 actions are deprecated. The following actions are running on Node.js 20 and may not work as expected: actions/checkout@v4, actions/setup-python@v5, astral-sh/setup-uv@v5, codecov/codecov-action@v4. Actions will be forced to run with Node.js 24 by default starting June 2nd, 2026. Please check if updated versions of these actions are available that support Node.js 24. To opt into Node.js 24 now, set the FORCE_JAVASCRIPT_ACTIONS_TO_NODE24=true environment variable on the runner or in your workflow file. Once Node.js 24 becomes the default, you can temporarily opt out by setting ACTIONS_ALLOW_USE_UNSECURE_NODE_VERSION=true. For more information see: https://github.blog/changelog/2025-09-19-deprecation-of-node-20-on-github-actions-runners/
